 PhysX3CookingDEBUG_x64

 Timestamp is 58990725 (Mon Feb  6 16:30:45 2017)

 Preferred load address is 0000000180000000

 Start         Length     Name                   Class
 0001:00000000 00002730H .text$di                CODE
 0001:00002730 0004dd10H .text$mn                CODE
 0001:00050440 00001020H .text$mn$00             CODE
 0001:00051460 0000115fH .text$x                 CODE
 0002:00000000 00000110H .CRT$XCA                DATA
 0002:00000110 000001c0H .CRT$XCU                DATA
 0002:000002d0 00000110H .CRT$XCZ                DATA
 0002:000003e0 00000110H .CRT$XIA                DATA
 0002:000004f0 00000110H .CRT$XIZ                DATA
 0002:00000600 00000110H .CRT$XPA                DATA
 0002:00000710 00000110H .CRT$XPZ                DATA
 0002:00000820 00000110H .CRT$XTA                DATA
 0002:00000930 00000110H .CRT$XTZ                DATA
 0002:00000a40 00004dd0H .rdata                  DATA
 0002:00005810 00000348H .rdata$r                DATA
 0002:00005b58 00000190H .rdata$zzzdbg           DATA
 0002:00005ce8 00000110H .rtc$IAA                DATA
 0002:00005df8 00000208H .rtc$IMZ                DATA
 0002:00006000 00000110H .rtc$IZZ                DATA
 0002:00006110 00000110H .rtc$TAA                DATA
 0002:00006220 00000208H .rtc$TMZ                DATA
 0002:00006428 00000110H .rtc$TZZ                DATA
 0002:00006538 00001ee8H .xdata                  DATA
 0002:00008420 00000210H .xdata$x                DATA
 0002:00008630 000001a0H .edata                  DATA
 0003:00000000 000001e0H .data                   DATA
 0003:000001e0 00000510H .data$r                 DATA
 0003:000006f0 000009f9H .bss                    DATA
 0004:00000000 000025f8H .pdata                  DATA
 0005:00000000 000003e8H .idata$5                DATA
 0005:000003e8 0000003cH .idata$2                DATA
 0005:00000424 00000014H .idata$3                DATA
 0005:00000438 000003e8H .idata$4                DATA
 0005:00000820 00000762H .idata$6                DATA
 0006:00000000 00000020H .didat$2                DATA
 0006:00000020 00000020H .didat$3                DATA
 0006:00000040 00000468H .didat$4                DATA
 0006:000004a8 00000468H .didat$5                DATA
 0006:00000910 00001968H .didat$6                DATA
 0006:00002278 000004c8H .didat$7                DATA
 0007:00000000 00000152H .gfids$y                DATA
 0008:00000000 0000011bH .00cfg                  DATA
 0009:00000000 000001c0H .rsrc$01                DATA
 0009:000001c0 000006a9H .rsrc$02                DATA

  Address         Publics by Value              Rva+Base               Lib:Object

 0000:00000000       ___safe_se_handler_table   0000000000000000     <absolute>
 0000:00000000       __guard_iat_count          0000000000000000     <absolute>
 0000:00000000       __guard_longjmp_count      0000000000000000     <absolute>
 0000:00000000       __guard_fids_count         0000000000000000     <absolute>
 0000:00000000       __guard_longjmp_table      0000000000000000     <absolute>
 0000:00000000       __guard_fids_table         0000000000000000     <absolute>
 0000:00000000       ___safe_se_handler_count   0000000000000000     <absolute>
 0000:00000000       __dynamic_value_reloc_table 0000000000000000     <absolute>
 0000:00000000       __guard_iat_table          0000000000000000     <absolute>
 0000:00000100       __guard_flags              0000000000000100     <absolute>
 0000:00000000       __ImageBase                0000000180000000     <linker-defined>
 0001:00002730       PxSetPhysXCookingDelayLoadHook 0000000180003730 f   WindowsCookingDelayLoadHook.obj
 0001:00002750       ?delayHook@@YAP6A_JXZIPEAUDelayLoadInfo@@@Z 0000000180003750 f   WindowsCookingDelayLoadHook.obj
 0001:00002800       ?loadLibrary@shdfnd@physx@@YAPEAUHINSTANCE__@@PEBD@Z 0000000180003800 f i WindowsCookingDelayLoadHook.obj
 0001:00002820       ?physXCommonDliNotePreLoadLibrary@shdfnd@physx@@YAP6A_JXZPEBDPEBVPxDelayLoadHook@2@@Z 0000000180003820 f i WindowsCookingDelayLoadHook.obj
 0001:00002d80       ?strstr@@YAPEADQEADQEBD@Z  0000000180003d80 f i WindowsCookingDelayLoadHook.obj
 0001:00002db0       ?saveHeightField@physx@@YA_NAEBVHeightField@Gu@1@AEAVPxOutputStream@1@_N@Z 0000000180003db0 f   HeightFieldCooking.obj
 0001:000032d0       ??B?$PxFlags@W4Enum@PxHeightFieldFlag@physx@@G@physx@@QEBAGXZ 00000001800042d0 f i HeightFieldCooking.obj
 0001:000032f0       ?__empty_global_delete@@YAXPEAX@Z 00000001800042f0 f i HeightFieldCooking.obj
 0001:00003300       ?__global_array_delete@@YAXPEAX_K@Z 0000000180004300 f i HeightFieldCooking.obj
 0001:00003300       ?__global_delete@@YAXPEAX_K@Z 0000000180004300 f i HeightFieldCooking.obj
 0001:00003300       ?__empty_global_delete@@YAXPEAX_K@Z 0000000180004300 f i HeightFieldCooking.obj
 0001:00003310       ?getData@HeightField@Gu@physx@@QEBAAEBUHeightFieldData@23@XZ 0000000180004310 f i HeightFieldCooking.obj
 0001:00003330       ?buildFromTriangles@RTreeCooker@physx@@SAXAEAURTree@Gu@2@PEBVPxVec3@2@IPEBGPEBIIAEAV?$Array@IVNamedAllocator@shdfnd@physx@@@shdfnd@2@PEAURemapCallback@12@MW4Enum@PxMeshCookingHint@2@@Z 0000000180004330 f   RTreeCooking.obj
 0001:000051a0       ??$PX_UNUSED@I@@YAXAEBI@Z  00000001800061a0 f i RTreeCooking.obj
 0001:000051b0       ??$PX_UNUSED@M@@YAXAEBM@Z  00000001800061b0 f i RTreeCooking.obj
 0001:000051c0       ??$PX_UNUSED@PEAURTreeNodeNQ@physx@@@@YAXAEBQEAURTreeNodeNQ@physx@@@Z 00000001800061c0 f i RTreeCooking.obj
 0001:000051d0       ??$PX_UNUSED@URTreeNodeNQ@physx@@@@YAXAEBURTreeNodeNQ@physx@@@Z 00000001800061d0 f i RTreeCooking.obj
 0001:000051e0       ??$PxMax@H@physx@@YAHHH@Z  00000001800061e0 f i RTreeCooking.obj
 0001:00005220       ??$PxMax@I@physx@@YAIII@Z  0000000180006220 f i RTreeCooking.obj
 0001:00005260       ??$PxMax@M@physx@@YAMMM@Z  0000000180006260 f i RTreeCooking.obj
 0001:00005290       ??$PxMin@I@physx@@YAIII@Z  0000000180006290 f i RTreeCooking.obj
 0001:000052d0       ??$PxMin@M@physx@@YAMMM@Z  00000001800062d0 f i RTreeCooking.obj
 0001:00005300       ??$median3@I$$CBU?$Less@I@shdfnd@physx@@@internal@shdfnd@physx@@YAXPEAIHHAEBU?$Less@I@12@@Z 0000000180006300 f i RTreeCooking.obj
 0001:000054c0       ??$median3@I$$CBUSortBoundsPredicate@physx@@@internal@shdfnd@physx@@YAXPEAIHHAEBUSortBoundsPredicate@2@@Z 00000001800064c0 f i RTreeCooking.obj
 0001:00005680       ??$partition@I$$CBU?$Less@I@shdfnd@physx@@@internal@shdfnd@physx@@YAHPEAIHHAEBU?$Less@I@12@@Z 0000000180006680 f i RTreeCooking.obj
 0001:000058f0       ??$partition@I$$CBUSortBoundsPredicate@physx@@@internal@shdfnd@physx@@YAHPEAIHHAEBUSortBoundsPredicate@2@@Z 00000001800068f0 f i RTreeCooking.obj
 0001:00005b60       ??$partition@UBoundsLTE@physx@@@quickSelect@physx@@YAIPEIAIIIIAEBUBoundsLTE@1@@Z 0000000180006b60 f i RTreeCooking.obj
 0001:00005f80       ??$quickSelectFirstK@UBoundsLTE@physx@@@quickSelect@physx@@YAXPEIAIIIIAEBUBoundsLTE@1@@Z 0000000180006f80 f i RTreeCooking.obj
 0001:00006130       ??$smallSort@I$$CBU?$Less@I@shdfnd@physx@@@internal@shdfnd@physx@@YAXPEAIHHAEBU?$Less@I@12@@Z 0000000180007130 f i RTreeCooking.obj
 0001:00006240       ??$smallSort@I$$CBUSortBoundsPredicate@physx@@@internal@shdfnd@physx@@YAXPEAIHHAEBUSortBoundsPredicate@2@@Z 0000000180007240 f i RTreeCooking.obj
 0001:00006350       ??$sort@I@shdfnd@physx@@YAXPEAII@Z 0000000180007350 f i RTreeCooking.obj
 0001:000063b0       ??$sort@IU?$Less@I@shdfnd@physx@@VNamedAllocator@23@@shdfnd@physx@@YAXPEAIIAEBU?$Less@I@01@AEBVNamedAllocator@01@I@Z 00000001800073b0 f i RTreeCooking.obj
 0001:00006770       ??$sort@IUSortBoundsPredicate@physx@@@shdfnd@physx@@YAXPEAIIAEBUSortBoundsPredicate@1@@Z 0000000180007770 f i RTreeCooking.obj
 0001:000067d0       ??$sort@IUSortBoundsPredicate@physx@@VNamedAllocator@shdfnd@2@@shdfnd@physx@@YAXPEAIIAEBUSortBoundsPredicate@1@AEBVNamedAllocator@01@I@Z 00000001800077d0 f i RTreeCooking.obj
 0001:00006b90       ??$swap@I@shdfnd@physx@@YAXAEAI0@Z 0000000180007b90 f i RTreeCooking.obj
 0001:00006be0       ??0?$AlignedAllocator@$0IA@VAllocator@shdfnd@physx@@@shdfnd@physx@@QEAA@AEBVAllocator@12@@Z 0000000180007be0 f i RTreeCooking.obj
 0001:00006c00       ??0?$Array@IVNamedAllocator@shdfnd@physx@@@shdfnd@physx@@QEAA@IAEBIAEBVNamedAllocator@12@@Z 0000000180007c00 f i RTreeCooking.obj
 0001:00006c90       ??0?$Array@UInterval@physx@@V?$InlineAllocator@$0CA@VNamedAllocator@shdfnd@physx@@@shdfnd@2@@shdfnd@physx@@QEAA@AEBV?$InlineAllocator@$0CA@VNamedAllocator@shdfnd@physx@@@12@@Z 0000000180007c90 f i RTreeCooking.obj
 0001:00006cf0       ??0?$Array@UPxBounds3V@physx@@VNamedAllocator@shdfnd@2@@shdfnd@physx@@QEAA@AEBVNamedAllocator@12@@Z 0000000180007cf0 f i RTreeCooking.obj
 0001:00006d50       ??0?$Array@URTreeNodeNQ@physx@@VNamedAllocator@shdfnd@2@@shdfnd@physx@@QEAA@AEBVNamedAllocator@12@@Z 0000000180007d50 f i RTreeCooking.obj
 0001:00006db0       ??0?$Array@URTreeNodeQ@Gu@physx@@VNamedAllocator@shdfnd@3@@shdfnd@physx@@QEAA@AEBVNamedAllocator@12@@Z 0000000180007db0 f i RTreeCooking.obj
 0001:00006e10       ??0?$Array@VPxVec3@physx@@VNamedAllocator@shdfnd@2@@shdfnd@physx@@QEAA@AEBVNamedAllocator@12@@Z 0000000180007e10 f i RTreeCooking.obj
 0001:00006e70       ??0?$InlineAllocator@$0CA@VNamedAllocator@shdfnd@physx@@@shdfnd@physx@@QEAA@AEBV012@@Z 0000000180007e70 f i RTreeCooking.obj
 0001:00006eb0       ??0?$InlineAllocator@$0CA@VNamedAllocator@shdfnd@physx@@@shdfnd@physx@@QEAA@AEBVNamedAllocator@12@@Z 0000000180007eb0 f i RTreeCooking.obj
 0001:00006ef0       ??0?$InlineArray@UInterval@physx@@$03VNamedAllocator@shdfnd@2@@shdfnd@physx@@QEAA@AEBVNamedAllocator@12@@Z 0000000180007ef0 f i RTreeCooking.obj
 0001:00006f70       ??0?$ScopedPointer@HVTempAllocator@shdfnd@physx@@@shdfnd@physx@@QEAA@XZ 0000000180007f70 f i RTreeCooking.obj
 0001:00006fa0       ??0?$Stack@VNamedAllocator@shdfnd@physx@@@internal@shdfnd@physx@@QEAA@PEAHIAEBVNamedAllocator@23@@Z 0000000180007fa0 f i RTreeCooking.obj
 0001:00007020       ??0BoundsLTE@physx@@QEAA@IPEBVPxVec3@1@@Z 0000000180008020 f i RTreeCooking.obj
 0001:00007060       ??0Interval@physx@@QEAA@II@Z 0000000180008060 f i RTreeCooking.obj
 0001:000070a0       ??0PxBounds3@physx@@QEAA@AEBV01@@Z 00000001800080a0 f i RTreeCooking.obj
 0001:00007100       ??0PxBounds3@physx@@QEAA@AEBVPxVec3@1@0@Z 0000000180008100 f i RTreeCooking.obj
 0001:00007160       ??0PxBounds3V@physx@@QEAA@AEAT__m128@@0@Z 0000000180008160 f i RTreeCooking.obj
 0001:000071b0       ??0PxBounds3V@physx@@QEAA@UU@01@@Z 00000001800081b0 f i RTreeCooking.obj
 0001:000071d0       ??0PxVec3@physx@@QEAA@AEBV01@@Z 00000001800081d0 f i RTreeCooking.obj
 0001:00007230       ??0PxVec3@physx@@QEAA@M@Z  0000000180008230 f i RTreeCooking.obj
 0001:00007280       ??0PxVec3@physx@@QEAA@MMM@Z 0000000180008280 f i RTreeCooking.obj
 0001:000072e0       ??0PxVec4@physx@@QEAA@AEBVPxVec3@1@M@Z 00000001800082e0 f i RTreeCooking.obj
 0001:00007360       ??0PxVec4@physx@@QEAA@M@Z  0000000180008360 f i RTreeCooking.obj
 0001:000073d0       ??0PxVec4@physx@@QEAA@MMMM@Z 00000001800083d0 f i RTreeCooking.obj
 0001:00007450       ??0RTreeNodeNQ@physx@@QEAA@AEBU01@@Z 0000000180008450 f i RTreeCooking.obj
 0001:000074b0       ??0RTreeNodeNQ@physx@@QEAA@XZ 00000001800084b0 f i RTreeCooking.obj
 0001:00007500       ??0SortBoundsPredicate@physx@@QEAA@IPEBUPxBounds3V@1@@Z 0000000180008500 f i RTreeCooking.obj
 0001:00007540       ??0SubSortQuick@physx@@QEAA@PEAIPEBUPxBounds3V@1@IM@Z 0000000180008540 f i RTreeCooking.obj
 0001:000076f0       ??0SubSortSAH@physx@@QEAA@PEAIPEBUPxBounds3V@1@IPEBI22222M@Z 00000001800086f0 f i RTreeCooking.obj
 0001:00007960       ??1?$Array@IVNamedAllocator@shdfnd@physx@@@shdfnd@physx@@QEAA@XZ 0000000180008960 f i RTreeCooking.obj
 0001:000079f0       ??1?$Array@UInterval@physx@@V?$InlineAllocator@$0CA@VNamedAllocator@shdfnd@physx@@@shdfnd@2@@shdfnd@physx@@QEAA@XZ 00000001800089f0 f i RTreeCooking.obj
 0001:00007a80       ??1?$Array@UPxBounds3V@physx@@VNamedAllocator@shdfnd@2@@shdfnd@physx@@QEAA@XZ 0000000180008a80 f i RTreeCooking.obj
 0001:00007b10       ??1?$Array@URTreeNodeNQ@physx@@VNamedAllocator@shdfnd@2@@shdfnd@physx@@QEAA@XZ 0000000180008b10 f i RTreeCooking.obj
 0001:00007ba0       ??1?$Array@URTreeNodeQ@Gu@physx@@VNamedAllocator@shdfnd@3@@shdfnd@physx@@QEAA@XZ 0000000180008ba0 f i RTreeCooking.obj
 0001:00007c30       ??1?$Array@VPxVec3@physx@@VNamedAllocator@shdfnd@2@@shdfnd@physx@@QEAA@XZ 0000000180008c30 f i RTreeCooking.obj
 0001:00007cc0       ??1?$InlineAllocator@$0CA@VNamedAllocator@shdfnd@physx@@@shdfnd@physx@@QEAA@XZ 0000000180008cc0 f i RTreeCooking.obj
 0001:00007ce0       ??1?$InlineArray@UInterval@physx@@$03VNamedAllocator@shdfnd@2@@shdfnd@physx@@QEAA@XZ 0000000180008ce0 f i RTreeCooking.obj
 0001:00007d00       ??1?$ScopedPointer@HVTempAllocator@shdfnd@physx@@@shdfnd@physx@@QEAA@XZ 0000000180008d00 f i RTreeCooking.obj
 0001:00007d40       ??1?$Stack@VNamedAllocator@shdfnd@physx@@@internal@shdfnd@physx@@QEAA@XZ 0000000180008d40 f i RTreeCooking.obj
 0001:00007d90       ??1SubSortQuick@physx@@QEAA@XZ 0000000180008d90 f i RTreeCooking.obj
 0001:00007dc0       ??1SubSortSAH@physx@@QEAA@XZ 0000000180008dc0 f i RTreeCooking.obj
 0001:00007e90       ??2@YAPEAX_KPEAX@Z         0000000180008e90 f i RTreeCooking.obj
 0001:00007eb0       ??4PxVec3@physx@@QEAAAEAV01@AEBV01@@Z 0000000180008eb0 f i RTreeCooking.obj
 0001:00007f10       ??4PxVec4@physx@@QEAAAEAV01@AEBV01@@Z 0000000180008f10 f i RTreeCooking.obj
 0001:00007f90       ??A?$Array@IVNamedAllocator@shdfnd@physx@@@shdfnd@physx@@QEAAAEAII@Z 0000000180008f90 f i RTreeCooking.obj
 0001:00008030       ??A?$Array@UInterval@physx@@V?$InlineAllocator@$0CA@VNamedAllocator@shdfnd@physx@@@shdfnd@2@@shdfnd@physx@@QEAAAEAUInterval@2@I@Z 0000000180009030 f i RTreeCooking.obj
 0001:000080d0       ??A?$Array@URTreeNodeNQ@physx@@VNamedAllocator@shdfnd@2@@shdfnd@physx@@QEAAAEAURTreeNodeNQ@2@I@Z 00000001800090d0 f i RTreeCooking.obj
 0001:00008170       ??A?$Array@URTreeNodeQ@Gu@physx@@VNamedAllocator@shdfnd@3@@shdfnd@physx@@QEAAAEAURTreeNodeQ@Gu@2@I@Z 0000000180009170 f i RTreeCooking.obj
 0001:00008210       ??APxVec3@physx@@QEBAAEBMI@Z 0000000180009210 f i RTreeCooking.obj
 0001:000082a0       ??B?$ScopedPointer@HVTempAllocator@shdfnd@physx@@@shdfnd@physx@@QEBAPEAHXZ 00000001800092a0 f i RTreeCooking.obj
 0001:000082c0       ??GPxVec4@physx@@QEBA?AV01@AEBV01@@Z 00000001800092c0 f i RTreeCooking.obj
 0001:00008370       ??HPxVec3@physx@@QEBA?AV01@AEBV01@@Z 0000000180009370 f i RTreeCooking.obj
 0001:00008410       ??KPxVec4@physx@@QEBA?AV01@M@Z 0000000180009410 f i RTreeCooking.obj
 0001:000084d0       ??R?$Less@I@shdfnd@physx@@QEBA_NAEBI0@Z 00000001800094d0 f i RTreeCooking.obj
 0001:00008520       ??RBoundsLTE@physx@@QEBA_NAEBI0@Z 0000000180009520 f i RTreeCooking.obj
 0001:000085e0       ??RSortBoundsPredicate@physx@@QEBA_NAEBI0@Z 00000001800095e0 f i RTreeCooking.obj
 0001:00008760       ?FLoad@aos@shdfnd@physx@@YA?AT__m128@@M@Z 0000000180009760 f i RTreeCooking.obj
 0001:00008790       ?FMax@aos@shdfnd@physx@@YA?AT__m128@@XZ 0000000180009790 f i RTreeCooking.obj
 0001:000087c0       ?FNegMax@aos@shdfnd@physx@@YA?AT__m128@@XZ 00000001800097c0 f i RTreeCooking.obj
 0001:000087f0       ?FStore@aos@shdfnd@physx@@YAXT__m128@@PEIAM@Z 00000001800097f0 f i RTreeCooking.obj
 0001:00008820       ?PxAbs@physx@@YAHH@Z       0000000180009820 f i RTreeCooking.obj
 0001:00008840       ?PxIsFinite@physx@@YA_NM@Z 0000000180009840 f i RTreeCooking.obj
 0001:00008860       ?PxMemCopy@physx@@YAPEAXPEIAXPEIBXI@Z 0000000180009860 f i RTreeCooking.obj
 0001:000088a0       ?V3Add@aos@shdfnd@physx@@YA?AT__m128@@T4@0@Z 00000001800098a0 f i RTreeCooking.obj
 0001:000088e0       ?V3Dot@aos@shdfnd@physx@@YA?AT__m128@@T4@0@Z 00000001800098e0 f i RTreeCooking.obj
 0001:000089d0       ?V3Load@aos@shdfnd@physx@@YA?AT__m128@@M@Z 00000001800099d0 f i RTreeCooking.obj
 0001:00008a20       ?V3LoadU@aos@shdfnd@physx@@YA?AT__m128@@AEBVPxVec3@3@@Z 0000000180009a20 f i RTreeCooking.obj
 0001:00008a80       ?V3Max@aos@shdfnd@physx@@YA?AT__m128@@T4@0@Z 0000000180009a80 f i RTreeCooking.obj
 0001:00008ac0       ?V3Min@aos@shdfnd@physx@@YA?AT__m128@@T4@0@Z 0000000180009ac0 f i RTreeCooking.obj
 0001:00008b00       ?V3PermZXY@aos@shdfnd@physx@@YA?AT__m128@@T4@@Z 0000000180009b00 f i RTreeCooking.obj
 0001:00008b30       ?V3ReadXYZ@aos@shdfnd@physx@@YAAEBVPxVec3@3@AEBT__m128@@@Z 0000000180009b30 f i RTreeCooking.obj
 0001:00008b40       ?V3Splat@aos@shdfnd@physx@@YA?AT__m128@@T4@@Z 0000000180009b40 f i RTreeCooking.obj
 0001:00008bb0       ?V3StoreA@aos@shdfnd@physx@@YAXT__m128@@AEAVPxVec3@3@@Z 0000000180009bb0 f i RTreeCooking.obj
 0001:00008c30       ?V3Sub@aos@shdfnd@physx@@YA?AT__m128@@T4@0@Z 0000000180009c30 f i RTreeCooking.obj
 0001:00008c70       ?V3Zero@aos@shdfnd@physx@@YA?AT__m128@@XZ 0000000180009c70 f i RTreeCooking.obj
 0001:00008c90       ?V4ClearW@aos@shdfnd@physx@@YA?AT__m128@@T4@@Z 0000000180009c90 f i RTreeCooking.obj
 0001:00008cc0       ?V4Load@aos@shdfnd@physx@@YA?AT__m128@@M@Z 0000000180009cc0 f i RTreeCooking.obj
 0001:00008cf0       ?Vec3V_From_FloatV@aos@shdfnd@physx@@YA?AT__m128@@T4@@Z 0000000180009cf0 f i RTreeCooking.obj
 0001:00008d50       ?Vec3V_From_Vec4V@aos@shdfnd@physx@@YA?AT__m128@@T4@@Z 0000000180009d50 f i RTreeCooking.obj
 0001:00008d90       ?Vec4V_From_FloatV@aos@shdfnd@physx@@YA?AT__m128@@T4@@Z 0000000180009d90 f i RTreeCooking.obj
 0001:00008db0       ?allocate@?$AlignedAllocator@$0IA@VAllocator@shdfnd@physx@@@shdfnd@physx@@QEAAPEAX_KPEBDH@Z 0000000180009db0 f i RTreeCooking.obj
 0001:00008e80       ?allocate@?$Array@IVNamedAllocator@shdfnd@physx@@@shdfnd@physx@@IEAAPEAII@Z 0000000180009e80 f i RTreeCooking.obj
 0001:00008f30       ?allocate@?$Array@UInterval@physx@@V?$InlineAllocator@$0CA@VNamedAllocator@shdfnd@physx@@@shdfnd@2@@shdfnd@physx@@IEAAPEAUInterval@3@I@Z 0000000180009f30 f i RTreeCooking.obj
 0001:00008fe0       ?allocate@?$Array@UPxBounds3V@physx@@VNamedAllocator@shdfnd@2@@shdfnd@physx@@IEAAPEAUPxBounds3V@3@I@Z 0000000180009fe0 f i RTreeCooking.obj
 0001:00009090       ?allocate@?$Array@URTreeNodeNQ@physx@@VNamedAllocator@shdfnd@2@@shdfnd@physx@@IEAAPEAURTreeNodeNQ@3@I@Z 000000018000a090 f i RTreeCooking.obj
 0001:00009140       ?allocate@?$Array@URTreeNodeQ@Gu@physx@@VNamedAllocator@shdfnd@3@@shdfnd@physx@@IEAAPEAURTreeNodeQ@Gu@3@I@Z 000000018000a140 f i RTreeCooking.obj
 0001:000091f0       ?allocate@?$Array@VPxVec3@physx@@VNamedAllocator@shdfnd@2@@shdfnd@physx@@IEAAPEAVPxVec3@3@I@Z 000000018000a1f0 f i RTreeCooking.obj
 0001:000092a0       ?allocate@?$InlineAllocator@$0CA@VNamedAllocator@shdfnd@physx@@@shdfnd@physx@@QEAAPEAXIPEBDH@Z 000000018000a2a0 f i RTreeCooking.obj
 0001:00009320       ?begin@?$Array@IVNamedAllocator@shdfnd@physx@@@shdfnd@physx@@QEAAPEAIXZ 000000018000a320 f i RTreeCooking.obj
 0001:00009340       ?begin@?$Array@UPxBounds3V@physx@@VNamedAllocator@shdfnd@2@@shdfnd@physx@@QEAAPEAUPxBounds3V@3@XZ 000000018000a340 f i RTreeCooking.obj
 0001:00009360       ?begin@?$Array@VPxVec3@physx@@VNamedAllocator@shdfnd@2@@shdfnd@physx@@QEAAPEAVPxVec3@3@XZ 000000018000a360 f i RTreeCooking.obj
 0001:00009380       ?capacity@?$Array@IVNamedAllocator@shdfnd@physx@@@shdfnd@physx@@QEBAIXZ 000000018000a380 f i RTreeCooking.obj
 0001:000093a0       ?capacity@?$Array@UInterval@physx@@V?$InlineAllocator@$0CA@VNamedAllocator@shdfnd@physx@@@shdfnd@2@@shdfnd@physx@@QEBAIXZ 000000018000a3a0 f i RTreeCooking.obj
 0001:000093c0       ?capacity@?$Array@UPxBounds3V@physx@@VNamedAllocator@shdfnd@2@@shdfnd@physx@@QEBAIXZ 000000018000a3c0 f i RTreeCooking.obj
 0001:000093e0       ?capacity@?$Array@URTreeNodeNQ@physx@@VNamedAllocator@shdfnd@2@@shdfnd@physx@@QEBAIXZ 000000018000a3e0 f i RTreeCooking.obj
 0001:00009400       ?capacity@?$Array@URTreeNodeQ@Gu@physx@@VNamedAllocator@shdfnd@3@@shdfnd@physx@@QEBAIXZ 000000018000a400 f i RTreeCooking.obj
 0001:00009420       ?capacity@?$Array@VPxVec3@physx@@VNamedAllocator@shdfnd@2@@shdfnd@physx@@QEBAIXZ 000000018000a420 f i RTreeCooking.obj
 0001:00009440       ?capacityIncrement@?$Array@IVNamedAllocator@shdfnd@physx@@@shdfnd@physx@@IEBAIXZ 000000018000a440 f i RTreeCooking.obj
 0001:00009490       ?capacityIncrement@?$Array@UInterval@physx@@V?$InlineAllocator@$0CA@VNamedAllocator@shdfnd@physx@@@shdfnd@2@@shdfnd@physx@@IEBAIXZ 000000018000a490 f i RTreeCooking.obj
 0001:000094e0       ?capacityIncrement@?$Array@UPxBounds3V@physx@@VNamedAllocator@shdfnd@2@@shdfnd@physx@@IEBAIXZ 000000018000a4e0 f i RTreeCooking.obj
 0001:00009530       ?capacityIncrement@?$Array@URTreeNodeNQ@physx@@VNamedAllocator@shdfnd@2@@shdfnd@physx@@IEBAIXZ 000000018000a530 f i RTreeCooking.obj
 0001:00009580       ?capacityIncrement@?$Array@URTreeNodeQ@Gu@physx@@VNamedAllocator@shdfnd@3@@shdfnd@physx@@IEBAIXZ 000000018000a580 f i RTreeCooking.obj
 0001:000095d0       ?capacityIncrement@?$Array@VPxVec3@physx@@VNamedAllocator@shdfnd@2@@shdfnd@physx@@IEBAIXZ 000000018000a5d0 f i RTreeCooking.obj
 0001:00009620       ?computeSA@SubSortSAH@physx@@QEAAMPEBIAEBUInterval@2@@Z 000000018000a620 f i RTreeCooking.obj
 0001:000098b0       ?copy@?$Array@IVNamedAllocator@shdfnd@physx@@@shdfnd@physx@@KAXPEAI0PEBI@Z 000000018000a8b0 f i RTreeCooking.obj
 0001:00009960       ?copy@?$Array@UInterval@physx@@V?$InlineAllocator@$0CA@VNamedAllocator@shdfnd@physx@@@shdfnd@2@@shdfnd@physx@@KAXPEAUInterval@3@0PEBU43@@Z 000000018000a960 f i RTreeCooking.obj
 0001:00009a10       ?copy@?$Array@UPxBounds3V@physx@@VNamedAllocator@shdfnd@2@@shdfnd@physx@@KAXPEAUPxBounds3V@3@0PEBU43@@Z 000000018000aa10 f i RTreeCooking.obj
 0001:00009ac0       ?copy@?$Array@URTreeNodeNQ@physx@@VNamedAllocator@shdfnd@2@@shdfnd@physx@@KAXPEAURTreeNodeNQ@3@0PEBU43@@Z 000000018000aac0 f i RTreeCooking.obj
 0001:00009b60       ?copy@?$Array@URTreeNodeQ@Gu@physx@@VNamedAllocator@shdfnd@3@@shdfnd@physx@@KAXPEAURTreeNodeQ@Gu@3@0PEBU453@@Z 000000018000ab60 f i RTreeCooking.obj
 0001:00009c10       ?copy@?$Array@VPxVec3@physx@@VNamedAllocator@shdfnd@2@@shdfnd@physx@@KAXPEAVPxVec3@3@0PEBV43@@Z 000000018000ac10 f i RTreeCooking.obj
 0001:00009cb0       ?create@?$Array@IVNamedAllocator@shdfnd@physx@@@shdfnd@physx@@KAXPEAI0AEBI@Z 000000018000acb0 f i RTreeCooking.obj
 0001:00009d50       ?deallocate@?$Array@IVNamedAllocator@shdfnd@physx@@@shdfnd@physx@@IEAAXPEAX@Z 000000018000ad50 f i RTreeCooking.obj
 0001:00009d80       ?deallocate@?$Array@UInterval@physx@@V?$InlineAllocator@$0CA@VNamedAllocator@shdfnd@physx@@@shdfnd@2@@shdfnd@physx@@IEAAXPEAX@Z 000000018000ad80 f i RTreeCooking.obj
 0001:00009db0       ?deallocate@?$Array@UPxBounds3V@physx@@VNamedAllocator@shdfnd@2@@shdfnd@physx@@IEAAXPEAX@Z 000000018000adb0 f i RTreeCooking.obj
 0001:00009de0       ?deallocate@?$Array@URTreeNodeNQ@physx@@VNamedAllocator@shdfnd@2@@shdfnd@physx@@IEAAXPEAX@Z 000000018000ade0 f i RTreeCooking.obj
 0001:00009e10       ?deallocate@?$Array@URTreeNodeQ@Gu@physx@@VNamedAllocator@shdfnd@3@@shdfnd@physx@@IEAAXPEAX@Z 000000018000ae10 f i RTreeCooking.obj
 0001:00009e40       ?deallocate@?$Array@VPxVec3@physx@@VNamedAllocator@shdfnd@2@@shdfnd@physx@@IEAAXPEAX@Z 000000018000ae40 f i RTreeCooking.obj
 0001:00009e70       ?deallocate@?$InlineAllocator@$0CA@VNamedAllocator@shdfnd@physx@@@shdfnd@physx@@QEAAXPEAX@Z 000000018000ae70 f i RTreeCooking.obj
 0001:00009ec0       ?destroy@?$Array@IVNamedAllocator@shdfnd@physx@@@shdfnd@physx@@KAXPEAI0@Z 000000018000aec0 f i RTreeCooking.obj
 0001:00009f00       ?destroy@?$Array@UInterval@physx@@V?$InlineAllocator@$0CA@VNamedAllocator@shdfnd@physx@@@shdfnd@2@@shdfnd@physx@@KAXPEAUInterval@3@0@Z 000000018000af00 f i RTreeCooking.obj
 0001:00009f40       ?destroy@?$Array@UPxBounds3V@physx@@VNamedAllocator@shdfnd@2@@shdfnd@physx@@KAXPEAUPxBounds3V@3@0@Z 000000018000af40 f i RTreeCooking.obj
 0001:00009f80       ?destroy@?$Array@URTreeNodeNQ@physx@@VNamedAllocator@shdfnd@2@@shdfnd@physx@@KAXPEAURTreeNodeNQ@3@0@Z 000000018000af80 f i RTreeCooking.obj
 0001:00009fc0       ?destroy@?$Array@URTreeNodeQ@Gu@physx@@VNamedAllocator@shdfnd@3@@shdfnd@physx@@KAXPEAURTreeNodeQ@Gu@3@0@Z 000000018000afc0 f i RTreeCooking.obj
 0001:0000a000       ?destroy@?$Array@VPxVec3@physx@@VNamedAllocator@shdfnd@2@@shdfnd@physx@@KAXPEAVPxVec3@3@0@Z 000000018000b000 f i RTreeCooking.obj
 0001:0000a040       ?empty@?$Stack@VNamedAllocator@shdfnd@physx@@@internal@shdfnd@physx@@QEAA_NXZ 000000018000b040 f i RTreeCooking.obj
 0001:0000a080       ?empty@PxBounds3@physx@@SA?AV12@XZ 000000018000b080 f i RTreeCooking.obj
 0001:0000a0f0       ?getExtents@PxBounds3V@physx@@QEBA?AT__m128@@XZ 000000018000b0f0 f i RTreeCooking.obj
 0001:0000a160       ?getMaxVec3@PxBounds3V@physx@@QEBAAEBVPxVec3@2@XZ 000000018000b160 f i RTreeCooking.obj
 0001:0000a180       ?getMinVec3@PxBounds3V@physx@@QEBAAEBVPxVec3@2@XZ 000000018000b180 f i RTreeCooking.obj
 0001:0000a190       ?grow@?$Array@IVNamedAllocator@shdfnd@physx@@@shdfnd@physx@@IEAAXI@Z 000000018000b190 f i RTreeCooking.obj
 0001:0000a230       ?grow@?$Array@UPxBounds3V@physx@@VNamedAllocator@shdfnd@2@@shdfnd@physx@@IEAAXI@Z 000000018000b230 f i RTreeCooking.obj
 0001:0000a2d0       ?grow@?$Array@URTreeNodeNQ@physx@@VNamedAllocator@shdfnd@2@@shdfnd@physx@@IEAAXI@Z 000000018000b2d0 f i RTreeCooking.obj
 0001:0000a370       ?grow@?$Array@URTreeNodeQ@Gu@physx@@VNamedAllocator@shdfnd@3@@shdfnd@physx@@IEAAXI@Z 000000018000b370 f i RTreeCooking.obj
 0001:0000a410       ?grow@?$Array@VPxVec3@physx@@VNamedAllocator@shdfnd@2@@shdfnd@physx@@IEAAXI@Z 000000018000b410 f i RTreeCooking.obj
 0001:0000a4b0       ?grow@?$Stack@VNamedAllocator@shdfnd@physx@@@internal@shdfnd@physx@@QEAAXXZ 000000018000b4b0 f i RTreeCooking.obj
 0001:0000a590       ?growAndPushBack@?$Array@IVNamedAllocator@shdfnd@physx@@@shdfnd@physx@@IEAAAEAIAEBI@Z 000000018000b590 f i RTreeCooking.obj
 0001:0000a7a0       ?growAndPushBack@?$Array@UInterval@physx@@V?$InlineAllocator@$0CA@VNamedAllocator@shdfnd@physx@@@shdfnd@2@@shdfnd@physx@@IEAAAEAUInterval@3@AEBU43@@Z 000000018000b7a0 f i RTreeCooking.obj
 0001:0000a9b0       ?growAndPushBack@?$Array@UPxBounds3V@physx@@VNamedAllocator@shdfnd@2@@shdfnd@physx@@IEAAAEAUPxBounds3V@3@AEBU43@@Z 000000018000b9b0 f i RTreeCooking.obj
 0001:0000ac10       ?growAndPushBack@?$Array@URTreeNodeNQ@physx@@VNamedAllocator@shdfnd@2@@shdfnd@physx@@IEAAAEAURTreeNodeNQ@3@AEBU43@@Z 000000018000bc10 f i RTreeCooking.obj
 0001:0000ae20       ?growAndPushBack@?$Array@URTreeNodeQ@Gu@physx@@VNamedAllocator@shdfnd@3@@shdfnd@physx@@IEAAAEAURTreeNodeQ@Gu@3@AEBU453@@Z 000000018000be20 f i RTreeCooking.obj
 0001:0000b080       ?growAndPushBack@?$Array@VPxVec3@physx@@VNamedAllocator@shdfnd@2@@shdfnd@physx@@IEAAAEAVPxVec3@3@AEBV43@@Z 000000018000c080 f i RTreeCooking.obj
 0001:0000b290       ?include@PxBounds3V@physx@@QEAAXAEBU12@@Z 000000018000c290 f i RTreeCooking.obj
 0001:0000b360       ?isFinite@PxBounds3@physx@@QEBA_NXZ 000000018000c360 f i RTreeCooking.obj
 0001:0000b3d0       ?isFinite@PxVec3@physx@@QEBA_NXZ 000000018000c3d0 f i RTreeCooking.obj
 0001:0000b450       ?isFinite@intrinsics@physx@@YA_NM@Z 000000018000c450 f i RTreeCooking.obj
 0001:0000b4a0       ?isInUserMemory@?$Array@IVNamedAllocator@shdfnd@physx@@@shdfnd@physx@@QEBAIXZ 000000018000c4a0 f i RTreeCooking.obj
 0001:0000b4c0       ?isInUserMemory@?$Array@UInterval@physx@@V?$InlineAllocator@$0CA@VNamedAllocator@shdfnd@physx@@@shdfnd@2@@shdfnd@physx@@QEBAIXZ 000000018000c4c0 f i RTreeCooking.obj
 0001:0000b4e0       ?isInUserMemory@?$Array@UPxBounds3V@physx@@VNamedAllocator@shdfnd@2@@shdfnd@physx@@QEBAIXZ 000000018000c4e0 f i RTreeCooking.obj
 0001:0000b500       ?isInUserMemory@?$Array@URTreeNodeNQ@physx@@VNamedAllocator@shdfnd@2@@shdfnd@physx@@QEBAIXZ 000000018000c500 f i RTreeCooking.obj
 0001:0000b520       ?isInUserMemory@?$Array@URTreeNodeQ@Gu@physx@@VNamedAllocator@shdfnd@3@@shdfnd@physx@@QEBAIXZ 000000018000c520 f i RTreeCooking.obj
 0001:0000b540       ?isInUserMemory@?$Array@VPxVec3@physx@@VNamedAllocator@shdfnd@2@@shdfnd@physx@@QEBAIXZ 000000018000c540 f i RTreeCooking.obj
 0001:0000b560       ?isInside@PxBounds3@physx@@QEBA_NAEBV12@@Z 000000018000c560 f i RTreeCooking.obj
 0001:0000b6c0       ?isLeaf@RTreeNodeQ@Gu@physx@@QEBAIXZ 000000018000c6c0 f i RTreeCooking.obj
 0001:0000b6e0       ?isValid@PxBounds3@physx@@QEBA_NXZ 000000018000c6e0 f i RTreeCooking.obj
 0001:0000b810       ?memCopy@intrinsics@physx@@YAPEAXPEIAXPEIBXI@Z 000000018000c810 f i RTreeCooking.obj
 0001:0000b850       ?pop@?$Stack@VNamedAllocator@shdfnd@physx@@@internal@shdfnd@physx@@QEAAXAEAH0@Z 000000018000c850 f i RTreeCooking.obj
 0001:0000b960       ?popBack@?$Array@IVNamedAllocator@shdfnd@physx@@@shdfnd@physx@@QEAAIXZ 000000018000c960 f i RTreeCooking.obj
 0001:0000ba20       ?push@?$Stack@VNamedAllocator@shdfnd@physx@@@internal@shdfnd@physx@@QEAAXHH@Z 000000018000ca20 f i RTreeCooking.obj
 0001:0000bad0       ?pushBack@?$Array@IVNamedAllocator@shdfnd@physx@@@shdfnd@physx@@QEAAAEAIAEBI@Z 000000018000cad0 f i RTreeCooking.obj
 0001:0000bbc0       ?pushBack@?$Array@UInterval@physx@@V?$InlineAllocator@$0CA@VNamedAllocator@shdfnd@physx@@@shdfnd@2@@shdfnd@physx@@QEAAAEAUInterval@3@AEBU43@@Z 000000018000cbc0 f i RTreeCooking.obj
 0001:0000bcb0       ?pushBack@?$Array@UPxBounds3V@physx@@VNamedAllocator@shdfnd@2@@shdfnd@physx@@QEAAAEAUPxBounds3V@3@AEBU43@@Z 000000018000ccb0 f i RTreeCooking.obj
 0001:0000bdb0       ?pushBack@?$Array@URTreeNodeNQ@physx@@VNamedAllocator@shdfnd@2@@shdfnd@physx@@QEAAAEAURTreeNodeNQ@3@AEBU43@@Z 000000018000cdb0 f i RTreeCooking.obj
 0001:0000bea0       ?pushBack@?$Array@URTreeNodeQ@Gu@physx@@VNamedAllocator@shdfnd@3@@shdfnd@physx@@QEAAAEAURTreeNodeQ@Gu@3@AEBU453@@Z 000000018000cea0 f i RTreeCooking.obj
 0001:0000bfa0       ?pushBack@?$Array@VPxVec3@physx@@VNamedAllocator@shdfnd@2@@shdfnd@physx@@QEAAAEAVPxVec3@3@AEBV43@@Z 000000018000cfa0 f i RTreeCooking.obj
 0001:0000c090       ?recreate@?$Array@IVNamedAllocator@shdfnd@physx@@@shdfnd@physx@@IEAAXI@Z 000000018000d090 f i RTreeCooking.obj
 0001:0000c1f0       ?recreate@?$Array@UPxBounds3V@physx@@VNamedAllocator@shdfnd@2@@shdfnd@physx@@IEAAXI@Z 000000018000d1f0 f i RTreeCooking.obj
 0001:0000c350       ?recreate@?$Array@URTreeNodeNQ@physx@@VNamedAllocator@shdfnd@2@@shdfnd@physx@@IEAAXI@Z 000000018000d350 f i RTreeCooking.obj
 0001:0000c4b0       ?recreate@?$Array@URTreeNodeQ@Gu@physx@@VNamedAllocator@shdfnd@3@@shdfnd@physx@@IEAAXI@Z 000000018000d4b0 f i RTreeCooking.obj
 0001:0000c610       ?recreate@?$Array@VPxVec3@physx@@VNamedAllocator@shdfnd@2@@shdfnd@physx@@IEAAXI@Z 000000018000d610 f i RTreeCooking.obj
 0001:0000c770       ?replaceWithLast@?$Array@UInterval@physx@@V?$InlineAllocator@$0CA@VNamedAllocator@shdfnd@physx@@@shdfnd@2@@shdfnd@physx@@QEAAXI@Z 000000018000d770 f i RTreeCooking.obj
 0001:0000c840       ?reserve@?$Array@IVNamedAllocator@shdfnd@physx@@@shdfnd@physx@@QEAAXI@Z 000000018000d840 f i RTreeCooking.obj
 0001:0000c880       ?reserve@?$Array@UPxBounds3V@physx@@VNamedAllocator@shdfnd@2@@shdfnd@physx@@QEAAXI@Z 000000018000d880 f i RTreeCooking.obj
 0001:0000c8c0       ?reserve@?$Array@URTreeNodeNQ@physx@@VNamedAllocator@shdfnd@2@@shdfnd@physx@@QEAAXI@Z 000000018000d8c0 f i RTreeCooking.obj
 0001:0000c900       ?reserve@?$Array@URTreeNodeQ@Gu@physx@@VNamedAllocator@shdfnd@3@@shdfnd@physx@@QEAAXI@Z 000000018000d900 f i RTreeCooking.obj
 0001:0000c940       ?reserve@?$Array@VPxVec3@physx@@VNamedAllocator@shdfnd@2@@shdfnd@physx@@QEAAXI@Z 000000018000d940 f i RTreeCooking.obj
 0001:0000c980       ?resize@?$Array@IVNamedAllocator@shdfnd@physx@@@shdfnd@physx@@QEAAXIAEBI@Z 000000018000d980 f i RTreeCooking.obj
 0001:0000ca40       ?resizeUninitialized@?$Array@URTreeNodeNQ@physx@@VNamedAllocator@shdfnd@2@@shdfnd@physx@@QEAAXI@Z 000000018000da40 f i RTreeCooking.obj
 0001:0000ca80       ?selectMax@intrinsics@physx@@YAMMM@Z 000000018000da80 f i RTreeCooking.obj
 0001:0000cad0       ?selectMin@intrinsics@physx@@YAMMM@Z 000000018000dad0 f i RTreeCooking.obj
 0001:0000cb20       ?setEmpty@PxBounds3@physx@@QEAAXXZ 000000018000db20 f i RTreeCooking.obj
 0001:0000cb90       ?setLeaf@RTreeNodeQ@Gu@physx@@QEAAX_N@Z 000000018000db90 f i RTreeCooking.obj
 0001:0000cbe0       ?size@?$Array@IVNamedAllocator@shdfnd@physx@@@shdfnd@physx@@QEBAIXZ 000000018000dbe0 f i RTreeCooking.obj
 0001:0000cc00       ?size@?$Array@UInterval@physx@@V?$InlineAllocator@$0CA@VNamedAllocator@shdfnd@physx@@@shdfnd@2@@shdfnd@physx@@QEBAIXZ 000000018000dc00 f i RTreeCooking.obj
 0001:0000cc20       ?size@?$Array@URTreeNodeNQ@physx@@VNamedAllocator@shdfnd@2@@shdfnd@physx@@QEBAIXZ 000000018000dc20 f i RTreeCooking.obj
 0001:0000cc40       ?size@?$Array@URTreeNodeQ@Gu@physx@@VNamedAllocator@shdfnd@3@@shdfnd@physx@@QEBAIXZ 000000018000dc40 f i RTreeCooking.obj
 0001:0000cc60       ?size@?$Array@VPxVec3@physx@@VNamedAllocator@shdfnd@2@@shdfnd@physx@@QEBAIXZ 000000018000dc60 f i RTreeCooking.obj
 0001:0000cc80       ?sort4@SubSortQuick@physx@@QEAAXPEIAIIAEAV?$Array@URTreeNodeNQ@physx@@VNamedAllocator@shdfnd@2@@shdfnd@2@AEAIAEAUPxBounds3V@2@I@Z 000000018000dc80 f i RTreeCooking.obj
 0001:0000d920       ?sort4@SubSortSAH@physx@@QEAAXPEAIIAEAV?$Array@URTreeNodeNQ@physx@@VNamedAllocator@shdfnd@2@@shdfnd@2@AEAIIPEAURTreeNodeNQ@2@@Z 000000018000e920 f i RTreeCooking.obj
 0001:0000eac0       ?split@SubSortSAH@physx@@QEAAIPEAII@Z 000000018000fac0 f i RTreeCooking.obj
 0001:0000fd60       ?loadFromDesc@TriangleMeshBuilder@physx@@QEAA_NAEBVPxTriangleMeshDesc@2@AEBUPxCookingParams@2@_N@Z 0000000180010d60 f   TriangleMeshBuilder.obj
 0001:00010070       ?save@TriangleMeshBuilder@physx@@QEBA_NAEAVPxOutputStream@2@_NAEBUPxCookingParams@2@@Z 0000000180011070 f   TriangleMeshBuilder.obj
 0001:00010880       ?computeLocalBounds@TriangleMeshBuilder@physx@@IEAAXXZ 0000000180011880 f   TriangleMeshBuilder.obj
 0001:000109a0       ?importMesh@TriangleMeshBuilder@physx@@IEAA_NAEBVPxTriangleMeshDesc@2@AEBUPxCookingParams@2@_N@Z 00000001800119a0 f   TriangleMeshBuilder.obj
 0001:00011430       ??$?_UI@@YAPEAX_KV?$ReflectionAllocator@I@shdfnd@physx@@PEBDH@Z 0000000180012430 f i TriangleMeshBuilder.obj
 0001:00011480       ??0?$PxFlags@W4Enum@PxMeshFlag@physx@@G@physx@@QEAA@AEBV01@@Z 0000000180012480 f i TriangleMeshBuilder.obj
 0001:000114b0       ??0?$PxFlags@W4Enum@PxMeshFlag@physx@@G@physx@@QEAA@W4Enum@PxMeshFlag@1@@Z 00000001800124b0 f i TriangleMeshBuilder.obj
 0001:000114e0       ??0?$PxFlags@W4Enum@PxMeshFlag@physx@@G@physx@@QEAA@XZ 00000001800124e0 f i TriangleMeshBuilder.obj
 0001:00011500       ??0?$PxFlags@W4Enum@PxMeshPreprocessingFlag@physx@@I@physx@@QEAA@AEBV01@@Z 0000000180012500 f i TriangleMeshBuilder.obj
 0001:00011530       ??0?$ReflectionAllocator@I@shdfnd@physx@@QEAA@PEBD@Z 0000000180012530 f i TriangleMeshBuilder.obj
 0001:00011550       ??0PxSimpleTriangleMesh@physx@@QEAA@AEBV01@@Z 0000000180012550 f i TriangleMeshBuilder.obj
 0001:000115d0       ??0PxTriangleMeshDesc@physx@@QEAA@AEBV01@@Z 00000001800125d0 f i TriangleMeshBuilder.obj
 0001:00011640       ??APxVec3@physx@@QEAAAEAMI@Z 0000000180012640 f i TriangleMeshBuilder.obj
 0001:000116d0       ??B?$PxFlags@W4Enum@PxMeshFlag@physx@@G@physx@@QEBA_NXZ 00000001800126d0 f i TriangleMeshBuilder.obj
 0001:00011710       ??B?$PxFlags@W4Enum@PxMeshPreprocessingFlag@physx@@I@physx@@QEBA_NXZ 0000000180012710 f i TriangleMeshBuilder.obj
 0001:00011740       ??I?$PxFlags@W4Enum@PxMeshFlag@physx@@G@physx@@QEBA?AV01@W4Enum@PxMeshFlag@1@@Z 0000000180012740 f i TriangleMeshBuilder.obj
 0001:000117b0       ??I?$PxFlags@W4Enum@PxMeshPreprocessingFlag@physx@@I@physx@@QEBA?AV01@W4Enum@PxMeshPreprocessingFlag@1@@Z 00000001800127b0 f i TriangleMeshBuilder.obj
 0001:00011810       ??S?$PxFlags@W4Enum@PxMeshFlag@physx@@G@physx@@QEBA?AV01@XZ 0000000180012810 f i TriangleMeshBuilder.obj
 0001:00011860       ??Sphysx@@YA?AV?$PxFlags@W4Enum@PxMeshFlag@physx@@G@0@W4Enum@PxMeshFlag@0@@Z 0000000180012860 f i TriangleMeshBuilder.obj
 0001:000118a0       ??_4?$PxFlags@W4Enum@PxMeshFlag@physx@@G@physx@@QEAAAEAV01@AEBV01@@Z 00000001800128a0 f i TriangleMeshBuilder.obj
 0001:000118e0       ??_H@YAXPEAX_K1P6APEAX0@Z@Z 00000001800128e0 f i TriangleMeshBuilder.obj
 0001:00011980       ?PxAbs@physx@@YAMM@Z       0000000180012980 f i TriangleMeshBuilder.obj
 0001:000119a0       ?abs@intrinsics@physx@@YAMM@Z 00000001800129a0 f i TriangleMeshBuilder.obj
 0001:000119c0       ?allocate@?$ReflectionAllocator@I@shdfnd@physx@@QEAAPEAX_KPEBDH@Z 00000001800129c0 f i TriangleMeshBuilder.obj
 0001:00011a60       ?gatherStrided@shdfnd@physx@@YAXPEBXPEAXIII@Z 0000000180012a60 f i TriangleMeshBuilder.obj
 0001:00011b10       ?getFoundation@shdfnd@physx@@YAAEAVFoundation@12@XZ 0000000180012b10 f i TriangleMeshBuilder.obj
 0001:00011b30       ?getName@?$ReflectionAllocator@I@shdfnd@physx@@CAPEBDXZ 0000000180012b30 f i TriangleMeshBuilder.obj
 0001:00011b80       ?isValid@PxSimpleTriangleMesh@physx@@QEBA_NXZ 0000000180012b80 f i TriangleMeshBuilder.obj
 0001:00011c90       ?isValid@PxTriangleMeshDesc@physx@@QEBA_NXZ 0000000180012c90 f i TriangleMeshBuilder.obj
 0001:00011d20       ?name@type_info@@QEBAPEBDXZ 0000000180012d20 f i TriangleMeshBuilder.obj
 0001:00011d50       ?to16@shdfnd@physx@@YAGI@Z 0000000180012d50 f i TriangleMeshBuilder.obj
 0001:00011dd0       ?writeIntBuffer@physx@@YAXPEBII_NAEAVPxOutputStream@1@@Z 0000000180012dd0 f i TriangleMeshBuilder.obj
 0001:00011e20       fabsf                      0000000180012e20 f i TriangleMeshBuilder.obj
 0001:00011e50       ??0BigConvexDataBuilder@physx@@QEAA@PEBUConvexHullData@Gu@1@PEAVBigConvexData@1@PEBVPxVec3@1@@Z 0000000180012e50 f   BigConvexDataBuilder.obj
 0001:00011ea0       ??1BigConvexDataBuilder@physx@@QEAA@XZ 0000000180012ea0 f   BigConvexDataBuilder.obj
 0001:00011eb0       ?Precompute@BigConvexDataBuilder@physx@@QEAA_NI@Z 0000000180012eb0 f   BigConvexDataBuilder.obj
 0001:00012250       ?Initialize@BigConvexDataBuilder@physx@@QEAA_NXZ 0000000180013250 f   BigConvexDataBuilder.obj
 0001:000122c0       ?PrecomputeSample@BigConvexDataBuilder@physx@@QEAA_NIAEBVPxVec3@2@@Z 00000001800132c0 f   BigConvexDataBuilder.obj
 0001:00012410       ?Save@BigConvexDataBuilder@physx@@QEBA_NAEAVPxOutputStream@2@_NIPEBUHullTriangleData@2@@Z 0000000180013410 f   BigConvexDataBuilder.obj
 0001:00012560       ?ComputeValencies@BigConvexDataBuilder@physx@@QEBA_NIPEBUHullTriangleData@2@@Z 0000000180013560 f   BigConvexDataBuilder.obj
 0001:000125d0       ?Compute@BigConvexDataBuilder@physx@@QEBA_NAEBUVALENCIESCREATE@2@@Z 00000001800135d0 f   BigConvexDataBuilder.obj
 0001:00012c80       ?Save@BigConvexDataBuilder@physx@@QEBA_NAEAVPxOutputStream@2@_N@Z 0000000180013c80 f   BigConvexDataBuilder.obj
 0001:000132f0       ??$?_UE@@YAPEAX_KV?$ReflectionAllocator@E@shdfnd@physx@@PEBDH@Z 00000001800142f0 f i BigConvexDataBuilder.obj
 0001:00013340       ??$?_UG@@YAPEAX_KV?$ReflectionAllocator@G@shdfnd@physx@@PEBDH@Z 0000000180014340 f i BigConvexDataBuilder.obj
 0001:00013390       ??$?_UUValency@Gu@physx@@@@YAPEAX_KV?$ReflectionAllocator@UValency@Gu@physx@@@shdfnd@physx@@PEBDH@Z 0000000180014390 f i BigConvexDataBuilder.obj
 0001:000133e0       ??0?$ReflectionAllocator@E@shdfnd@physx@@QEAA@PEBD@Z 00000001800143e0 f i BigConvexDataBuilder.obj
 0001:00013400       ??0?$ReflectionAllocator@G@shdfnd@physx@@QEAA@PEBD@Z 0000000180014400 f i BigConvexDataBuilder.obj
 0001:00013420       ??0?$ReflectionAllocator@UValency@Gu@physx@@@shdfnd@physx@@QEAA@PEBD@Z 0000000180014420 f i BigConvexDataBuilder.obj
 0001:00013440       ??0EDGELISTCREATE@Gu@physx@@QEAA@XZ 0000000180014440 f i BigConvexDataBuilder.obj
 0001:000134c0       ??0PxVec3@physx@@QEAA@XZ   00000001800144c0 f i BigConvexDataBuilder.obj
 0001:000134d0       ??0VALENCIESCREATE@physx@@QEAA@XZ 00000001800144d0 f i BigConvexDataBuilder.obj
 0001:00013500       ??_0PxVec3@physx@@QEAAAEAV01@M@Z 0000000180014500 f i BigConvexDataBuilder.obj
 0001:00013590       ?GetEdge@EdgeList@Gu@physx@@QEBAAEBUEdgeData@23@I@Z 0000000180014590 f i BigConvexDataBuilder.obj
 0001:000135c0       ?GetNbEdges@EdgeList@Gu@physx@@QEBAIXZ 00000001800145c0 f i BigConvexDataBuilder.obj
 0001:000135d0       ?PxMemZero@physx@@YAPEAXPEIAXI@Z 00000001800145d0 f i BigConvexDataBuilder.obj
 0001:00013600       ?PxSqrt@physx@@YAMM@Z      0000000180014600 f i BigConvexDataBuilder.obj
 0001:00013620       ?allocate@?$ReflectionAllocator@E@shdfnd@physx@@QEAAPEAX_KPEBDH@Z 0000000180014620 f i BigConvexDataBuilder.obj
 0001:000136c0       ?allocate@?$ReflectionAllocator@G@shdfnd@physx@@QEAAPEAX_KPEBDH@Z 00000001800146c0 f i BigConvexDataBuilder.obj
 0001:00013760       ?allocate@?$ReflectionAllocator@UValency@Gu@physx@@@shdfnd@physx@@QEAAPEAX_KPEBDH@Z 0000000180014760 f i BigConvexDataBuilder.obj
 0001:00013800       ?dot@PxVec3@physx@@QEBAMAEBV12@@Z 0000000180014800 f i BigConvexDataBuilder.obj
 0001:00013860       ?getName@?$ReflectionAllocator@E@shdfnd@physx@@CAPEBDXZ 0000000180014860 f i BigConvexDataBuilder.obj
 0001:000138b0       ?getName@?$ReflectionAllocator@G@shdfnd@physx@@CAPEBDXZ 00000001800148b0 f i BigConvexDataBuilder.obj
 0001:00013900       ?getName@?$ReflectionAllocator@UValency@Gu@physx@@@shdfnd@physx@@CAPEBDXZ 0000000180014900 f i BigConvexDataBuilder.obj
 0001:00013950       ?magnitude@PxVec3@physx@@QEBAMXZ 0000000180014950 f i BigConvexDataBuilder.obj
 0001:00013980       ?magnitudeSquared@PxVec3@physx@@QEBAMXZ 0000000180014980 f i BigConvexDataBuilder.obj
 0001:000139e0       ?memZero@intrinsics@physx@@YAPEAXPEIAXI@Z 00000001800149e0 f i BigConvexDataBuilder.obj
 0001:00013a20       ?normalize@PxVec3@physx@@QEAAMXZ 0000000180014a20 f i BigConvexDataBuilder.obj
 0001:00013a80       ?sqrt@intrinsics@physx@@YAMM@Z 0000000180014a80 f i BigConvexDataBuilder.obj
 0001:00013b30       ??0ConvexHullBuilder@physx@@QEAA@PEAUConvexHullData@Gu@1@@Z 0000000180014b30 f   ConvexHullBuilder.obj
 0001:00013bd0       ??1ConvexHullBuilder@physx@@QEAA@XZ 0000000180014bd0 f   ConvexHullBuilder.obj
 0001:00013d20       ?Init@ConvexHullBuilder@physx@@QEAA_NIPEBVPxVec3@2@IPEBIIPEBUPxHullPolygon@2@@Z 0000000180014d20 f   ConvexHullBuilder.obj
 0001:000149a0       ?Save@ConvexHullBuilder@physx@@QEBA_NAEAVPxOutputStream@2@_N@Z 00000001800159a0 f   ConvexHullBuilder.obj
 0001:00014ce0       ?CreateEdgeList@ConvexHullBuilder@physx@@QEAA_NXZ 0000000180015ce0 f   ConvexHullBuilder.obj
 0001:00015cb0       ?CreatePolygonData@ConvexHullBuilder@physx@@QEAA_NXZ 0000000180016cb0 f   ConvexHullBuilder.obj
 0001:00016da0       ?CheckHullPolygons@ConvexHullBuilder@physx@@QEBA_NXZ 0000000180017da0 f   ConvexHullBuilder.obj
 0001:00017550       ?CreateTrianglesFromPolygons@ConvexHullBuilder@physx@@QEAA_NXZ 0000000180018550 f   ConvexHullBuilder.obj
 0001:00017c10       ?ComputeGeomCenter@ConvexHullBuilder@physx@@QEBA_NAEAVPxVec3@2@@Z 0000000180018c10 f   ConvexHullBuilder.obj
 0001:00017dd0       ?CalculateVertexMapTable@ConvexHullBuilder@physx@@QEAA_NI_N@Z 0000000180018dd0 f   ConvexHullBuilder.obj
 0001:000180b0       ?ComputeHullPolygons@ConvexHullBuilder@physx@@QEAA_NAEBIPEBVPxVec3@2@0PEBI@Z 00000001800190b0 f   ConvexHullBuilder.obj
 0001:0001be40       ??$?_UUEdgeDescData@Gu@physx@@@@YAPEAX_KV?$ReflectionAllocator@UEdgeDescData@Gu@physx@@@shdfnd@physx@@PEBDH@Z 000000018001ce40 f i ConvexHullBuilder.obj
 0001:0001be90       ??$?_UUHullTriangleData@physx@@@@YAPEAX_KV?$ReflectionAllocator@UHullTriangleData@physx@@@shdfnd@physx@@PEBDH@Z 000000018001ce90 f i ConvexHullBuilder.obj
 0001:0001bee0       ??$PX_UNUSED@H@@YAXAEBH@Z  000000018001cee0 f i ConvexHullBuilder.obj
 0001:0001bef0       ??$PlaneEquation@U?$TriangleT@I@Gu@physx@@@@YA?AVPxPlane@physx@@AEBU?$TriangleT@I@Gu@1@PEBVPxVec3@1@@Z 000000018001cef0 f i ConvexHullBuilder.obj
 0001:0001bfc0       ??$swap@E@shdfnd@physx@@YAXAEAE0@Z 000000018001cfc0 f i ConvexHullBuilder.obj
 0001:0001c010       ??0?$ReflectionAllocator@UEdgeDescData@Gu@physx@@@shdfnd@physx@@QEAA@PEBD@Z 000000018001d010 f i ConvexHullBuilder.obj
 0001:0001c030       ??0?$ReflectionAllocator@UHullTriangleData@physx@@@shdfnd@physx@@QEAA@PEBD@Z 000000018001d030 f i ConvexHullBuilder.obj
 0001:0001c050       ??0?$TriangleT@I@Gu@physx@@QEAA@III@Z 000000018001d050 f i ConvexHullBuilder.obj
 0001:0001c0c0       ??0ADJACENCIESCREATE@physx@@QEAA@XZ 000000018001d0c0 f i ConvexHullBuilder.obj
 0001:0001c130       ??0HullPolygonData@Gu@physx@@QEAA@AEBU012@@Z 000000018001d130 f i ConvexHullBuilder.obj
 0001:0001c1b0       ??0PxPlane@physx@@QEAA@AEBV01@@Z 000000018001d1b0 f i ConvexHullBuilder.obj
 0001:0001c200       ??0PxPlane@physx@@QEAA@AEBVPxVec3@1@00@Z 000000018001d200 f i ConvexHullBuilder.obj
 0001:0001c2f0       ??0PxPlane@physx@@QEAA@MMMM@Z 000000018001d2f0 f i ConvexHullBuilder.obj
 0001:0001c360       ??4PxPlane@physx@@QEAAAEAV01@$$QEAV01@@Z 000000018001d360 f i ConvexHullBuilder.obj
 0001:0001c3b0       ??DPxVec3@physx@@QEBA?AV01@M@Z 000000018001d3b0 f i ConvexHullBuilder.obj
 0001:0001c440       ??GPxVec3@physx@@QEBA?AV01@AEBV01@@Z 000000018001d440 f i ConvexHullBuilder.obj
 0001:0001c4e0       ??GPxVec3@physx@@QEBA?AV01@XZ 000000018001d4e0 f i ConvexHullBuilder.obj
 0001:0001c570       ??YPxVec3@physx@@QEAAAEAV01@AEBV01@@Z 000000018001d570 f i ConvexHullBuilder.obj
 0001:0001cc70       ?ComputeNbPolygons@ConvexHullBuilder@physx@@QEBAIXZ 000000018001dc70 f i ConvexHullBuilder.obj
 0001:0001ccc0       ?Flip@physx@@YAXAEAUHullTriangleData@1@@Z 000000018001dcc0 f i ConvexHullBuilder.obj
 0001:0001ce70       ?GetAdjTri@AdjTriangle@physx@@QEBAIW4SharedEdgeIndex@2@@Z 000000018001de70 f i ConvexHullBuilder.obj
 0001:0001cea0       ?GetFaces@ConvexHullBuilder@physx@@QEBAPEBUHullTriangleData@2@XZ 000000018001dea0 f i ConvexHullBuilder.obj
 0001:0001cec0       ?GetNbFaces@ConvexHullBuilder@physx@@QEBAIXZ 000000018001dec0 f i ConvexHullBuilder.obj
 0001:0001d2c0       ?HasActiveEdge01@AdjTriangle@physx@@QEBAHXZ 000000018001e2c0 f i ConvexHullBuilder.obj
 0001:0001d2f0       ?HasActiveEdge12@AdjTriangle@physx@@QEBAHXZ 000000018001e2f0 f i ConvexHullBuilder.obj
 0001:0001d320       ?HasActiveEdge20@AdjTriangle@physx@@QEBAHXZ 000000018001e320 f i ConvexHullBuilder.obj
 0001:0001d350       ?HasActiveEdge@AdjTriangle@physx@@QEBAHI@Z 000000018001e350 f i ConvexHullBuilder.obj
 0001:0001d380       ?PxRecipSqrt@physx@@YAMM@Z 000000018001e380 f i ConvexHullBuilder.obj
 0001:0001d3a0       ?allocate@?$ReflectionAllocator@UEdgeDescData@Gu@physx@@@shdfnd@physx@@QEAAPEAX_KPEBDH@Z 000000018001e3a0 f i ConvexHullBuilder.obj
 0001:0001d440       ?allocate@?$ReflectionAllocator@UHullTriangleData@physx@@@shdfnd@physx@@QEAAPEAX_KPEBDH@Z 000000018001e440 f i ConvexHullBuilder.obj
 0001:0001d4e0       ?area@?$TriangleT@I@Gu@physx@@QEBAMPEBVPxVec3@3@@Z 000000018001e4e0 f i ConvexHullBuilder.obj
 0001:0001d600       ?center@?$TriangleT@I@Gu@physx@@QEBAXPEBVPxVec3@3@AEAV43@@Z 000000018001e600 f i ConvexHullBuilder.obj
 0001:0001d710       ?cross@PxVec3@physx@@QEBA?AV12@AEBV12@@Z 000000018001e710 f i ConvexHullBuilder.obj
 0001:0001d800       ?distance@PxPlane@physx@@QEBAMAEBVPxVec3@2@@Z 000000018001e800 f i ConvexHullBuilder.obj
 0001:0001d840       ?flip@?$TriangleT@I@Gu@physx@@QEAAXXZ 000000018001e840 f i ConvexHullBuilder.obj
 0001:0001d890       ?flip@physx@@YAXAEAG@Z     000000018001e890 f i ConvexHullBuilder.obj
 0001:0001d910       ?flip@physx@@YAXAEAM@Z     000000018001e910 f i ConvexHullBuilder.obj
 0001:0001da00       ?flipData@Gu@physx@@YAXAEAUHullPolygonData@12@@Z 000000018001ea00 f i ConvexHullBuilder.obj
 0001:0001da80       ?getName@?$ReflectionAllocator@UEdgeDescData@Gu@physx@@@shdfnd@physx@@CAPEBDXZ 000000018001ea80 f i ConvexHullBuilder.obj
 0001:0001dad0       ?getName@?$ReflectionAllocator@UHullTriangleData@physx@@@shdfnd@physx@@CAPEBDXZ 000000018001ead0 f i ConvexHullBuilder.obj
 0001:0001db20       ?getNormalized@PxVec3@physx@@QEBA?AV12@XZ 000000018001eb20 f i ConvexHullBuilder.obj
 0001:0001dbd0       ?recipSqrt@intrinsics@physx@@YAMM@Z 000000018001ebd0 f i ConvexHullBuilder.obj
 0001:0001dc10       ?to8@shdfnd@physx@@YAEI@Z  000000018001ec10 f i ConvexHullBuilder.obj
 0001:0001dc90       ??0ConvexMeshBuilder@physx@@QEAA@XZ 000000018001ec90 f   ConvexMeshBuilder.obj
 0001:0001dcf0       ??1ConvexMeshBuilder@physx@@UEAA@XZ 000000018001ecf0 f   ConvexMeshBuilder.obj
 0001:0001dd50       ?loadFromDesc@ConvexMeshBuilder@physx@@QEAA_NAEBVPxConvexMeshDesc@2@W4Enum@PxPlatform@2@@Z 000000018001ed50 f   ConvexMeshBuilder.obj
 0001:0001de30       ?save@ConvexMeshBuilder@physx@@QEBA_NAEAVPxOutputStream@2@_N@Z 000000018001ee30 f   ConvexMeshBuilder.obj
 0001:0001e1e0       ?loadConvexHull@ConvexMeshBuilder@physx@@QEAA_NAEBVPxConvexMeshDesc@2@@Z 000000018001f1e0 f   ConvexMeshBuilder.obj
 0001:0001e670       ?computeHullPolygons@ConvexMeshBuilder@physx@@QEAA_NAEBIPEBVPxVec3@2@0PEBIAEAVPxAllocatorCallback@2@AEAIAEAPEAV32@4AEAPEAI4AEAPEAUPxHullPolygon@2@@Z 000000018001f670 f   ConvexMeshBuilder.obj
 0001:0001ead0       ?computeGaussMaps@ConvexMeshBuilder@physx@@QEAA_NXZ 000000018001fad0 f   ConvexMeshBuilder.obj
 0001:0001ec10       ?computeMassInfo@ConvexMeshBuilder@physx@@QEAAXXZ 000000018001fc10 f   ConvexMeshBuilder.obj
 0001:0001ef10       ?computeInternalObjects@ConvexMeshBuilder@physx@@QEAAXXZ 000000018001ff10 f   ConvexMeshBuilder.obj
 0001:000202a0       ??0?$PxFlags@W4Enum@PxBaseFlag@physx@@G@physx@@QEAA@AEBV01@@Z 00000001800212a0 f i ConvexMeshBuilder.obj
 0001:000202d0       ??0?$PxFlags@W4Enum@PxConvexFlag@physx@@G@physx@@QEAA@AEBV01@@Z 00000001800212d0 f i ConvexMeshBuilder.obj
 0001:00020300       ??0?$ReflectionAllocator@VBigConvexData@physx@@@shdfnd@physx@@QEAA@PEBD@Z 0000000180021300 f i ConvexMeshBuilder.obj
 0001:00020320       ??0PxBoundedData@physx@@QEAA@XZ 0000000180021320 f i ConvexMeshBuilder.obj
 0001:00020360       ??0PxIntegrals@physx@@QEAA@XZ 0000000180021360 f i ConvexMeshBuilder.obj
 0001:00020390       ??0PxMat33@physx@@QEAA@AEBVPxVec3@1@00@Z 0000000180021390 f i ConvexMeshBuilder.obj
 0001:00020410       ??0PxSimpleTriangleMesh@physx@@QEAA@XZ 0000000180021410 f i ConvexMeshBuilder.obj
 0001:00020470       ??0PxStridedData@physx@@QEAA@XZ 0000000180021470 f i ConvexMeshBuilder.obj
 0001:000204a0       ??2UserAllocated@shdfnd@physx@@SAPEAX_KPEAX@Z 00000001800214a0 f i ConvexMeshBuilder.obj
 0001:000204c0       ??3UserAllocated@shdfnd@physx@@SAXPEAX@Z 00000001800214c0 f i ConvexMeshBuilder.obj
 0001:00020500       ??4PxMat33@physx@@QEAAAEAV01@AEBV01@@Z 0000000180021500 f i ConvexMeshBuilder.obj
 0001:00020580       ??APxMat33@physx@@QEAAAEAVPxVec3@1@I@Z 0000000180021580 f i ConvexMeshBuilder.obj
 0001:000205b0       ??B?$PxFlags@W4Enum@PxBaseFlag@physx@@G@physx@@QEBA_NXZ 00000001800215b0 f i ConvexMeshBuilder.obj
 0001:000205f0       ??B?$PxFlags@W4Enum@PxConvexFlag@physx@@G@physx@@QEBA_NXZ 00000001800215f0 f i ConvexMeshBuilder.obj
 0001:00020630       ??GPxMat33@physx@@QEBA?AV01@XZ 0000000180021630 f i ConvexMeshBuilder.obj
 0001:000206d0       ??I?$PxFlags@W4Enum@PxBaseFlag@physx@@G@physx@@QEBA?AV01@W4Enum@PxBaseFlag@1@@Z 00000001800216d0 f i ConvexMeshBuilder.obj
 0001:00020740       ??I?$PxFlags@W4Enum@PxConvexFlag@physx@@G@physx@@QEBA?AV01@W4Enum@PxConvexFlag@1@@Z 0000000180021740 f i ConvexMeshBuilder.obj
 0001:000207b0       ??RPxMat33@physx@@QEAAAEAMII@Z 00000001800217b0 f i ConvexMeshBuilder.obj
 0001:000207f0       ??XPxVec3@physx@@QEAAAEAV01@M@Z 00000001800217f0 f i ConvexMeshBuilder.obj
 0001:00020864       ??_EConvexMeshBuilder@physx@@WBA@EAAPEAXI@Z 0000000180021864 f i ConvexMeshBuilder.obj
 0001:00020870       ??_GBigConvexData@physx@@QEAAPEAXI@Z 0000000180021870 f i ConvexMeshBuilder.obj
 0001:000208e0       ??_EConvexMeshBuilder@physx@@UEAAPEAXI@Z 00000001800218e0 f i ConvexMeshBuilder.obj
 0001:000208e0       ??_GConvexMeshBuilder@physx@@UEAAPEAXI@Z 00000001800218e0 f i ConvexMeshBuilder.obj
 0001:00020950       ?PxGetGaussMapVertexLimitForPlatform@physx@@YAIW4Enum@PxPlatform@1@@Z 0000000180021950 f i ConvexMeshBuilder.obj
 0001:00020a20       ?allocate@?$ReflectionAllocator@VBigConvexData@physx@@@shdfnd@physx@@QEAAPEAX_KPEBDH@Z 0000000180021a20 f i ConvexMeshBuilder.obj
 0001:00020ac0       ?getName@?$ReflectionAllocator@VBigConvexData@physx@@@shdfnd@physx@@CAPEBDXZ 0000000180021ac0 f i ConvexMeshBuilder.obj
 0001:00020b10       ?getOriginInertia@PxIntegrals@physx@@QEAAXAEAVPxMat33@2@@Z 0000000180021b10 f i ConvexMeshBuilder.obj
 0001:00020bc0       ?isReleasable@PxBase@physx@@UEBA_NXZ 0000000180021bc0 f i ConvexMeshBuilder.obj
 0001:00020c00       ?isValid@PxConvexMeshDesc@physx@@QEBA_NXZ 0000000180021c00 f i ConvexMeshBuilder.obj
 0001:00020e80       ?largestAxis@shdfnd@physx@@YAIAEBVPxVec3@2@@Z 0000000180021e80 f i ConvexMeshBuilder.obj
 0001:00020f10       ?markSerializedMem@Cm@physx@@YAXPEAXI@Z 0000000180021f10 f i ConvexMeshBuilder.obj
 0001:00020f60       ?requires@ConvexMesh@Gu@physx@@UEAAXAEAVPxProcessPxBaseCallback@3@@Z 0000000180021f60 f i ConvexMeshBuilder.obj
 0001:00020f70       ??0HullLibrary@physx@@QEAA@XZ 0000000180021f70 f   hulllib.obj
 0001:00021010       ??1HullLibrary@physx@@QEAA@XZ 0000000180022010 f   hulllib.obj
 0001:00021060       ?CreateConvexHull@HullLibrary@physx@@QEAA?AW4HullError@2@AEBVHullDesc@2@AEAVHullResult@2@@Z 0000000180022060 f   hulllib.obj
 0001:000219e0       ?ReleaseResult@HullLibrary@physx@@QEAA?AW4HullError@2@AEAVHullResult@2@@Z 00000001800229e0 f   hulllib.obj
 0001:00021a90       ?CreateTriangleMesh@HullLibrary@physx@@QEAA?AW4HullError@2@AEAVHullResult@2@PEAVConvexHullTriangleInterface@2@@Z 0000000180022a90 f   hulllib.obj
 0001:00021c70       ?b2bfix@HullLibrary@physx@@AEAAXPEAVTri@2@0@Z 0000000180022c70 f   hulllib.obj
 0001:00021ef0       ?removeb2b@HullLibrary@physx@@AEAAXPEAVTri@2@0@Z 0000000180022ef0 f   hulllib.obj
 0001:00021f50       ?checkit@HullLibrary@physx@@AEBAXPEAVTri@2@@Z 0000000180022f50 f   hulllib.obj
 0001:00022140       ?extrude@HullLibrary@physx@@AEAAXPEAVTri@2@H@Z 0000000180023140 f   hulllib.obj
 0001:00022800       ?extrudable@HullLibrary@physx@@AEBAPEAVTri@2@M@Z 0000000180023800 f   hulllib.obj
 0001:000228e0       ?calchullgen@HullLibrary@physx@@AEAA?AW4HullError@2@PEAVfloat3@2@HHM@Z 00000001800238e0 f   hulllib.obj
 0001:00023d30       ?calchull@HullLibrary@physx@@AEAA?AW4HullError@2@PEAVfloat3@2@HAEAPEAHAEAHAEAPEAV42@2HM@Z 0000000180024d30 f   hulllib.obj
 0001:000240a0       ?expandhull@HullLibrary@physx@@AEAA?AW4HullError@2@PEAVfloat3@2@HAEAPEAV42@AEAHM@Z 00000001800250a0 f   hulllib.obj
 0001:00024e60       ?calchullpbev@HullLibrary@physx@@AEAA?AW4HullError@2@PEAVfloat3@2@HHAEAV?$Array@VPlane@physx@@@hullLibArray@2@M@Z 0000000180025e60 f   hulllib.obj
 0001:00025b70       ?ComputeHull@HullLibrary@physx@@AEAA?AW4HullError@2@IPEBMAEAVPHullResult@2@IMM@Z 0000000180026b70 f   hulllib.obj
 0001:00026020       ?overhullv@HullLibrary@physx@@AEAA?AW4HullError@2@PEAVfloat3@2@HHAEAPEAV42@AEAHAEAPEAH2MMHM@Z 0000000180027020 f   hulllib.obj
 0001:000271b0       ??0ConvexH@physx@@QEAA@HHH@Z 00000001800281b0 f   hulllib.obj
 0001:0002a750       ?neib@Tri@physx@@QEAAAEAHHH@Z 000000018002b750 f   hulllib.obj
 0001:00030f80       ??$?2V?$ReflectionAllocator@VConvexH@physx@@@shdfnd@physx@@@UserAllocated@shdfnd@physx@@SAPEAX_KV?$ReflectionAllocator@VConvexH@physx@@@12@PEBDH@Z 0000000180031f80 f i hulllib.obj
 0001:00030fd0       ??$?2V?$ReflectionAllocator@VTri@physx@@@shdfnd@physx@@@UserAllocated@shdfnd@physx@@SAPEAX_KV?$ReflectionAllocator@VTri@physx@@@12@PEBDH@Z 0000000180031fd0 f i hulllib.obj
 0001:00031020       ??$?_UM@@YAPEAX_KV?$ReflectionAllocator@M@shdfnd@physx@@PEBDH@Z 0000000180032020 f i hulllib.obj
 0001:00031070       ??$Max@M@physx@@YAMAEBM0@Z 0000000180032070 f i hulllib.obj
 0001:000310d0       ??$Min@H@physx@@YAHAEBH0@Z 00000001800320d0 f i hulllib.obj
 0001:00031120       ??$Min@M@physx@@YAMAEBM0@Z 0000000180032120 f i hulllib.obj
 0001:00031180       ??$Swap@H@physx@@YAXAEAH0@Z 0000000180032180 f i hulllib.obj
 0001:000311d0       ??$__vcrt_va_start_verify_argument_type@QEBD@@YAXXZ 00000001800321d0 f i hulllib.obj
 0001:000311e0       ??$maxdir@Vfloat3@physx@@@physx@@YAHPEBVfloat3@0@HAEBV10@@Z 00000001800321e0 f i hulllib.obj
 0001:00031310       ??$maxdirfiltered@Vfloat3@physx@@@physx@@YAHPEBVfloat3@0@HAEBV10@PEA_N@Z 0000000180032310 f i hulllib.obj
 0001:000314d0       ??$maxdirsterid@Vfloat3@physx@@@physx@@YAHPEBVfloat3@0@HAEBV10@AEAV?$Array@H@hullLibArray@0@@Z 00000001800324d0 f i hulllib.obj
 0001:00031ac0       ??0?$Array@H@hullLibArray@physx@@QEAA@H@Z 0000000180032ac0 f i hulllib.obj
 0001:00031b30       ??0?$Array@PEAVTri@physx@@@hullLibArray@physx@@QEAA@H@Z 0000000180032b30 f i hulllib.obj
 0001:00031ba0       ??0?$Array@UExpandPlane@physx@@@hullLibArray@physx@@QEAA@H@Z 0000000180032ba0 f i hulllib.obj
 0001:00031c10       ??0?$Array@VHalfEdge@ConvexH@physx@@@hullLibArray@physx@@QEAA@H@Z 0000000180032c10 f i hulllib.obj
 0001:00031c80       ??0?$Array@VPlane@physx@@@hullLibArray@physx@@QEAA@H@Z 0000000180032c80 f i hulllib.obj
 0001:00031cf0       ??0?$Array@Vfloat3@physx@@@hullLibArray@physx@@QEAA@H@Z 0000000180032cf0 f i hulllib.obj
 0001:00031d60       ??0?$Array@Vint3@physx@@@hullLibArray@physx@@QEAA@H@Z 0000000180032d60 f i hulllib.obj
 0001:00031dd0       ??0?$ReflectionAllocator@M@shdfnd@physx@@QEAA@PEBD@Z 0000000180032dd0 f i hulllib.obj
 0001:00031df0       ??0?$ReflectionAllocator@VConvexH@physx@@@shdfnd@physx@@QEAA@PEBD@Z 0000000180032df0 f i hulllib.obj
 0001:00031e10       ??0?$ReflectionAllocator@VTri@physx@@@shdfnd@physx@@QEAA@PEBD@Z 0000000180032e10 f i hulllib.obj
 0001:00031e30       ??0?$ScopedPointer@_NVTempAllocator@shdfnd@physx@@@shdfnd@physx@@QEAA@XZ 0000000180032e30 f i hulllib.obj
 0001:00031e60       ??0ExpandPlane@physx@@QEAA@XZ 0000000180032e60 f i hulllib.obj
 0001:00031f10       ??0HalfEdge@ConvexH@physx@@QEAA@FEE@Z 0000000180032f10 f i hulllib.obj
 0001:00031f70       ??0HalfEdge@ConvexH@physx@@QEAA@XZ 0000000180032f70 f i hulllib.obj
 0001:00031f80       ??0PHullResult@physx@@QEAA@XZ 0000000180032f80 f i hulllib.obj
 0001:00031fe0       ??0Plane@physx@@QEAA@AEBVfloat3@1@M@Z 0000000180032fe0 f i hulllib.obj
 0001:00032030       ??0Plane@physx@@QEAA@XZ    0000000180033030 f i hulllib.obj
 0001:00032070       ??0Tri@physx@@QEAA@HHHPEAV?$Array@PEAVTri@physx@@@hullLibArray@1@@Z 0000000180033070 f i hulllib.obj
 0001:00032130       ??0float3@physx@@QEAA@MMM@Z 0000000180033130 f i hulllib.obj
 0001:00032190       ??0float3@physx@@QEAA@XZ   0000000180033190 f i hulllib.obj
 0001:000321d0       ??0float3x3@physx@@QEAA@Vfloat3@1@00@Z 00000001800331d0 f i hulllib.obj
 0001:00032240       ??0float3x3@physx@@QEAA@XZ 0000000180033240 f i hulllib.obj
 0001:000322a0       ??0int3@physx@@QEAA@HHH@Z  00000001800332a0 f i hulllib.obj
 0001:000322f0       ??0int4@physx@@QEAA@HHHH@Z 00000001800332f0 f i hulllib.obj
 0001:00032350       ??1?$Array@H@hullLibArray@physx@@QEAA@XZ 0000000180033350 f i hulllib.obj
 0001:000323d0       ??1?$Array@PEAVTri@physx@@@hullLibArray@physx@@QEAA@XZ 00000001800333d0 f i hulllib.obj
 0001:00032450       ??1?$Array@UExpandPlane@physx@@@hullLibArray@physx@@QEAA@XZ 0000000180033450 f i hulllib.obj
 0001:000324d0       ??1?$Array@VHalfEdge@ConvexH@physx@@@hullLibArray@physx@@QEAA@XZ 00000001800334d0 f i hulllib.obj
 0001:00032550       ??1?$Array@VPlane@physx@@@hullLibArray@physx@@QEAA@XZ 0000000180033550 f i hulllib.obj
 0001:000325d0       ??1?$Array@Vfloat3@physx@@@hullLibArray@physx@@QEAA@XZ 00000001800335d0 f i hulllib.obj
 0001:00032650       ??1?$Array@Vint3@physx@@@hullLibArray@physx@@QEAA@XZ 0000000180033650 f i hulllib.obj
 0001:000326d0       ??1?$ScopedPointer@_NVTempAllocator@shdfnd@physx@@@shdfnd@physx@@QEAA@XZ 00000001800336d0 f i hulllib.obj
 0001:00032710       ??1ConvexH@physx@@QEAA@XZ  0000000180033710 f i hulllib.obj
 0001:00032760       ??1Tri@physx@@IEAA@XZ      0000000180033760 f i hulllib.obj
 0001:00032770       ??8physx@@YAHAEBVPlane@0@0@Z 0000000180033770 f i hulllib.obj
 0001:000327e0       ??8physx@@YAHAEBVfloat3@0@0@Z 00000001800337e0 f i hulllib.obj
 0001:00032860       ??9physx@@YAHAEBVfloat3@0@0@Z 0000000180033860 f i hulllib.obj
 0001:000328e0       ??A?$Array@H@hullLibArray@physx@@QEAAAEAHH@Z 00000001800338e0 f i hulllib.obj
 0001:00032980       ??A?$Array@PEAVTri@physx@@@hullLibArray@physx@@QEAAAEAPEAVTri@2@H@Z 0000000180033980 f i hulllib.obj
 0001:00032a20       ??A?$Array@UExpandPlane@physx@@@hullLibArray@physx@@QEAAAEAUExpandPlane@2@H@Z 0000000180033a20 f i hulllib.obj
 0001:00032ac0       ??A?$Array@VHalfEdge@ConvexH@physx@@@hullLibArray@physx@@QEAAAEAVHalfEdge@ConvexH@2@H@Z 0000000180033ac0 f i hulllib.obj
 0001:00032b60       ??A?$Array@VPlane@physx@@@hullLibArray@physx@@QEAAAEAVPlane@2@H@Z 0000000180033b60 f i hulllib.obj
 0001:00032c00       ??A?$Array@Vfloat3@physx@@@hullLibArray@physx@@QEAAAEAVfloat3@2@H@Z 0000000180033c00 f i hulllib.obj
 0001:00032ca0       ??Afloat3@physx@@QEAAAEAMH@Z 0000000180033ca0 f i hulllib.obj
 0001:00032d40       ??Afloat3@physx@@QEBAAEBMH@Z 0000000180033d40 f i hulllib.obj
 0001:00032de0       ??Afloat3x3@physx@@QEAAAEAVfloat3@1@H@Z 0000000180033de0 f i hulllib.obj
 0001:00032e80       ??Afloat3x3@physx@@QEBAAEBVfloat3@1@H@Z 0000000180033e80 f i hulllib.obj
 0001:00032f20       ??Aint3@physx@@QEAAAEAHH@Z 0000000180033f20 f i hulllib.obj
 0001:00032f40       ??Aint3@physx@@QEBAAEBHH@Z 0000000180033f40 f i hulllib.obj
 0001:00032f60       ??Aint4@physx@@QEAAAEAHH@Z 0000000180033f60 f i hulllib.obj
 0001:00032f80       ??B?$ScopedPointer@_NVTempAllocator@shdfnd@physx@@@shdfnd@physx@@QEBAPEA_NXZ 0000000180033f80 f i hulllib.obj
 0001:00032fa0       ??_G?$Array@PEAVTri@physx@@@hullLibArray@physx@@QEAAPEAXI@Z 0000000180033fa0 f i hulllib.obj
 0001:00032ff0       ??_GConvexH@physx@@QEAAPEAXI@Z 0000000180033ff0 f i hulllib.obj
 0001:00033060       ??_GTri@physx@@IEAAPEAXI@Z 0000000180034060 f i hulllib.obj
 0001:000330d0       ?Add@?$Array@H@hullLibArray@physx@@QEAAAEAHH@Z 00000001800340d0 f i hulllib.obj
 0001:00033200       ?Add@?$Array@PEAVTri@physx@@@hullLibArray@physx@@QEAAAEAPEAVTri@3@PEAV43@@Z 0000000180034200 f i hulllib.obj
 0001:00033340       ?Add@?$Array@UExpandPlane@physx@@@hullLibArray@physx@@QEAAAEAUExpandPlane@3@U43@@Z 0000000180034340 f i hulllib.obj
 0001:00033490       ?Add@?$Array@VPlane@physx@@@hullLibArray@physx@@QEAAAEAVPlane@3@V43@@Z 0000000180034490 f i hulllib.obj
 0001:000335e0       ?Add@?$Array@Vfloat3@physx@@@hullLibArray@physx@@QEAAAEAVfloat3@3@V43@@Z 00000001800345e0 f i hulllib.obj
 0001:00033730       ?Add@?$Array@Vint3@physx@@@hullLibArray@physx@@QEAAAEAVint3@3@V43@@Z 0000000180034730 f i hulllib.obj
 0001:00033880       ?HasHullFlag@HullDesc@physx@@QEBA_NW4HullFlag@2@@Z 0000000180034880 f i hulllib.obj
 0001:00033a50       ?PxMemSet@physx@@YAPEAXPEIAXHI@Z 0000000180034a50 f i hulllib.obj
 0001:00033a90       ?SetSize@?$Array@PEAVTri@physx@@@hullLibArray@physx@@QEAAXH@Z 0000000180034a90 f i hulllib.obj
 0001:00033b40       ?SetSize@?$Array@Vint3@physx@@@hullLibArray@physx@@QEAAXH@Z 0000000180034b40 f i hulllib.obj
 0001:00033bf0       ?allocate@?$Array@H@hullLibArray@physx@@QEAAXH@Z 0000000180034bf0 f i hulllib.obj
 0001:00033e70       ?allocate@?$Array@PEAVTri@physx@@@hullLibArray@physx@@QEAAXH@Z 0000000180034e70 f i hulllib.obj
 0001:000340f0       ?allocate@?$Array@UExpandPlane@physx@@@hullLibArray@physx@@QEAAXH@Z 00000001800350f0 f i hulllib.obj
 0001:000343b0       ?allocate@?$Array@VHalfEdge@ConvexH@physx@@@hullLibArray@physx@@QEAAXH@Z 00000001800353b0 f i hulllib.obj
 0001:00034630       ?allocate@?$Array@VPlane@physx@@@hullLibArray@physx@@QEAAXH@Z 0000000180035630 f i hulllib.obj
 0001:000348f0       ?allocate@?$Array@Vfloat3@physx@@@hullLibArray@physx@@QEAAXH@Z 00000001800358f0 f i hulllib.obj
 0001:00034bb0       ?allocate@?$Array@Vint3@physx@@@hullLibArray@physx@@QEAAXH@Z 0000000180035bb0 f i hulllib.obj
 0001:00034e70       ?allocate@?$ReflectionAllocator@M@shdfnd@physx@@QEAAPEAX_KPEBDH@Z 0000000180035e70 f i hulllib.obj
 0001:00034f10       ?allocate@?$ReflectionAllocator@VConvexH@physx@@@shdfnd@physx@@QEAAPEAX_KPEBDH@Z 0000000180035f10 f i hulllib.obj
 0001:00034fb0       ?allocate@?$ReflectionAllocator@VTri@physx@@@shdfnd@physx@@QEAAPEAX_KPEBDH@Z 0000000180035fb0 f i hulllib.obj
 0001:00035050       ?distance@Plane@physx@@QEBAMAEBVfloat3@2@@Z 0000000180036050 f i hulllib.obj
 0001:000350c0       ?getName@?$ReflectionAllocator@M@shdfnd@physx@@CAPEBDXZ 00000001800360c0 f i hulllib.obj
 0001:00035110       ?getName@?$ReflectionAllocator@VConvexH@physx@@@shdfnd@physx@@CAPEBDXZ 0000000180036110 f i hulllib.obj
 0001:00035160       ?getName@?$ReflectionAllocator@VTri@physx@@@shdfnd@physx@@CAPEBDXZ 0000000180036160 f i hulllib.obj
 0001:000351b0       ?memSet@intrinsics@physx@@YAPEAXPEIAXHI@Z 00000001800361b0 f i hulllib.obj
 0001:00035200       ?to8@shdfnd@physx@@YAEG@Z  0000000180036200 f i hulllib.obj
 0001:00035280       __local_stdio_printf_options 0000000180036280 f i hulllib.obj
 0001:00035290       _vfprintf_l                0000000180036290 f i hulllib.obj
 0001:000352f0       printf                     00000001800362f0 f i hulllib.obj
 0001:000353f0       ?computeVolumeIntegrals@physx@@YA_NAEBVPxSimpleTriangleMesh@1@MAEAUPxIntegrals@1@@Z 00000001800363f0 f   VolumeIntegration.obj
 0001:00035480       ?computeVolumeIntegralsEberly@physx@@YA_NAEBVPxSimpleTriangleMesh@1@MAEAUPxIntegrals@1@AEBVPxVec3@1@@Z 0000000180036480 f   VolumeIntegration.obj
 0001:0003a0c0       ??4?$PxFlags@W4Enum@PxMeshFlag@physx@@G@physx@@QEAAAEAV01@AEBV01@@Z 000000018003b0c0 f i VolumeIntegration.obj
 0001:0003a0f0       ??4PxSimpleTriangleMesh@physx@@QEAAAEAV01@AEBV01@@Z 000000018003b0f0 f i VolumeIntegration.obj
 0001:0003a170       ?isZero@PxVec3@physx@@QEBA_NXZ 000000018003b170 f i VolumeIntegration.obj
 0001:0003a1d0       ?ComputeNbBoundaryEdges@AdjTriangle@physx@@QEBAIXZ 000000018003b1d0 f   Adjacencies.obj
 0001:0003a260       ?ComputeNbNeighbors@AdjTriangle@physx@@QEBAIXZ 000000018003b260 f   Adjacencies.obj
 0001:0003a2f0       ?HasNeighbor@AdjTriangle@physx@@QEBA_NIPEAI@Z 000000018003b2f0 f   Adjacencies.obj
 0001:0003a400       ?Flip@AdjTriangle@physx@@QEAAXXZ 000000018003b400 f   Adjacencies.obj
 0001:0003a450       ??0Adjacencies@physx@@QEAA@XZ 000000018003b450 f   Adjacencies.obj
 0001:0003a480       ??1Adjacencies@physx@@QEAA@XZ 000000018003b480 f   Adjacencies.obj
 0001:0003a4e0       ?Load@Adjacencies@physx@@QEAA_NAEAVPxInputStream@2@@Z 000000018003b4e0 f   Adjacencies.obj
 0001:0003a670       ?Walk@Adjacencies@physx@@QEAA_NP6AXAEBUCommonWalkParams@2@IIII@ZPEAX@Z 000000018003b670 f   Adjacencies.obj
 0001:0003a810       ?Walk2@Adjacencies@physx@@QEAA_NP6AXAEBUCommonWalkParams@2@IIII@ZPEAXPEBVPxVec3@2@PEBU?$TriangleT@I@Gu@2@@Z 000000018003b810 f   Adjacencies.obj
 0001:0003aa10       ?ComputeNbBoundaryEdges@Adjacencies@physx@@QEBAIXZ 000000018003ba10 f   Adjacencies.obj
 0001:0003aa90       ?GetBoundaryVertices@Adjacencies@physx@@QEBA_NIPEA_NPEBU?$TriangleT@I@Gu@2@@Z 000000018003ba90 f   Adjacencies.obj
 0001:0003ada0       ?MakeLastRef@Adjacencies@physx@@QEAA_NAEAVAdjTriangle@2@IPEAU?$TriangleT@I@Gu@2@@Z 000000018003bda0 f   Adjacencies.obj
 0001:0003b100       ?AssignNewEdgeCode@Adjacencies@physx@@AEAAXIE@Z 000000018003c100 f   Adjacencies.obj
 0001:0003b1a0       ??0AdjacenciesBuilder@physx@@QEAA@XZ 000000018003c1a0 f   Adjacencies.obj
 0001:0003b1d0       ??1AdjacenciesBuilder@physx@@QEAA@XZ 000000018003c1d0 f   Adjacencies.obj
 0001:0003b1f0       ?Init@AdjacenciesBuilder@physx@@QEAA_NAEBUADJACENCIESCREATE@2@@Z 000000018003c1f0 f   Adjacencies.obj
 0001:0003cdc0       ??$?_UV?$ReflectionAllocator@VAdjEdge@@@shdfnd@physx@@@UserAllocated@shdfnd@physx@@SAPEAX_KV?$ReflectionAllocator@VAdjEdge@@@12@PEBDH@Z 000000018003ddc0 f i Adjacencies.obj
 0001:0003ce10       ??$?_UV?$ReflectionAllocator@VAdjTriangle@physx@@@shdfnd@physx@@@UserAllocated@shdfnd@physx@@SAPEAX_KV?$ReflectionAllocator@VAdjTriangle@physx@@@12@PEBDH@Z 000000018003de10 f i Adjacencies.obj
 0001:0003ce60       ??$swap@M@shdfnd@physx@@YAXAEAM0@Z 000000018003de60 f i Adjacencies.obj
 0001:0003cec0       ??0?$ReflectionAllocator@VAdjEdge@@@shdfnd@physx@@QEAA@PEBD@Z 000000018003dec0 f i Adjacencies.obj
 0001:0003cee0       ??0?$ReflectionAllocator@VAdjTriangle@physx@@@shdfnd@physx@@QEAA@PEBD@Z 000000018003dee0 f i Adjacencies.obj
 0001:0003cf00       ??0?$TriangleT@I@Gu@physx@@QEAA@XZ 000000018003df00 f i Adjacencies.obj
 0001:0003cf10       ??0AdjEdge@@QEAA@XZ        000000018003df10 f i Adjacencies.obj
 0001:0003cf20       ??0AdjTriangle@physx@@QEAA@XZ 000000018003df20 f i Adjacencies.obj
 0001:0003cf60       ??1AdjEdge@@QEAA@XZ        000000018003df60 f i Adjacencies.obj
 0001:0003cf70       ??1AdjTriangle@physx@@QEAA@XZ 000000018003df70 f i Adjacencies.obj
 0001:0003cf80       ??_EAdjEdge@@QEAAPEAXI@Z   000000018003df80 f i Adjacencies.obj
 0001:0003d090       ??_EAdjTriangle@physx@@QEAAPEAXI@Z 000000018003e090 f i Adjacencies.obj
 0001:0003d1a0       ??_I@YAXPEAX_K1P6AX0@Z@Z   000000018003e1a0 f i Adjacencies.obj
 0001:0003d260       ??_VUserAllocated@shdfnd@physx@@SAXPEAX@Z 000000018003e260 f i Adjacencies.obj
 0001:0003d2a0       ?GetEdgeTriangle@EdgeList@Gu@physx@@QEBAAEBUEdgeTriangleData@23@I@Z 000000018003e2a0 f i Adjacencies.obj
 0001:0003d2d0       ?HasActiveEdge01@EdgeTriangleAC@Gu@physx@@SAHAEBUEdgeTriangleData@23@@Z 000000018003e2d0 f i Adjacencies.obj
 0001:0003d300       ?HasActiveEdge12@EdgeTriangleAC@Gu@physx@@SAHAEBUEdgeTriangleData@23@@Z 000000018003e300 f i Adjacencies.obj
 0001:0003d330       ?HasActiveEdge20@EdgeTriangleAC@Gu@physx@@SAHAEBUEdgeTriangleData@23@@Z 000000018003e330 f i Adjacencies.obj
 0001:0003dbc0       ?allocate@?$ReflectionAllocator@VAdjEdge@@@shdfnd@physx@@QEAAPEAX_KPEBDH@Z 000000018003ebc0 f i Adjacencies.obj
 0001:0003dc60       ?allocate@?$ReflectionAllocator@VAdjTriangle@physx@@@shdfnd@physx@@QEAAPEAX_KPEBDH@Z 000000018003ec60 f i Adjacencies.obj
 0001:0003dd00       ?findEdge@?$TriangleT@I@Gu@physx@@QEBAEII@Z 000000018003ed00 f i Adjacencies.obj
 0001:0003deb0       ?getName@?$ReflectionAllocator@VAdjEdge@@@shdfnd@physx@@CAPEBDXZ 000000018003eeb0 f i Adjacencies.obj
 0001:0003df00       ?getName@?$ReflectionAllocator@VAdjTriangle@physx@@@shdfnd@physx@@CAPEBDXZ 000000018003ef00 f i Adjacencies.obj
 0001:0003df50       PxCreateCooking            000000018003ef50 f   Cooking.obj
 0001:0003e040       ?release@Cooking@physx@@UEAAXXZ 000000018003f040 f   Cooking.obj
 0001:0003e0a0       ?setParams@Cooking@physx@@UEAAXAEBUPxCookingParams@2@@Z 000000018003f0a0 f   Cooking.obj
 0001:0003e0d0       ?getParams@Cooking@physx@@UEAAAEBUPxCookingParams@2@XZ 000000018003f0d0 f   Cooking.obj
 0001:0003e0f0       ?platformMismatch@Cooking@physx@@UEAA_NXZ 000000018003f0f0 f   Cooking.obj
 0001:0003e270       ?cookTriangleMesh@Cooking@physx@@UEAA_NAEBVPxTriangleMeshDesc@2@AEAVPxOutputStream@2@@Z 000000018003f270 f   Cooking.obj
 0001:0003e480       ?createTriangleMesh@Cooking@physx@@UEAAPEAVPxTriangleMesh@2@AEBVPxTriangleMeshDesc@2@AEAVPxPhysicsInsertionCallback@2@@Z 000000018003f480 f   Cooking.obj
 0001:0003e6e0       ?validateTriangleMesh@Cooking@physx@@UEAA_NAEBVPxTriangleMeshDesc@2@@Z 000000018003f6e0 f   Cooking.obj
 0001:0003e7a0       ?cookConvexMesh@Cooking@physx@@UEAA_NAEBVPxConvexMeshDesc@2@AEAVPxOutputStream@2@PEAW4Enum@PxConvexMeshCookingResult@2@@Z 000000018003f7a0 f   Cooking.obj
 0001:0003edd0       ?computeHullPolygons@Cooking@physx@@UEAA_NAEBVPxSimpleTriangleMesh@2@AEAVPxAllocatorCallback@2@AEAIAEAPEAVPxVec3@2@2AEAPEAI2AEAPEAUPxHullPolygon@2@@Z 000000018003fdd0 f   Cooking.obj
 0001:0003f0a0       ?cookHeightField@Cooking@physx@@UEAA_NAEBVPxHeightFieldDesc@2@AEAVPxOutputStream@2@@Z 00000001800400a0 f   Cooking.obj
 0001:0003f360       ?createHeightField@Cooking@physx@@UEAAPEAVPxHeightField@2@AEBVPxHeightFieldDesc@2@AEAVPxPhysicsInsertionCallback@2@@Z 0000000180040360 f   Cooking.obj
 0001:0003f610       ?loadTriangleMeshDesc@Cooking@physx@@AEAA_NAEBVPxTriangleMeshDesc@2@AEAVTriangleMeshBuilder@2@@Z 0000000180040610 f   Cooking.obj
 0001:0003fd10       ??$?2V?$ReflectionAllocator@VCooking@physx@@@shdfnd@physx@@@UserAllocated@shdfnd@physx@@SAPEAX_KV?$ReflectionAllocator@VCooking@physx@@@12@PEBDH@Z 0000000180040d10 f i Cooking.obj
 0001:0003fd60       ??$PX_UNUSED@VPxFoundation@physx@@@@YAXAEBVPxFoundation@physx@@@Z 0000000180040d60 f i Cooking.obj
 0001:0003fd70       ??0?$PxFlags@W4Enum@PxConvexFlag@physx@@G@physx@@QEAA@W4Enum@PxConvexFlag@1@@Z 0000000180040d70 f i Cooking.obj
 0001:0003fda0       ??0?$PxFlags@W4Enum@PxConvexFlag@physx@@G@physx@@QEAA@XZ 0000000180040da0 f i Cooking.obj
 0001:0003fdc0       ??0?$PxFlags@W4Enum@PxHeightFieldFlag@physx@@G@physx@@QEAA@AEBV01@@Z 0000000180040dc0 f i Cooking.obj
 0001:0003fdf0       ??0?$ReflectionAllocator@VCooking@physx@@@shdfnd@physx@@QEAA@PEBD@Z 0000000180040df0 f i Cooking.obj
 0001:0003fe10       ??0?$ReflectionAllocator@VHeightField@Gu@physx@@@shdfnd@physx@@QEAA@PEBD@Z 0000000180040e10 f i Cooking.obj
 0001:0003fe30       ??0?$ReflectionAllocator@VTriangleMeshBuilder@physx@@@shdfnd@physx@@QEAA@PEBD@Z 0000000180040e30 f i Cooking.obj
 0001:0003fe50       ??0Cooking@physx@@QEAA@AEBUPxCookingParams@1@@Z 0000000180040e50 f i Cooking.obj
 0001:0003feb0       ??0HullDesc@physx@@QEAA@XZ 0000000180040eb0 f i Cooking.obj
 0001:0003ff40       ??0HullResult@physx@@QEAA@XZ 0000000180040f40 f i Cooking.obj
 0001:0003ffb0       ??0PxConvexMeshDesc@physx@@QEAA@AEBV01@@Z 0000000180040fb0 f i Cooking.obj
 0001:00040080       ??0PxCooking@physx@@QEAA@XZ 0000000180041080 f i Cooking.obj
 0001:000400a0       ??0PxCookingParams@physx@@QEAA@AEBU01@@Z 00000001800410a0 f i Cooking.obj
 0001:000401c0       ??0TriangleMeshBuilder@physx@@QEAA@XZ 00000001800411c0 f i Cooking.obj
 0001:00040210       ??1Cooking@physx@@UEAA@XZ  0000000180041210 f i Cooking.obj
 0001:00040230       ??1PxCooking@physx@@MEAA@XZ 0000000180041230 f i Cooking.obj
 0001:00040250       ??1TriangleMeshBuilder@physx@@UEAA@XZ 0000000180041250 f i Cooking.obj
 0001:00040270       ??4?$PxFlags@W4Enum@PxMeshPreprocessingFlag@physx@@I@physx@@QEAAAEAV01@AEBV01@@Z 0000000180041270 f i Cooking.obj
 0001:000402a0       ??4PxCookingParams@physx@@QEAAAEAU01@AEBU01@@Z 00000001800412a0 f i Cooking.obj
 0001:000403c0       ??9?$PxFlags@W4Enum@PxHeightFieldFlag@physx@@G@physx@@QEBA_NAEBV01@@Z 00000001800413c0 f i Cooking.obj
 0001:00040410       ??I?$PxFlags@W4Enum@PxHeightFieldFlag@physx@@G@physx@@QEBA?AV01@W4Enum@PxHeightFieldFlag@1@@Z 0000000180041410 f i Cooking.obj
 0001:00040480       ??S?$PxFlags@W4Enum@PxConvexFlag@physx@@G@physx@@QEBA?AV01@XZ 0000000180041480 f i Cooking.obj
 0001:000404d0       ??Sphysx@@YA?AV?$PxFlags@W4Enum@PxConvexFlag@physx@@G@0@W4Enum@PxConvexFlag@0@@Z 00000001800414d0 f i Cooking.obj
 0001:00040510       ??_4?$PxFlags@W4Enum@PxConvexFlag@physx@@G@physx@@QEAAAEAV01@AEBV01@@Z 0000000180041510 f i Cooking.obj
 0001:00040548       ??_ETriangleMeshBuilder@physx@@WBA@EAAPEAXI@Z 0000000180041548 f i Cooking.obj
 0001:00040560       ??_ECooking@physx@@UEAAPEAXI@Z 0000000180041560 f i Cooking.obj
 0001:00040560       ??_GCooking@physx@@UEAAPEAXI@Z 0000000180041560 f i Cooking.obj
 0001:000405d0       ??_GPxCooking@physx@@MEAAPEAXI@Z 00000001800415d0 f i Cooking.obj
 0001:000405d0       ??_EPxCooking@physx@@MEAAPEAXI@Z 00000001800415d0 f i Cooking.obj
 0001:00040620       ??_ETriangleMeshBuilder@physx@@UEAAPEAXI@Z 0000000180041620 f i Cooking.obj
 0001:00040620       ??_GTriangleMeshBuilder@physx@@UEAAPEAXI@Z 0000000180041620 f i Cooking.obj
 0001:00040690       ?allocate@?$ReflectionAllocator@VCooking@physx@@@shdfnd@physx@@QEAAPEAX_KPEBDH@Z 0000000180041690 f i Cooking.obj
 0001:00040730       ?allocate@?$ReflectionAllocator@VHeightField@Gu@physx@@@shdfnd@physx@@QEAAPEAX_KPEBDH@Z 0000000180041730 f i Cooking.obj
 0001:000407d0       ?allocate@?$ReflectionAllocator@VTriangleMeshBuilder@physx@@@shdfnd@physx@@QEAAPEAX_KPEBDH@Z 00000001800417d0 f i Cooking.obj
 0001:00040870       ?getName@?$ReflectionAllocator@VCooking@physx@@@shdfnd@physx@@CAPEBDXZ 0000000180041870 f i Cooking.obj
 0001:000408c0       ?getName@?$ReflectionAllocator@VHeightField@Gu@physx@@@shdfnd@physx@@CAPEBDXZ 00000001800418c0 f i Cooking.obj
 0001:00040910       ?getName@?$ReflectionAllocator@VTriangleMeshBuilder@physx@@@shdfnd@physx@@CAPEBDXZ 0000000180041910 f i Cooking.obj
 0001:00040960       ?isValid@PxHeightFieldDesc@physx@@QEBA_NXZ 0000000180041960 f i Cooking.obj
 0001:00040a80       ?littleEndian@shdfnd@physx@@YADXZ 0000000180041a80 f i Cooking.obj
 0001:00040aa0       ?requires@TriangleMesh@Gu@physx@@UEAAXAEAVPxProcessPxBaseCallback@3@@Z 0000000180041aa0 f i Cooking.obj
 0001:00040ab0       ??0ReducedVertexCloud@physx@@QEAA@PEBVPxVec3@1@I@Z 0000000180041ab0 f   CookingUtils.obj
 0001:00040b10       ??1ReducedVertexCloud@physx@@QEAA@XZ 0000000180041b10 f   CookingUtils.obj
 0001:00040b30       ?Clean@ReducedVertexCloud@physx@@QEAAAEAV12@XZ 0000000180041b30 f   CookingUtils.obj
 0001:00040bb0       ?Reduce@ReducedVertexCloud@physx@@QEAA_NPEAUREDUCEDCLOUD@2@@Z 0000000180041bb0 f   CookingUtils.obj
 0001:00041210       ??0EdgeList@Gu@physx@@QEAA@XZ 0000000180042210 f   EdgeList.obj
 0001:00041260       ??1EdgeList@Gu@physx@@QEAA@XZ 0000000180042260 f   EdgeList.obj
 0001:00041330       ?Load@EdgeList@Gu@physx@@QEAA_NAEAVPxInputStream@3@@Z 0000000180042330 f   EdgeList.obj
 0001:00041670       ??0EdgeListBuilder@Gu@physx@@QEAA@XZ 0000000180042670 f   EdgeList.obj
 0001:000416a0       ??1EdgeListBuilder@Gu@physx@@QEAA@XZ 00000001800426a0 f   EdgeList.obj
 0001:000416c0       ?Init@EdgeListBuilder@Gu@physx@@QEAA_NAEBUEDGELISTCREATE@23@@Z 00000001800426c0 f   EdgeList.obj
 0001:000418a0       ?CreateFacesToEdges@EdgeListBuilder@Gu@physx@@AEAA_NIPEBIPEBG@Z 00000001800428a0 f   EdgeList.obj
 0001:00042080       ?CreateEdgesToFaces@EdgeListBuilder@Gu@physx@@AEAA_NIPEBIPEBG@Z 0000000180043080 f   EdgeList.obj
 0001:00042620       ?ComputeActiveEdges@EdgeListBuilder@Gu@physx@@AEAA_NIPEBIPEBGPEBVPxVec3@3@M@Z 0000000180043620 f   EdgeList.obj
 0001:00044c40       ??$?_UUEdgeData@Gu@physx@@@@YAPEAX_KV?$ReflectionAllocator@UEdgeData@Gu@physx@@@shdfnd@physx@@PEBDH@Z 0000000180045c40 f i EdgeList.obj
 0001:00044c90       ??$?_UUEdgeTriangleData@Gu@physx@@@@YAPEAX_KV?$ReflectionAllocator@UEdgeTriangleData@Gu@physx@@@shdfnd@physx@@PEBDH@Z 0000000180045c90 f i EdgeList.obj
 0001:00044ce0       ??0?$ReflectionAllocator@UEdgeData@Gu@physx@@@shdfnd@physx@@QEAA@PEBD@Z 0000000180045ce0 f i EdgeList.obj
 0001:00044d00       ??0?$ReflectionAllocator@UEdgeTriangleData@Gu@physx@@@shdfnd@physx@@QEAA@PEBD@Z 0000000180045d00 f i EdgeList.obj
 0001:00044d20       ??0PxTriangle@physx@@QEAA@AEBVPxVec3@1@00@Z 0000000180045d20 f i EdgeList.obj
 0001:00044df0       ??1PxTriangle@physx@@QEAA@XZ 0000000180045df0 f i EdgeList.obj
 0001:00044e00       ?GetEdgeToTriangles@EdgeList@Gu@physx@@QEBAPEBUEdgeDescData@23@XZ 0000000180045e00 f i EdgeList.obj
 0001:00044e20       ?GetEdges@EdgeList@Gu@physx@@QEBAPEBUEdgeData@23@XZ 0000000180045e20 f i EdgeList.obj
 0001:00044e40       ?GetFacesByEdges@EdgeList@Gu@physx@@QEBAPEBIXZ 0000000180045e40 f i EdgeList.obj
 0001:00044e60       ?OppositeVertex@@YAIIIIII@Z 0000000180045e60 f i EdgeList.obj
 0001:00044f30       ?PxAtan2@physx@@YAMMM@Z    0000000180045f30 f i EdgeList.obj
 0001:00044f60       ?allocate@?$ReflectionAllocator@UEdgeData@Gu@physx@@@shdfnd@physx@@QEAAPEAX_KPEBDH@Z 0000000180045f60 f i EdgeList.obj
 0001:00045000       ?allocate@?$ReflectionAllocator@UEdgeTriangleData@Gu@physx@@@shdfnd@physx@@QEAAPEAX_KPEBDH@Z 0000000180046000 f i EdgeList.obj
 0001:000450a0       ?angle@shdfnd@physx@@YAMAEBVPxVec3@2@0@Z 00000001800460a0 f i EdgeList.obj
 0001:00045120       ?getName@?$ReflectionAllocator@UEdgeData@Gu@physx@@@shdfnd@physx@@CAPEBDXZ 0000000180046120 f i EdgeList.obj
 0001:00045170       ?getName@?$ReflectionAllocator@UEdgeTriangleData@Gu@physx@@@shdfnd@physx@@CAPEBDXZ 0000000180046170 f i EdgeList.obj
 0001:000451c0       ?normal@PxTriangle@physx@@QEBAXAEAVPxVec3@2@@Z 00000001800461c0 f i EdgeList.obj
 0001:000452b0       ??0InternalTriangleMeshBuilder@physx@@QEAA@PEAVInternalTriangleMesh@1@AEBUPxCookingParams@1@@Z 00000001800462b0 f   InternalTriangleMeshBuilder.obj
[...]
 0005:00000268       __imp_wcscpy_s             0000000180062268     ucrtd:ucrtbased.dll
 0005:00000270       __imp__initterm            0000000180062270     ucrtd:ucrtbased.dll
 0005:00000278       __imp__CrtDbgReportW       0000000180062278     ucrtd:ucrtbased.dll
 0005:00000280       __imp__CrtDbgReport        0000000180062280     ucrtd:ucrtbased.dll
 0005:00000288       __imp_floorf               0000000180062288     ucrtd:ucrtbased.dll
 0005:00000290       __imp_atan2f               0000000180062290     ucrtd:ucrtbased.dll
 0005:00000298       __imp___stdio_common_vsprintf_s 0000000180062298     ucrtd:ucrtbased.dll
 0005:000002a0       __imp_cosf                 00000001800622a0     ucrtd:ucrtbased.dll
 0005:000002a8       __imp_cos                  00000001800622a8     ucrtd:ucrtbased.dll
 0005:000002b0       __imp___stdio_common_vfprintf 00000001800622b0     ucrtd:ucrtbased.dll
 0005:000002b8       __imp___acrt_iob_func      00000001800622b8     ucrtd:ucrtbased.dll
 0005:000002c0       __imp_sqrtf                00000001800622c0     ucrtd:ucrtbased.dll
 0005:000002c8       __imp_powf                 00000001800622c8     ucrtd:ucrtbased.dll
 0005:000002d0       __imp_fabs                 00000001800622d0     ucrtd:ucrtbased.dll
 0005:000002d8       __imp__fpclass             00000001800622d8     ucrtd:ucrtbased.dll
 0005:000002e0       __imp_strcmp               00000001800622e0     ucrtd:ucrtbased.dll
 0005:000002e8       __imp_terminate            00000001800622e8     ucrtd:ucrtbased.dll
 0005:000002f0       __imp__cexit               00000001800622f0     ucrtd:ucrtbased.dll
 0005:000002f8       __imp__crt_at_quick_exit   00000001800622f8     ucrtd:ucrtbased.dll
 0005:00000300       __imp__crt_atexit          0000000180062300     ucrtd:ucrtbased.dll
 0005:00000308       __imp__execute_onexit_table 0000000180062308     ucrtd:ucrtbased.dll
 0005:00000310       __imp__initterm_e          0000000180062310     ucrtd:ucrtbased.dll
 0005:00000318       __imp__initialize_onexit_table 0000000180062318     ucrtd:ucrtbased.dll
 0005:00000320       __imp__initialize_narrow_environment 0000000180062320     ucrtd:ucrtbased.dll
 0005:00000328       __imp__configure_narrow_argv 0000000180062328     ucrtd:ucrtbased.dll
 0005:00000330       __imp__seh_filter_dll      0000000180062330     ucrtd:ucrtbased.dll
 0005:00000338       __imp__free_dbg            0000000180062338     ucrtd:ucrtbased.dll
 0005:00000340       __imp_malloc               0000000180062340     ucrtd:ucrtbased.dll
 0005:00000348       __imp_sinf                 0000000180062348     ucrtd:ucrtbased.dll
 0005:00000350       __imp__callnewh            0000000180062350     ucrtd:ucrtbased.dll
 0005:00000358       __imp__register_onexit_function 0000000180062358     ucrtd:ucrtbased.dll
 0005:00000360       \177ucrtbased_NULL_THUNK_DATA 0000000180062360     ucrtd:ucrtbased.dll
 0005:000003e8       __IMPORT_DESCRIPTOR_KERNEL32 00000001800623e8     kernel32:KERNEL32.dll
 0005:000003fc       __IMPORT_DESCRIPTOR_VCRUNTIME140D 00000001800623fc     vcruntimed:VCRUNTIME140D.dll
 0005:00000410       __IMPORT_DESCRIPTOR_ucrtbased 0000000180062410     ucrtd:ucrtbased.dll
 0005:00000424       __NULL_IMPORT_DESCRIPTOR   0000000180062424     kernel32:KERNEL32.dll
 0006:00000000       __DELAY_IMPORT_DESCRIPTOR_PhysX3CommonDEBUG_x64_dll 0000000180063000     PhysX3CommonDEBUG_x64:PhysX3CommonDEBUG_x64.dll
 0006:00000020       __NULL_DELAY_IMPORT_DESCRIPTOR 0000000180063020     PhysX3CommonDEBUG_x64:PhysX3CommonDEBUG_x64.dll
 0006:000003a8       \177PhysX3CommonDEBUG_x64_NULL_THUNK_DATA_DLN 00000001800633a8     PhysX3CommonDEBUG_x64:PhysX3CommonDEBUG_x64.dll
 0006:000004a8       __imp_?writeWord@physx@@YAXG_NAEAVPxOutputStream@1@@Z 00000001800634a8     PhysX3CommonDEBUG_x64:PhysX3CommonDEBUG_x64.dll
 0006:000004b0       __imp_?writeDword@physx@@YAXI_NAEAVPxOutputStream@1@@Z 00000001800634b0     PhysX3CommonDEBUG_x64:PhysX3CommonDEBUG_x64.dll
 0006:000004b8       __imp_?writeFloat@physx@@YAXM_NAEAVPxOutputStream@1@@Z 00000001800634b8     PhysX3CommonDEBUG_x64:PhysX3CommonDEBUG_x64.dll
 0006:000004c0       __imp_?writeHeader@physx@@YA_NCCCCI_NAEAVPxOutputStream@1@@Z 00000001800634c0     PhysX3CommonDEBUG_x64:PhysX3CommonDEBUG_x64.dll
 0006:000004c8       __imp_??0Allocator@shdfnd@physx@@QEAA@PEBD@Z 00000001800634c8     PhysX3CommonDEBUG_x64:PhysX3CommonDEBUG_x64.dll
 0006:000004d0       __imp_?allocate@Allocator@shdfnd@physx@@QEAAPEAX_KPEBDH@Z 00000001800634d0     PhysX3CommonDEBUG_x64:PhysX3CommonDEBUG_x64.dll
 0006:000004d8       __imp_??0NamedAllocator@shdfnd@physx@@QEAA@PEBD@Z 00000001800634d8     PhysX3CommonDEBUG_x64:PhysX3CommonDEBUG_x64.dll
 0006:000004e0       __imp_??0NamedAllocator@shdfnd@physx@@QEAA@AEBV012@@Z 00000001800634e0     PhysX3CommonDEBUG_x64:PhysX3CommonDEBUG_x64.dll
 0006:000004e8       __imp_??1NamedAllocator@shdfnd@physx@@QEAA@XZ 00000001800634e8     PhysX3CommonDEBUG_x64:PhysX3CommonDEBUG_x64.dll
 0006:000004f0       __imp_?allocate@NamedAllocator@shdfnd@physx@@QEAAPEAX_KPEBDH@Z 00000001800634f0     PhysX3CommonDEBUG_x64:PhysX3CommonDEBUG_x64.dll
 0006:000004f8       __imp_?deallocate@NamedAllocator@shdfnd@physx@@QEAAXPEAX@Z 00000001800634f8     PhysX3CommonDEBUG_x64:PhysX3CommonDEBUG_x64.dll
 0006:00000500       __imp_?PxGetAssertHandler@physx@@YAAEAVPxAssertHandler@1@XZ 0000000180063500     PhysX3CommonDEBUG_x64:PhysX3CommonDEBUG_x64.dll
 0006:00000508       __imp_?validate@RTree@Gu@physx@@QEAAXXZ 0000000180063508     PhysX3CommonDEBUG_x64:PhysX3CommonDEBUG_x64.dll
 0006:00000510       __imp_??0TempAllocator@shdfnd@physx@@QEAA@PEBD@Z 0000000180063510     PhysX3CommonDEBUG_x64:PhysX3CommonDEBUG_x64.dll
 0006:00000518       __imp_?allocate@TempAllocator@shdfnd@physx@@QEAAPEAX_KPEBDH@Z 0000000180063518     PhysX3CommonDEBUG_x64:PhysX3CommonDEBUG_x64.dll
 0006:00000520       __imp_?deallocate@TempAllocator@shdfnd@physx@@QEAAXPEAX@Z 0000000180063520     PhysX3CommonDEBUG_x64:PhysX3CommonDEBUG_x64.dll
 0006:00000528       __imp_?computeBoundsAroundVertices@Gu@physx@@YAXAEAVPxBounds3@2@IPEIBVPxVec3@2@@Z 0000000180063528     PhysX3CommonDEBUG_x64:PhysX3CommonDEBUG_x64.dll
 0006:00000530       __imp_PxGetFoundation      0000000180063530     PhysX3CommonDEBUG_x64:PhysX3CommonDEBUG_x64.dll
 0006:00000538       __imp_?getAllocator@shdfnd@physx@@YAAEAVPxAllocatorCallback@2@XZ 0000000180063538     PhysX3CommonDEBUG_x64:PhysX3CommonDEBUG_x64.dll
 0006:00000540       __imp_?deallocate@Allocator@shdfnd@physx@@QEAAXPEAX@Z 0000000180063540     PhysX3CommonDEBUG_x64:PhysX3CommonDEBUG_x64.dll
 0006:00000548       __imp_?getInstance@Foundation@shdfnd@physx@@SAAEAV123@XZ 0000000180063548     PhysX3CommonDEBUG_x64:PhysX3CommonDEBUG_x64.dll
 0006:00000550       __imp_?error@Foundation@shdfnd@physx@@QEAAXW4Enum@PxErrorCode@3@PEBDH1ZZ 0000000180063550     PhysX3CommonDEBUG_x64:PhysX3CommonDEBUG_x64.dll
 0006:00000558       __imp_?save@RTree@Gu@physx@@QEBA_NAEAVPxOutputStream@3@@Z 0000000180063558     PhysX3CommonDEBUG_x64:PhysX3CommonDEBUG_x64.dll
 0006:00000560       __imp_?release@InternalTriangleMesh@physx@@QEAAXXZ 0000000180063560     PhysX3CommonDEBUG_x64:PhysX3CommonDEBUG_x64.dll
 0006:00000568       __imp_?allocateVertices@InternalTriangleMesh@physx@@QEAAPEAVPxVec3@2@I@Z 0000000180063568     PhysX3CommonDEBUG_x64:PhysX3CommonDEBUG_x64.dll
 0006:00000570       __imp_?allocateTriangles@InternalTriangleMesh@physx@@QEAAPEAXI_N@Z 0000000180063570     PhysX3CommonDEBUG_x64:PhysX3CommonDEBUG_x64.dll
 0006:00000578       __imp_?allocateMaterials@InternalTriangleMesh@physx@@QEAAPEAGXZ 0000000180063578     PhysX3CommonDEBUG_x64:PhysX3CommonDEBUG_x64.dll
 0006:00000580       __imp_?getNumVertices@InternalTriangleMesh@physx@@QEBAIXZ 0000000180063580     PhysX3CommonDEBUG_x64:PhysX3CommonDEBUG_x64.dll
 0006:00000588       __imp_?getNumTriangles@InternalTriangleMesh@physx@@QEBAIXZ 0000000180063588     PhysX3CommonDEBUG_x64:PhysX3CommonDEBUG_x64.dll
 0006:00000590       __imp_?getVertices@InternalTriangleMesh@physx@@QEBAPEBVPxVec3@2@XZ 0000000180063590     PhysX3CommonDEBUG_x64:PhysX3CommonDEBUG_x64.dll
 0006:00000598       __imp_?getTriangles@InternalTriangleMesh@physx@@QEBAPEBXXZ 0000000180063598     PhysX3CommonDEBUG_x64:PhysX3CommonDEBUG_x64.dll
 0006:000005a0       __imp_?getMaterials@InternalTriangleMesh@physx@@QEBAPEBGXZ 00000001800635a0     PhysX3CommonDEBUG_x64:PhysX3CommonDEBUG_x64.dll
 0006:000005a8       __imp_?getFaceRemap@InternalTriangleMesh@physx@@QEBAPEBIXZ 00000001800635a8     PhysX3CommonDEBUG_x64:PhysX3CommonDEBUG_x64.dll
 0006:000005b0       __imp_?getAdjacencies@InternalTriangleMesh@physx@@QEBAPEBIXZ 00000001800635b0     PhysX3CommonDEBUG_x64:PhysX3CommonDEBUG_x64.dll
 0006:000005b8       __imp_?getCollisionModel@InternalTriangleMesh@physx@@QEBAAEBVRTreeMidphase@Gu@2@XZ 00000001800635b8     PhysX3CommonDEBUG_x64:PhysX3CommonDEBUG_x64.dll
 0006:000005c0       __imp_?writeWordBuffer@physx@@YAXPEBGI_NAEAVPxOutputStream@1@@Z 00000001800635c0     PhysX3CommonDEBUG_x64:PhysX3CommonDEBUG_x64.dll
 0006:000005c8       __imp_?writeFloatBuffer@physx@@YAXPEBMI_NAEAVPxOutputStream@1@@Z 00000001800635c8     PhysX3CommonDEBUG_x64:PhysX3CommonDEBUG_x64.dll
 0006:000005d0       __imp_?computeMaxIndex@physx@@YAIPEBII@Z 00000001800635d0     PhysX3CommonDEBUG_x64:PhysX3CommonDEBUG_x64.dll
 0006:000005d8       __imp_?storeIndices@physx@@YAXIIPEBIAEAVPxOutputStream@1@_N@Z 00000001800635d8     PhysX3CommonDEBUG_x64:PhysX3CommonDEBUG_x64.dll
 0006:000005e0       __imp_?computeMaxIndex@physx@@YAGPEBGI@Z 00000001800635e0     PhysX3CommonDEBUG_x64:PhysX3CommonDEBUG_x64.dll
 0006:000005e8       __imp_?WriteHeader@Gu@physx@@YA_NEEEEI_NAEAVPxOutputStream@2@@Z 00000001800635e8     PhysX3CommonDEBUG_x64:PhysX3CommonDEBUG_x64.dll
 0006:000005f0       __imp_?StoreIndices@Gu@physx@@YAXGIPEBGAEAVPxOutputStream@2@_N@Z 00000001800635f0     PhysX3CommonDEBUG_x64:PhysX3CommonDEBUG_x64.dll
 0006:000005f8       __imp_?CreateOffsets@BigConvexData@physx@@IEAAXXZ 00000001800635f8     PhysX3CommonDEBUG_x64:PhysX3CommonDEBUG_x64.dll
 0006:00000600       __imp_?GetRanks@RadixSort@Gu@physx@@QEBAPEBIXZ 0000000180063600     PhysX3CommonDEBUG_x64:PhysX3CommonDEBUG_x64.dll
 0006:00000608       __imp_??0RadixSortBuffered@Gu@physx@@QEAA@XZ 0000000180063608     PhysX3CommonDEBUG_x64:PhysX3CommonDEBUG_x64.dll
 0006:00000610       __imp_??1RadixSortBuffered@Gu@physx@@UEAA@XZ 0000000180063610     PhysX3CommonDEBUG_x64:PhysX3CommonDEBUG_x64.dll
 0006:00000618       __imp_?Sort@RadixSortBuffered@Gu@physx@@QEAAAEAV123@PEBIIW4RadixHint@23@@Z 0000000180063618     PhysX3CommonDEBUG_x64:PhysX3CommonDEBUG_x64.dll
 0006:00000620       __imp_??0Container@Gu@physx@@QEAA@XZ 0000000180063620     PhysX3CommonDEBUG_x64:PhysX3CommonDEBUG_x64.dll
 0006:00000628       __imp_??0Container@Gu@physx@@QEAA@AEBV012@@Z 0000000180063628     PhysX3CommonDEBUG_x64:PhysX3CommonDEBUG_x64.dll
 0006:00000630       __imp_??1Container@Gu@physx@@QEAA@XZ 0000000180063630     PhysX3CommonDEBUG_x64:PhysX3CommonDEBUG_x64.dll
 0006:00000638       __imp_?Add@Container@Gu@physx@@QEAAAEAV123@I@Z 0000000180063638     PhysX3CommonDEBUG_x64:PhysX3CommonDEBUG_x64.dll
 0006:00000640       __imp_?Add@Container@Gu@physx@@QEAAAEAV123@PEBII@Z 0000000180063640     PhysX3CommonDEBUG_x64:PhysX3CommonDEBUG_x64.dll
 0006:00000648       __imp_?Add@Container@Gu@physx@@QEAAAEAV123@AEBV123@@Z 0000000180063648     PhysX3CommonDEBUG_x64:PhysX3CommonDEBUG_x64.dll
 0006:00000650       __imp_?AddUnique@Container@Gu@physx@@QEAAAEAV123@I@Z 0000000180063650     PhysX3CommonDEBUG_x64:PhysX3CommonDEBUG_x64.dll
 0006:00000658       __imp_?Empty@Container@Gu@physx@@QEAAAEAV123@XZ 0000000180063658     PhysX3CommonDEBUG_x64:PhysX3CommonDEBUG_x64.dll
 0006:00000660       __imp_?Reset@Container@Gu@physx@@QEAAXXZ 0000000180063660     PhysX3CommonDEBUG_x64:PhysX3CommonDEBUG_x64.dll
 0006:00000668       __imp_?Contains@Container@Gu@physx@@QEBA_NIPEAI@Z 0000000180063668     PhysX3CommonDEBUG_x64:PhysX3CommonDEBUG_x64.dll
 0006:00000670       __imp_?DeleteIndex@Container@Gu@physx@@QEAAXI@Z 0000000180063670     PhysX3CommonDEBUG_x64:PhysX3CommonDEBUG_x64.dll
 0006:00000678       __imp_?GetNbEntries@Container@Gu@physx@@QEBAIXZ 0000000180063678     PhysX3CommonDEBUG_x64:PhysX3CommonDEBUG_x64.dll
 0006:00000680       __imp_?GetEntry@Container@Gu@physx@@QEBAII@Z 0000000180063680     PhysX3CommonDEBUG_x64:PhysX3CommonDEBUG_x64.dll
 0006:00000688       __imp_?GetEntries@Container@Gu@physx@@QEBAPEAIXZ 0000000180063688     PhysX3CommonDEBUG_x64:PhysX3CommonDEBUG_x64.dll
 0006:00000690       __imp_??AContainer@Gu@physx@@QEAAAEAII@Z 0000000180063690     PhysX3CommonDEBUG_x64:PhysX3CommonDEBUG_x64.dll
 0006:00000698       __imp_??4Container@Gu@physx@@QEAAXAEBV012@@Z 0000000180063698     PhysX3CommonDEBUG_x64:PhysX3CommonDEBUG_x64.dll
 0006:000006a0       __imp_??0ConvexMesh@Gu@physx@@QEAA@XZ 00000001800636a0     PhysX3CommonDEBUG_x64:PhysX3CommonDEBUG_x64.dll
 0006:000006a8       __imp_??1ConvexMesh@Gu@physx@@UEAA@XZ 00000001800636a8     PhysX3CommonDEBUG_x64:PhysX3CommonDEBUG_x64.dll
 0006:000006b0       __imp_??0BigConvexData@physx@@QEAA@XZ 00000001800636b0     PhysX3CommonDEBUG_x64:PhysX3CommonDEBUG_x64.dll
 0006:000006b8       __imp_??1BigConvexData@physx@@QEAA@XZ 00000001800636b8     PhysX3CommonDEBUG_x64:PhysX3CommonDEBUG_x64.dll
 0006:000006c0       __imp_?exportExtraData@ConvexMesh@Gu@physx@@UEAAXAEAVPxSerializationContext@3@@Z 00000001800636c0     PhysX3CommonDEBUG_x64:PhysX3CommonDEBUG_x64.dll
 0006:000006c8       __imp_?getConcreteTypeName@PxConvexMesh@physx@@UEBAPEBDXZ 00000001800636c8     PhysX3CommonDEBUG_x64:PhysX3CommonDEBUG_x64.dll
 0006:000006d0       __imp_?getIndexBuffer@ConvexMesh@Gu@physx@@UEBAPEBEXZ 00000001800636d0     PhysX3CommonDEBUG_x64:PhysX3CommonDEBUG_x64.dll
 0006:000006d8       __imp_?getLocalBounds@ConvexMesh@Gu@physx@@UEBA?AVPxBounds3@3@XZ 00000001800636d8     PhysX3CommonDEBUG_x64:PhysX3CommonDEBUG_x64.dll
 0006:000006e0       __imp_?getMassInformation@ConvexMesh@Gu@physx@@UEBAXAEAMAEAVPxMat33@3@AEAVPxVec3@3@@Z 00000001800636e0     PhysX3CommonDEBUG_x64:PhysX3CommonDEBUG_x64.dll
 0006:000006e8       __imp_?getNbPolygons@ConvexMesh@Gu@physx@@UEBAIXZ 00000001800636e8     PhysX3CommonDEBUG_x64:PhysX3CommonDEBUG_x64.dll
 0006:000006f0       __imp_?getNbVertices@ConvexMesh@Gu@physx@@UEBAIXZ 00000001800636f0     PhysX3CommonDEBUG_x64:PhysX3CommonDEBUG_x64.dll
 0006:000006f8       __imp_?getPolygonData@ConvexMesh@Gu@physx@@UEBA_NIAEAUPxHullPolygon@3@@Z 00000001800636f8     PhysX3CommonDEBUG_x64:PhysX3CommonDEBUG_x64.dll
 0006:00000700       __imp_?getReferenceCount@ConvexMesh@Gu@physx@@UEBAIXZ 0000000180063700     PhysX3CommonDEBUG_x64:PhysX3CommonDEBUG_x64.dll
 0006:00000708       __imp_?getVertices@ConvexMesh@Gu@physx@@UEBAPEBVPxVec3@3@XZ 0000000180063708     PhysX3CommonDEBUG_x64:PhysX3CommonDEBUG_x64.dll
 0006:00000710       __imp_?isKindOf@PxConvexMesh@physx@@MEBA_NPEBD@Z 0000000180063710     PhysX3CommonDEBUG_x64:PhysX3CommonDEBUG_x64.dll
 0006:00000718       __imp_?onRefCountZero@ConvexMesh@Gu@physx@@UEAAXXZ 0000000180063718     PhysX3CommonDEBUG_x64:PhysX3CommonDEBUG_x64.dll
 0006:00000720       __imp_?release@ConvexMesh@Gu@physx@@UEAAXXZ 0000000180063720     PhysX3CommonDEBUG_x64:PhysX3CommonDEBUG_x64.dll
 0006:00000728       __imp_?readDword@physx@@YAI_NAEAVPxInputStream@1@@Z 0000000180063728     PhysX3CommonDEBUG_x64:PhysX3CommonDEBUG_x64.dll
 0006:00000730       __imp_?ReadHeader@Gu@physx@@YA_NEEEEAEAIAEA_NAEAVPxInputStream@2@@Z 0000000180063730     PhysX3CommonDEBUG_x64:PhysX3CommonDEBUG_x64.dll
 0006:00000738       __imp_??0FPUGuard@shdfnd@physx@@QEAA@XZ 0000000180063738     PhysX3CommonDEBUG_x64:PhysX3CommonDEBUG_x64.dll
 0006:00000740       __imp_??1FPUGuard@shdfnd@physx@@QEAA@XZ 0000000180063740     PhysX3CommonDEBUG_x64:PhysX3CommonDEBUG_x64.dll
 0006:00000748       __imp_?incRefCount@Foundation@shdfnd@physx@@SAXXZ 0000000180063748     PhysX3CommonDEBUG_x64:PhysX3CommonDEBUG_x64.dll
 0006:00000750       __imp_?decRefCount@Foundation@shdfnd@physx@@SAXXZ 0000000180063750     PhysX3CommonDEBUG_x64:PhysX3CommonDEBUG_x64.dll
 0006:00000758       __imp_??0TriangleMesh@Gu@physx@@QEAA@XZ 0000000180063758     PhysX3CommonDEBUG_x64:PhysX3CommonDEBUG_x64.dll
 0006:00000760       __imp_?checkMeshIndicesSize@TriangleMesh@Gu@physx@@QEAAXXZ 0000000180063760     PhysX3CommonDEBUG_x64:PhysX3CommonDEBUG_x64.dll
 0006:00000768       __imp_??1TriangleMesh@Gu@physx@@UEAA@XZ 0000000180063768     PhysX3CommonDEBUG_x64:PhysX3CommonDEBUG_x64.dll
 0006:00000770       __imp_??0HeightField@Gu@physx@@QEAA@PEAVGuMeshFactory@2@@Z 0000000180063770     PhysX3CommonDEBUG_x64:PhysX3CommonDEBUG_x64.dll
 0006:00000778       __imp_?loadFromDesc@HeightField@Gu@physx@@QEAA_NAEBVPxHeightFieldDesc@3@_N@Z 0000000180063778     PhysX3CommonDEBUG_x64:PhysX3CommonDEBUG_x64.dll
 0006:00000780       __imp_?releaseMemory@HeightField@Gu@physx@@QEAAX_N@Z 0000000180063780     PhysX3CommonDEBUG_x64:PhysX3CommonDEBUG_x64.dll
 0006:00000788       __imp_?exportExtraData@TriangleMesh@Gu@physx@@UEAAXAEAVPxSerializationContext@3@@Z 0000000180063788     PhysX3CommonDEBUG_x64:PhysX3CommonDEBUG_x64.dll
 0006:00000790       __imp_?getConcreteTypeName@PxTriangleMesh@physx@@UEBAPEBDXZ 0000000180063790     PhysX3CommonDEBUG_x64:PhysX3CommonDEBUG_x64.dll
 0006:00000798       __imp_?getLocalBounds@TriangleMesh@Gu@physx@@UEBA?AVPxBounds3@3@XZ 0000000180063798     PhysX3CommonDEBUG_x64:PhysX3CommonDEBUG_x64.dll
 0006:000007a0       __imp_?getNbTriangles@TriangleMesh@Gu@physx@@UEBAIXZ 00000001800637a0     PhysX3CommonDEBUG_x64:PhysX3CommonDEBUG_x64.dll
 0006:000007a8       __imp_?getNbVertices@TriangleMesh@Gu@physx@@UEBAIXZ 00000001800637a8     PhysX3CommonDEBUG_x64:PhysX3CommonDEBUG_x64.dll
 0006:000007b0       __imp_?getReferenceCount@TriangleMesh@Gu@physx@@UEBAIXZ 00000001800637b0     PhysX3CommonDEBUG_x64:PhysX3CommonDEBUG_x64.dll
 0006:000007b8       __imp_?getTriangleMaterialIndex@TriangleMesh@Gu@physx@@UEBAGI@Z 00000001800637b8     PhysX3CommonDEBUG_x64:PhysX3CommonDEBUG_x64.dll
 0006:000007c0       __imp_?getTriangleMeshFlags@TriangleMesh@Gu@physx@@UEBA?AV?$PxFlags@W4Enum@PxTriangleMeshFlag@physx@@E@3@XZ 00000001800637c0     PhysX3CommonDEBUG_x64:PhysX3CommonDEBUG_x64.dll
 0006:000007c8       __imp_?getTriangles@TriangleMesh@Gu@physx@@UEBAPEBXXZ 00000001800637c8     PhysX3CommonDEBUG_x64:PhysX3CommonDEBUG_x64.dll
 0006:000007d0       __imp_?getTrianglesRemap@TriangleMesh@Gu@physx@@UEBAPEBIXZ 00000001800637d0     PhysX3CommonDEBUG_x64:PhysX3CommonDEBUG_x64.dll
 0006:000007d8       __imp_?getVertices@TriangleMesh@Gu@physx@@UEBAPEBVPxVec3@3@XZ 00000001800637d8     PhysX3CommonDEBUG_x64:PhysX3CommonDEBUG_x64.dll
 0006:000007e0       __imp_?isKindOf@PxTriangleMesh@physx@@MEBA_NPEBD@Z 00000001800637e0     PhysX3CommonDEBUG_x64:PhysX3CommonDEBUG_x64.dll
 0006:000007e8       __imp_?onRefCountZero@TriangleMesh@Gu@physx@@UEAAXXZ 00000001800637e8     PhysX3CommonDEBUG_x64:PhysX3CommonDEBUG_x64.dll
 0006:000007f0       __imp_?release@TriangleMesh@Gu@physx@@UEAAXXZ 00000001800637f0     PhysX3CommonDEBUG_x64:PhysX3CommonDEBUG_x64.dll
 0006:000007f8       __imp_?has16BitIndices@InternalTriangleMesh@physx@@QEBA_NXZ 00000001800637f8     PhysX3CommonDEBUG_x64:PhysX3CommonDEBUG_x64.dll
 0006:00000800       __imp_?setTriangleAdjacency@InternalTriangleMesh@physx@@QEAAXIII@Z 0000000180063800     PhysX3CommonDEBUG_x64:PhysX3CommonDEBUG_x64.dll
 0006:00000808       __imp_?setupMeshInterface@InternalTriangleMesh@physx@@QEAAXXZ 0000000180063808     PhysX3CommonDEBUG_x64:PhysX3CommonDEBUG_x64.dll
 0006:00000810       \177PhysX3CommonDEBUG_x64_NULL_THUNK_DATA_DLA 0000000180063810     PhysX3CommonDEBUG_x64:PhysX3CommonDEBUG_x64.dll
 0006:00002280       \177PhysX3CommonDEBUG_x64_NULL_THUNK_DATA_DLB 0000000180065280     PhysX3CommonDEBUG_x64:PhysX3CommonDEBUG_x64.dll
 0008:00000000       __guard_check_icall_fptr   0000000180067000     MSVCRTD:guard_support.obj
 0008:00000010       __guard_dispatch_icall_fptr 0000000180067010     MSVCRTD:guard_support.obj
