 PhysX3CharacterKinematic_x64

 Timestamp is 58e28bee (Mon Apr  3 11:52:46 2017)

 Preferred load address is 0000000180000000

 Start         Length     Name                   Class
 0001:00000000 00000140H .text$di                CODE
 0001:00000140 0001d940H .text$mn                CODE
 0001:0001da80 00000012H .text$mn$00             CODE
 0001:0001da92 00000081H .text$x                 CODE
 0002:00000000 00000260H .idata$5                DATA
 0002:00000260 00000010H .00cfg                  DATA
 0002:00000270 00000008H .CRT$XCA                DATA
 0002:00000278 00000060H .CRT$XCU                DATA
 0002:000002d8 00000008H .CRT$XCZ                DATA
 0002:000002e0 00000008H .CRT$XIA                DATA
 0002:000002e8 00000008H .CRT$XIZ                DATA
 0002:000002f0 00000008H .CRT$XPA                DATA
 0002:000002f8 00000008H .CRT$XPZ                DATA
 0002:00000300 00000008H .CRT$XTA                DATA
 0002:00000308 00000008H .CRT$XTZ                DATA
 0002:00000310 000013f8H .rdata                  DATA
 0002:00001708 00000074H .rdata$r                DATA
 0002:0000177c 00000334H .rdata$zzzdbg           DATA
 0002:00001ab0 00000008H .rtc$IAA                DATA
 0002:00001ab8 00000008H .rtc$IZZ                DATA
 0002:00001ac0 00000008H .rtc$TAA                DATA
 0002:00001ac8 00000008H .rtc$TZZ                DATA
 0002:00001ad0 00002180H .xdata                  DATA
 0002:00003c50 000001f4H .edata                  DATA
 0002:00003e44 00000078H .idata$2                DATA
 0002:00003ebc 00000014H .idata$3                DATA
 0002:00003ed0 00000260H .idata$4                DATA
 0002:00004130 00000dceH .idata$6                DATA
 0003:00000000 000000b0H .data                   DATA
 0003:000000b0 000003f0H .data$r                 DATA
 0003:000004a0 00000140H .bss                    DATA
 0004:00000000 000013b0H .pdata                  DATA
 0005:00000000 0000001cH .gfids$y                DATA
 0006:00000000 000000a0H .rsrc$01                DATA
 0006:000000a0 00000500H .rsrc$02                DATA

  Address         Publics by Value              Rva+Base               Lib:Object

 0000:00000000       __guard_longjmp_table      0000000000000000     <absolute>
 0000:00000000       ___safe_se_handler_table   0000000000000000     <absolute>
 0000:00000000       __guard_iat_count          0000000000000000     <absolute>
 0000:00000000       __guard_fids_count         0000000000000000     <absolute>
 0000:00000000       __guard_fids_table         0000000000000000     <absolute>
 0000:00000000       __dynamic_value_reloc_table 0000000000000000     <absolute>
 0000:00000000       __guard_longjmp_count      0000000000000000     <absolute>
 0000:00000000       ___safe_se_handler_count   0000000000000000     <absolute>
 0000:00000000       __guard_iat_table          0000000000000000     <absolute>
 0000:00000100       __guard_flags              0000000000000100     <absolute>
 0000:00000000       __ImageBase                0000000180000000     <linker-defined>
 0001:00000140       ??0BoxController@Cct@physx@@QEAA@AEBVPxControllerDesc@2@AEAVPxPhysics@2@PEAVPxScene@2@@Z 0000000180001140 f   CctBoxController.obj
 0001:00000230       ??1BoxController@Cct@physx@@UEAA@XZ 0000000180001230 f   CctBoxController.obj
 0001:00000270       ?getWorldBox@BoxController@Cct@physx@@UEBA_NAEAUPxExtendedBounds3@3@@Z 0000000180001270 f   CctBoxController.obj
 0001:00000320       ?setFootPosition@BoxController@Cct@physx@@UEAA_NAEBUPxExtendedVec3@3@@Z 0000000180001320 f   CctBoxController.obj
 0001:000003a0       ?getFootPosition@BoxController@Cct@physx@@UEBA?AUPxExtendedVec3@3@XZ 00000001800013a0 f   CctBoxController.obj
 0001:00000420       ?invalidateCache@BoxController@Cct@physx@@UEAAXXZ 0000000180001420 f   CctBoxController.obj
 0001:00000480       ?resize@BoxController@Cct@physx@@UEAAXM@Z 0000000180001480 f   CctBoxController.obj
 0001:00000550       ?getHalfHeight@BoxController@Cct@physx@@UEBAMXZ 0000000180001550 f   CctBoxController.obj
 0001:00000560       ?getHalfSideExtent@BoxController@Cct@physx@@UEBAMXZ 0000000180001560 f   CctBoxController.obj
 0001:00000570       ?getHalfForwardExtent@BoxController@Cct@physx@@UEBAMXZ 0000000180001570 f   CctBoxController.obj
 0001:00000580       ?setHalfHeight@BoxController@Cct@physx@@UEAA_NM@Z 0000000180001580 f   CctBoxController.obj
 0001:000005a0       ?setHalfSideExtent@BoxController@Cct@physx@@UEAA_NM@Z 00000001800015a0 f   CctBoxController.obj
 0001:000005c0       ?setHalfForwardExtent@BoxController@Cct@physx@@UEAA_NM@Z 00000001800015c0 f   CctBoxController.obj
 0001:000005e0       ?updateKinematicProxy@BoxController@Cct@physx@@QEAA_NXZ 00000001800015e0 f   CctBoxController.obj
 0001:00000680       ?getOBB@BoxController@Cct@physx@@QEBAXAEAVPxExtendedBox@3@@Z 0000000180001680 f   CctBoxController.obj
 0001:00000790       ??0PxControllerManager@physx@@IEAA@XZ 0000000180001790 f i CctBoxController.obj
 0001:000007a0       ??0PxControllerManager@physx@@QEAA@AEBV01@@Z 00000001800017a0 f i CctBoxController.obj
 0001:000007b0       ??1PxBoxController@physx@@MEAA@XZ 00000001800017b0 f i CctBoxController.obj
 0001:000007c0       ??1PxController@physx@@MEAA@XZ 00000001800017c0 f i CctBoxController.obj
 0001:000007d0       ??1PxControllerManager@physx@@MEAA@XZ 00000001800017d0 f i CctBoxController.obj
 0001:000007e0       ??4PxControllerManager@physx@@QEAAAEAV01@AEBV01@@Z 00000001800017e0 f i CctBoxController.obj
 0001:000007e4       ??_EBoxController@Cct@physx@@W7EAAPEAXI@Z 00000001800017e4 f i CctBoxController.obj
 0001:000007f0       ??_EPxControllerManager@physx@@MEAAPEAXI@Z 00000001800017f0 f i CctBoxController.obj
 0001:00000880       ??_EBoxController@Cct@physx@@UEAAPEAXI@Z 0000000180001880 f i CctBoxController.obj
 0001:00000880       ??_GBoxController@Cct@physx@@UEAAPEAXI@Z 0000000180001880 f i CctBoxController.obj
 0001:00000900       ??_GPxBoxController@physx@@MEAAPEAXI@Z 0000000180001900 f i CctBoxController.obj
 0001:00000900       ??_EPxBoxController@physx@@MEAAPEAXI@Z 0000000180001900 f i CctBoxController.obj
 0001:00000930       ??_GPxController@physx@@MEAAPEAXI@Z 0000000180001930 f i CctBoxController.obj
 0001:00000930       ??_EPxController@physx@@MEAAPEAXI@Z 0000000180001930 f i CctBoxController.obj
 0001:00000960       ??_GPxControllerManager@physx@@MEAAPEAXI@Z 0000000180001960 f i CctBoxController.obj
 0001:00000990       ??_H@YAXPEAX_K1P6APEAX0@Z@Z 0000000180001990 f i CctBoxController.obj
 0001:000009e0       ??_I@YAXPEAX_K1P6AX0@Z@Z   00000001800019e0 f i CctBoxController.obj
 0001:00000a40       ?__empty_global_delete@@YAXPEAX@Z 0000000180001a40 f i CctBoxController.obj
 0001:00000a50       ?__global_delete@@YAXPEAX_K@Z 0000000180001a50 f i CctBoxController.obj
 0001:00000a50       ?__empty_global_delete@@YAXPEAX_K@Z 0000000180001a50 f i CctBoxController.obj
 0001:00000a60       ?createController@PxControllerManager@physx@@UEAAPEAVPxController@2@AEAVPxPhysics@2@PEAVPxScene@2@AEBVPxControllerDesc@2@@Z 0000000180001a60 f i CctBoxController.obj
 0001:00000ac0       ?getActor@BoxController@Cct@physx@@UEBAPEAVPxRigidDynamic@3@XZ 0000000180001ac0 f i CctBoxController.obj
 0001:00000ad0       ?getContactOffset@BoxController@Cct@physx@@UEBAMXZ 0000000180001ad0 f i CctBoxController.obj
 0001:00000ae0       ?getHalfHeightInternal@BoxController@Cct@physx@@UEBAMXZ 0000000180001ae0 f i CctBoxController.obj
 0001:00000af0       ?getNonWalkableMode@BoxController@Cct@physx@@UEBA?AW4Enum@PxControllerNonWalkableMode@3@XZ 0000000180001af0 f i CctBoxController.obj
 0001:00000b00       ?getPosition@BoxController@Cct@physx@@UEBAAEBUPxExtendedVec3@3@XZ 0000000180001b00 f i CctBoxController.obj
 0001:00000b10       ?getPxController@BoxController@Cct@physx@@UEAAPEAVPxController@3@XZ 0000000180001b10 f i CctBoxController.obj
 0001:00000b20       ?getScene@BoxController@Cct@physx@@UEAAPEAVPxScene@3@XZ 0000000180001b20 f i CctBoxController.obj
 0001:00000b30       ?getSlopeLimit@BoxController@Cct@physx@@UEBAMXZ 0000000180001b30 f i CctBoxController.obj
 0001:00000b40       ?getState@BoxController@Cct@physx@@UEBAXAEAUPxControllerState@3@@Z 0000000180001b40 f i CctBoxController.obj
 0001:00000b50       ?getStats@BoxController@Cct@physx@@UEBAXAEAUPxControllerStats@3@@Z 0000000180001b50 f i CctBoxController.obj
 0001:00000b60       ?getStepOffset@BoxController@Cct@physx@@UEBAMXZ 0000000180001b60 f i CctBoxController.obj
 0001:00000b70       ?getType@BoxController@Cct@physx@@UEBA?AW4Enum@PxControllerShapeType@3@XZ 0000000180001b70 f i CctBoxController.obj
 0001:00000b80       ?getUpDirection@BoxController@Cct@physx@@UEBA?AVPxVec3@3@XZ 0000000180001b80 f i CctBoxController.obj
 0001:00000ba0       ?getUserData@BoxController@Cct@physx@@UEBAPEAXXZ 0000000180001ba0 f i CctBoxController.obj
 0001:00000bb0       ?release@BoxController@Cct@physx@@UEAAXXZ 0000000180001bb0 f i CctBoxController.obj
 0001:00000bc0       ?setContactOffset@BoxController@Cct@physx@@UEAAXM@Z 0000000180001bc0 f i CctBoxController.obj
 0001:00000bd0       ?setNonWalkableMode@BoxController@Cct@physx@@UEAAXW4Enum@PxControllerNonWalkableMode@3@@Z 0000000180001bd0 f i CctBoxController.obj
 0001:00000be0       ?setPosition@BoxController@Cct@physx@@UEAA_NAEBUPxExtendedVec3@3@@Z 0000000180001be0 f i CctBoxController.obj
 0001:00000bf0       ?setSlopeLimit@BoxController@Cct@physx@@UEAAXM@Z 0000000180001bf0 f i CctBoxController.obj
 0001:00000c00       ?setStepOffset@BoxController@Cct@physx@@UEAAXM@Z 0000000180001c00 f i CctBoxController.obj
 0001:00000c10       ?setUpDirection@BoxController@Cct@physx@@UEAAXAEBVPxVec3@3@@Z 0000000180001c10 f i CctBoxController.obj
 0001:00000c20       ?setUserData@BoxController@Cct@physx@@UEAAXPEAX@Z 0000000180001c20 f i CctBoxController.obj
 0001:00000c30       ??0CapsuleController@Cct@physx@@QEAA@AEBVPxControllerDesc@2@AEAVPxPhysics@2@PEAVPxScene@2@@Z 0000000180001c30 f   CctCapsuleController.obj
 0001:00000d20       ??1CapsuleController@Cct@physx@@UEAA@XZ 0000000180001d20 f   CctCapsuleController.obj
 0001:00000d60       ?getWorldBox@CapsuleController@Cct@physx@@UEBA_NAEAUPxExtendedBounds3@3@@Z 0000000180001d60 f   CctCapsuleController.obj
 0001:00000e10       ?setFootPosition@CapsuleController@Cct@physx@@UEAA_NAEBUPxExtendedVec3@3@@Z 0000000180001e10 f   CctCapsuleController.obj
 0001:00000eb0       ?getFootPosition@CapsuleController@Cct@physx@@UEBA?AUPxExtendedVec3@3@XZ 0000000180001eb0 f   CctCapsuleController.obj
 0001:00000f40       ?invalidateCache@CapsuleController@Cct@physx@@UEAAXXZ 0000000180001f40 f   CctCapsuleController.obj
 0001:00000fa0       ?resize@CapsuleController@Cct@physx@@UEAAXM@Z 0000000180001fa0 f   CctCapsuleController.obj
 0001:00001080       ?getClimbingMode@CapsuleController@Cct@physx@@UEBA?AW4Enum@PxCapsuleClimbingMode@3@XZ 0000000180002080 f   CctCapsuleController.obj
 0001:00001090       ?setRadius@CapsuleController@Cct@physx@@UEAA_NM@Z 0000000180002090 f   CctCapsuleController.obj
 0001:00001120       ?setHeight@CapsuleController@Cct@physx@@UEAA_NM@Z 0000000180002120 f   CctCapsuleController.obj
 0001:000011c0       ?setClimbingMode@CapsuleController@Cct@physx@@UEAA_NW4Enum@PxCapsuleClimbingMode@3@@Z 00000001800021c0 f   CctCapsuleController.obj
 0001:000011e0       ?getCapsule@CapsuleController@Cct@physx@@QEBAXAEAUPxExtendedCapsule@3@@Z 00000001800021e0 f   CctCapsuleController.obj
 0001:00001310       ??1PxCapsuleController@physx@@MEAA@XZ 0000000180002310 f i CctCapsuleController.obj
 0001:0000131c       ??_ECapsuleController@Cct@physx@@W7EAAPEAXI@Z 000000018000231c f i CctCapsuleController.obj
 0001:00001330       ??_GCapsuleController@Cct@physx@@UEAAPEAXI@Z 0000000180002330 f i CctCapsuleController.obj
 0001:00001330       ??_ECapsuleController@Cct@physx@@UEAAPEAXI@Z 0000000180002330 f i CctCapsuleController.obj
 0001:000013b0       ??_EPxCapsuleController@physx@@MEAAPEAXI@Z 00000001800023b0 f i CctCapsuleController.obj
 0001:000013b0       ??_GPxCapsuleController@physx@@MEAAPEAXI@Z 00000001800023b0 f i CctCapsuleController.obj
 0001:000013e0       ?getActor@CapsuleController@Cct@physx@@UEBAPEAVPxRigidDynamic@3@XZ 00000001800023e0 f i CctCapsuleController.obj
 0001:000013f0       ?getContactOffset@CapsuleController@Cct@physx@@UEBAMXZ 00000001800023f0 f i CctCapsuleController.obj
 0001:00001400       ?getHalfHeightInternal@CapsuleController@Cct@physx@@UEBAMXZ 0000000180002400 f i CctCapsuleController.obj
 0001:00001420       ?getHeight@CapsuleController@Cct@physx@@UEBAMXZ 0000000180002420 f i CctCapsuleController.obj
 0001:00001430       ?getNonWalkableMode@CapsuleController@Cct@physx@@UEBA?AW4Enum@PxControllerNonWalkableMode@3@XZ 0000000180002430 f i CctCapsuleController.obj
 0001:00001440       ?getPosition@CapsuleController@Cct@physx@@UEBAAEBUPxExtendedVec3@3@XZ 0000000180002440 f i CctCapsuleController.obj
 0001:00001450       ?getPxController@CapsuleController@Cct@physx@@UEAAPEAVPxController@3@XZ 0000000180002450 f i CctCapsuleController.obj
 0001:00001460       ?getRadius@CapsuleController@Cct@physx@@UEBAMXZ 0000000180002460 f i CctCapsuleController.obj
 0001:00001470       ?getScene@CapsuleController@Cct@physx@@UEAAPEAVPxScene@3@XZ 0000000180002470 f i CctCapsuleController.obj
 0001:00001480       ?getSlopeLimit@CapsuleController@Cct@physx@@UEBAMXZ 0000000180002480 f i CctCapsuleController.obj
 0001:00001490       ?getState@CapsuleController@Cct@physx@@UEBAXAEAUPxControllerState@3@@Z 0000000180002490 f i CctCapsuleController.obj
 0001:000014a0       ?getStats@CapsuleController@Cct@physx@@UEBAXAEAUPxControllerStats@3@@Z 00000001800024a0 f i CctCapsuleController.obj
 0001:000014b0       ?getStepOffset@CapsuleController@Cct@physx@@UEBAMXZ 00000001800024b0 f i CctCapsuleController.obj
 0001:000014c0       ?getType@CapsuleController@Cct@physx@@UEBA?AW4Enum@PxControllerShapeType@3@XZ 00000001800024c0 f i CctCapsuleController.obj
 0001:000014d0       ?getUpDirection@CapsuleController@Cct@physx@@UEBA?AVPxVec3@3@XZ 00000001800024d0 f i CctCapsuleController.obj
 0001:000014f0       ?getUserData@CapsuleController@Cct@physx@@UEBAPEAXXZ 00000001800024f0 f i CctCapsuleController.obj
 0001:00001500       ?release@CapsuleController@Cct@physx@@UEAAXXZ 0000000180002500 f i CctCapsuleController.obj
 0001:00001510       ?setContactOffset@CapsuleController@Cct@physx@@UEAAXM@Z 0000000180002510 f i CctCapsuleController.obj
 0001:00001520       ?setNonWalkableMode@CapsuleController@Cct@physx@@UEAAXW4Enum@PxControllerNonWalkableMode@3@@Z 0000000180002520 f i CctCapsuleController.obj
 0001:00001530       ?setPosition@CapsuleController@Cct@physx@@UEAA_NAEBUPxExtendedVec3@3@@Z 0000000180002530 f i CctCapsuleController.obj
 0001:00001540       ?setSlopeLimit@CapsuleController@Cct@physx@@UEAAXM@Z 0000000180002540 f i CctCapsuleController.obj
 0001:00001550       ?setStepOffset@CapsuleController@Cct@physx@@UEAAXM@Z 0000000180002550 f i CctCapsuleController.obj
 0001:00001560       ?setUpDirection@CapsuleController@Cct@physx@@UEAAXAEBVPxVec3@3@@Z 0000000180002560 f i CctCapsuleController.obj
 0001:00001570       ?setUserData@CapsuleController@Cct@physx@@UEAAXPEAX@Z 0000000180002570 f i CctCapsuleController.obj
 0001:00001580       ??0CCTParams@Cct@physx@@QEAA@XZ 0000000180002580 f   CctCharacterController.obj
 0001:000015c0       ??0SweepTest@Cct@physx@@QEAA@XZ 00000001800025c0 f   CctCharacterController.obj
 0001:00001700       ??1SweepTest@Cct@physx@@QEAA@XZ 0000000180002700 f   CctCharacterController.obj
 0001:000017a0       ?moveCharacter@SweepTest@Cct@physx@@QEAA?AV?$PxFlags@W4Enum@PxControllerCollisionFlag@physx@@E@3@PEBUInternalCBData_FindTouchedGeom@23@PEBUInternalCBData_OnHit@23@AEAVSweptVolume@23@AEBVPxVec3@3@AEBUUserObstacles@23@MAEBVPxControllerFilters@3@_N6@Z 00000001800027a0 f   CctCharacterController.obj
 0001:00002200       ?doSweepTest@SweepTest@Cct@physx@@QEAA_NPEBUInternalCBData_FindTouchedGeom@23@PEBUInternalCBData_OnHit@23@AEBUUserObstacles@23@AEAVSweptVolume@23@AEBVPxVec3@3@4IPEAIMAEBVPxControllerFilters@3@W4SweepPass@23@@Z 0000000180003200 f   CctCharacterController.obj
 0001:00002eb0       ?findTouchedObstacles@SweepTest@Cct@physx@@QEAAXAEBUUserObstacles@23@AEBUPxExtendedBounds3@3@@Z 0000000180003eb0 f   CctCharacterController.obj
 0001:000035e0       ?voidTestCache@SweepTest@Cct@physx@@QEAAXXZ 00000001800045e0 f   CctCharacterController.obj
 0001:00003630       ?onRelease@SweepTest@Cct@physx@@QEAAXAEBVPxBase@3@@Z 0000000180004630 f   CctCharacterController.obj
 0001:000036e0       ?onObstacleRemoved@SweepTest@Cct@physx@@QEAAXI@Z 00000001800046e0 f   CctCharacterController.obj
 0001:00003700       ?onObstacleUpdated@SweepTest@Cct@physx@@QEAAXIPEBVPxObstacleContext@3@AEBVPxVec3@3@1M@Z 0000000180004700 f   CctCharacterController.obj
 0001:00003830       ?onObstacleAdded@SweepTest@Cct@physx@@QEAAXIPEBVPxObstacleContext@3@AEBVPxVec3@3@1M@Z 0000000180004830 f   CctCharacterController.obj
 0001:000039e0       ?onOriginShift@SweepTest@Cct@physx@@QEAAXAEBVPxVec3@3@@Z 00000001800049e0 f   CctCharacterController.obj
 0001:00003b80       ?updateTouchedGeoms@SweepTest@Cct@physx@@AEAAXPEBUInternalCBData_FindTouchedGeom@23@AEBUUserObstacles@23@AEBUPxExtendedBounds3@3@AEBVPxControllerFilters@3@AEBVPxVec3@3@@Z 0000000180004b80 f   CctCharacterController.obj
 0001:00004220       ?findTouchedObject@Controller@Cct@physx@@IEAAXAEBVPxControllerFilters@3@PEBVPxObstacleContext@3@AEBVPxVec3@3@@Z 0000000180005220 f   CctCharacterController.obj
 0001:000047d0       ?rideOnTouchedObject@Controller@Cct@physx@@IEAA_NAEAVSweptVolume@23@AEBVPxVec3@3@AEAV53@PEBVPxObstacleContext@3@@Z 00000001800057d0 f   CctCharacterController.obj
 0001:00004c70       ?move@Controller@Cct@physx@@IEAA?AV?$PxFlags@W4Enum@PxControllerCollisionFlag@physx@@E@3@AEAVSweptVolume@23@AEBVPxVec3@3@MMAEBVPxControllerFilters@3@PEBVPxObstacleContext@3@_N@Z 0000000180005c70 f   CctCharacterController.obj
 0001:00005be0       ?filterTouchedShape@Controller@Cct@physx@@IEAA_NAEBVPxControllerFilters@3@@Z 0000000180006be0 f   CctCharacterController.obj
 0001:000074b0       ?move@BoxController@Cct@physx@@UEAA?AV?$PxFlags@W4Enum@PxControllerCollisionFlag@physx@@E@3@AEBVPxVec3@3@MMAEBVPxControllerFilters@3@PEBVPxObstacleContext@3@@Z 00000001800084b0 f   CctCharacterController.obj
 0001:000075e0       ?move@CapsuleController@Cct@physx@@UEAA?AV?$PxFlags@W4Enum@PxControllerCollisionFlag@physx@@E@3@AEBVPxVec3@3@MMAEBVPxControllerFilters@3@PEBVPxObstacleContext@3@@Z 00000001800085e0 f   CctCharacterController.obj
 0001:00007700       ??0PxMat33@physx@@QEAA@AEBV01@@Z 0000000180008700 f i CctCharacterController.obj
 0001:00007740       ??0PxVec3@physx@@QEAA@XZ   0000000180008740 f i CctCharacterController.obj
 0001:00007750       ??1?$PxHitBuffer@UPxRaycastHit@physx@@@physx@@UEAA@XZ 0000000180008750 f i CctCharacterController.obj
 0001:00007760       ??1?$PxHitCallback@UPxRaycastHit@physx@@@physx@@UEAA@XZ 0000000180008760 f i CctCharacterController.obj
 0001:00007770       ??1PxQueryFilterCallback@physx@@UEAA@XZ 0000000180008770 f i CctCharacterController.obj
 0001:00007780       ??DPxQuat@physx@@QEBA?AV01@AEBV01@@Z 0000000180008780 f i CctCharacterController.obj
 0001:000078c0       ??_E?$PxHitBuffer@UPxRaycastHit@physx@@@physx@@UEAAPEAXI@Z 00000001800088c0 f i CctCharacterController.obj
 0001:000078c0       ??_G?$PxHitBuffer@UPxRaycastHit@physx@@@physx@@UEAAPEAXI@Z 00000001800088c0 f i CctCharacterController.obj
 0001:000078f0       ??_G?$PxHitCallback@UPxRaycastHit@physx@@@physx@@UEAAPEAXI@Z 00000001800088f0 f i CctCharacterController.obj
 0001:000078f0       ??_E?$PxHitCallback@UPxRaycastHit@physx@@@physx@@UEAAPEAXI@Z 00000001800088f0 f i CctCharacterController.obj
 0001:00007920       ??_EControllerFilter@@UEAAPEAXI@Z 0000000180008920 f i CctCharacterController.obj
 0001:00007920       ??_GControllerFilter@@UEAAPEAXI@Z 0000000180008920 f i CctCharacterController.obj
 0001:00007950       ??_GPxQueryFilterCallback@physx@@UEAAPEAXI@Z 0000000180008950 f i CctCharacterController.obj
 0001:00007950       ??_EPxQueryFilterCallback@physx@@UEAAPEAXI@Z 0000000180008950 f i CctCharacterController.obj
 0001:00007b70       ?add@physx@@YAXAEAUPxExtendedBounds3@1@AEBU21@@Z 0000000180008b70 f i CctCharacterController.obj
 0001:00007be0       ?allocate@?$ReflectionAllocator@I@shdfnd@physx@@QEAAPEAX_KPEBDH@Z 0000000180008be0 f i CctCharacterController.obj
 0001:00007c80       ?allocate@?$ReflectionAllocator@PEBX@shdfnd@physx@@QEAAPEAX_KPEBDH@Z 0000000180008c80 f i CctCharacterController.obj
 0001:00007d20       ?allocate@?$ReflectionAllocator@UPxExtendedCapsule@physx@@@shdfnd@physx@@QEAAPEAX_KPEBDH@Z 0000000180008d20 f i CctCharacterController.obj
 0001:00007dc0       ?allocate@?$ReflectionAllocator@VPxExtendedBox@physx@@@shdfnd@physx@@QEAAPEAX_KPEBDH@Z 0000000180008dc0 f i CctCharacterController.obj
 0001:00008370       ?copy@?$Array@VPxExtendedBox@physx@@V?$ReflectionAllocator@VPxExtendedBox@physx@@@shdfnd@2@@shdfnd@physx@@KAXPEAVPxExtendedBox@3@0PEBV43@@Z 0000000180009370 f i CctCharacterController.obj
 0001:00008560       ?finalizeQuery@?$PxHitCallback@UPxRaycastHit@physx@@@physx@@UEAAXXZ 0000000180009560 f i CctCharacterController.obj
 0001:00008570       ?getGlobalPose@PxShapeExt@physx@@SA?AVPxTransform@2@AEBVPxShape@2@AEBVPxRigidActor@2@@Z 0000000180009570 f i CctCharacterController.obj
 0001:00008750       ?growAndPushBack@?$Array@PEBXV?$ReflectionAllocator@PEBX@shdfnd@physx@@@shdfnd@physx@@IEAAAEAPEBXAEBQEBX@Z 0000000180009750 f i CctCharacterController.obj
 0001:00008830       ?growAndPushBack@?$Array@UPxExtendedCapsule@physx@@V?$ReflectionAllocator@UPxExtendedCapsule@physx@@@shdfnd@2@@shdfnd@physx@@IEAAAEAUPxExtendedCapsule@3@AEBU43@@Z 0000000180009830 f i CctCharacterController.obj
 0001:00008940       ?growAndPushBack@?$Array@VPxExtendedBox@physx@@V?$ReflectionAllocator@VPxExtendedBox@physx@@@shdfnd@2@@shdfnd@physx@@IEAAAEAVPxExtendedBox@3@AEBV43@@Z 0000000180009940 f i CctCharacterController.obj
 0001:00008bf0       ?postFilter@ControllerFilter@@UEAA?AW4Enum@PxQueryHitType@physx@@AEBUPxFilterData@4@AEBUPxQueryHit@4@@Z 0000000180009bf0 f i CctCharacterController.obj
 0001:00008c10       ?preFilter@ControllerFilter@@UEAA?AW4Enum@PxQueryHitType@physx@@AEBUPxFilterData@4@PEBVPxShape@4@PEBVPxRigidActor@4@AEAV?$PxFlags@W4Enum@PxHitFlag@physx@@G@4@@Z 0000000180009c10 f i CctCharacterController.obj
 0001:00008d40       ?processTouches@?$PxHitBuffer@UPxRaycastHit@physx@@@physx@@MEAA_NPEBUPxRaycastHit@2@I@Z 0000000180009d40 f i CctCharacterController.obj
 0001:00008d50       ?recreate@?$Array@IV?$ReflectionAllocator@I@shdfnd@physx@@@shdfnd@physx@@IEAAXI@Z 0000000180009d50 f i CctCharacterController.obj
 0001:00008e00       ?resizeUninitialized@?$Array@IV?$ReflectionAllocator@I@shdfnd@physx@@@shdfnd@physx@@QEAAXI@Z 0000000180009e00 f i CctCharacterController.obj
 0001:000092c0       ?getSceneTimestamp@Cct@physx@@YAIPEBUInternalCBData_FindTouchedGeom@12@@Z 000000018000a2c0 f   CctCharacterControllerCallbacks.obj
 0001:000092e0       ?findTouchedGeometry@Cct@physx@@YAXPEBUInternalCBData_FindTouchedGeom@12@AEBUPxExtendedBounds3@2@AEAV?$Array@VPxTriangle@physx@@V?$ReflectionAllocator@VPxTriangle@physx@@@shdfnd@2@@shdfnd@2@AEAV?$Array@IV?$ReflectionAllocator@I@shdfnd@physx@@@62@3AEBVCCTFilter@12@AEBUCCTParams@12@AEAG@Z 000000018000a2e0 f   CctCharacterControllerCallbacks.obj
 0001:00009990       ?shapeHitCallback@Cct@physx@@YAIPEBUInternalCBData_OnHit@12@AEBUSweptContact@12@AEBVPxVec3@2@M@Z 000000018000a990 f   CctCharacterControllerCallbacks.obj
 0001:00009aa0       ?userHitCallback@Cct@physx@@YAIPEBUInternalCBData_OnHit@12@AEBUSweptContact@12@AEBVPxVec3@2@M@Z 000000018000aaa0 f   CctCharacterControllerCallbacks.obj
 0001:00009d20       ??0PxOverlapHit@physx@@QEAA@XZ 000000018000ad20 f i CctCharacterControllerCallbacks.obj
 0001:00009d40       ??1?$PxHitBuffer@UPxOverlapHit@physx@@@physx@@UEAA@XZ 000000018000ad40 f i CctCharacterControllerCallbacks.obj
 0001:00009d50       ??1?$PxHitCallback@UPxOverlapHit@physx@@@physx@@UEAA@XZ 000000018000ad50 f i CctCharacterControllerCallbacks.obj
 0001:00009d60       ??_E?$PxHitBuffer@UPxOverlapHit@physx@@@physx@@UEAAPEAXI@Z 000000018000ad60 f i CctCharacterControllerCallbacks.obj
 0001:00009d60       ??_G?$PxHitBuffer@UPxOverlapHit@physx@@@physx@@UEAAPEAXI@Z 000000018000ad60 f i CctCharacterControllerCallbacks.obj
 0001:00009d90       ??_E?$PxHitCallback@UPxOverlapHit@physx@@@physx@@UEAAPEAXI@Z 000000018000ad90 f i CctCharacterControllerCallbacks.obj
 0001:00009d90       ??_G?$PxHitCallback@UPxOverlapHit@physx@@@physx@@UEAAPEAXI@Z 000000018000ad90 f i CctCharacterControllerCallbacks.obj
 0001:00009dc0       ?PxPlaneEquationFromTransform@physx@@YA?AVPxPlane@1@AEBVPxTransform@1@@Z 000000018000adc0 f i CctCharacterControllerCallbacks.obj
 0001:00009f10       ?allocate@?$ReflectionAllocator@VPxTriangle@physx@@@shdfnd@physx@@QEAAPEAX_KPEBDH@Z 000000018000af10 f i CctCharacterControllerCallbacks.obj
 0001:00009fb0       ?copy@?$Array@VPxTriangle@physx@@V?$ReflectionAllocator@VPxTriangle@physx@@@shdfnd@2@@shdfnd@physx@@KAXPEAVPxTriangle@3@0PEBV43@@Z 000000018000afb0 f i CctCharacterControllerCallbacks.obj
 0001:0000a6c0       ?finalizeQuery@?$PxHitCallback@UPxOverlapHit@physx@@@physx@@UEAAXXZ 000000018000b6c0 f i CctCharacterControllerCallbacks.obj
 0001:0000a6d0       ?growAndPushBack@?$Array@IV?$ReflectionAllocator@I@shdfnd@physx@@@shdfnd@physx@@IEAAAEAIAEBI@Z 000000018000b6d0 f i CctCharacterControllerCallbacks.obj
 0001:0000a7a0       ?growAndPushBack@?$Array@VPxTriangle@physx@@V?$ReflectionAllocator@VPxTriangle@physx@@@shdfnd@2@@shdfnd@physx@@IEAAAEAVPxTriangle@3@AEBV43@@Z 000000018000b7a0 f i CctCharacterControllerCallbacks.obj
 0001:0000e1d0       ?processTouches@?$PxHitBuffer@UPxOverlapHit@physx@@@physx@@MEAA_NPEBUPxOverlapHit@2@I@Z 000000018000f1d0 f i CctCharacterControllerCallbacks.obj
 0001:0000e1e0       ?recreate@?$Array@VPxTriangle@physx@@V?$ReflectionAllocator@VPxTriangle@physx@@@shdfnd@2@@shdfnd@physx@@IEAAXI@Z 000000018000f1e0 f i CctCharacterControllerCallbacks.obj
 0001:0000e290       ?resizeUninitialized@?$Array@VPxTriangle@physx@@V?$ReflectionAllocator@VPxTriangle@physx@@@shdfnd@2@@shdfnd@physx@@QEAAXI@Z 000000018000f290 f i CctCharacterControllerCallbacks.obj
 0001:0000eac0       PxCreateControllerManager  000000018000fac0 f   CctCharacterControllerManager.obj
 0001:0000eb70       ??0CharacterControllerManager@Cct@physx@@QEAA@AEAVPxScene@2@_N@Z 000000018000fb70 f   CctCharacterControllerManager.obj
 0001:0000ec40       ??1CharacterControllerManager@Cct@physx@@UEAA@XZ 000000018000fc40 f   CctCharacterControllerManager.obj
 0001:0000edb0       ?release@CharacterControllerManager@Cct@physx@@UEAAXXZ 000000018000fdb0 f   CctCharacterControllerManager.obj
 0001:0000efe0       ?getScene@CharacterControllerManager@Cct@physx@@UEBAAEAVPxScene@3@XZ 000000018000ffe0 f   CctCharacterControllerManager.obj
 0001:0000eff0       ?getNbControllers@CharacterControllerManager@Cct@physx@@UEBAIXZ 000000018000fff0 f   CctCharacterControllerManager.obj
 0001:0000f000       ?getController@CharacterControllerManager@Cct@physx@@UEAAPEAVPxController@3@I@Z 0000000180010000 f   CctCharacterControllerManager.obj
 0001:0000f060       ?createController@CharacterControllerManager@Cct@physx@@UEAAPEAVPxController@3@AEBVPxControllerDesc@3@@Z 0000000180010060 f   CctCharacterControllerManager.obj
 0001:0000f280       ?purgeControllers@CharacterControllerManager@Cct@physx@@UEAAXXZ 0000000180010280 f   CctCharacterControllerManager.obj
 0001:0000f460       ?getRenderBuffer@CharacterControllerManager@Cct@physx@@UEAAAEAVPxRenderBuffer@3@XZ 0000000180010460 f   CctCharacterControllerManager.obj
 0001:0000f540       ?setDebugRenderingFlags@CharacterControllerManager@Cct@physx@@UEAAXV?$PxFlags@W4Enum@PxControllerDebugRenderFlag@physx@@I@3@@Z 0000000180010540 f   CctCharacterControllerManager.obj
 0001:0000f580       ?getNbObstacleContexts@CharacterControllerManager@Cct@physx@@UEBAIXZ 0000000180010580 f   CctCharacterControllerManager.obj
 0001:0000f590       ?getObstacleContext@CharacterControllerManager@Cct@physx@@UEAAPEAVPxObstacleContext@3@I@Z 0000000180010590 f   CctCharacterControllerManager.obj
 0001:0000f5f0       ?createObstacleContext@CharacterControllerManager@Cct@physx@@UEAAPEAVPxObstacleContext@3@XZ 00000001800105f0 f   CctCharacterControllerManager.obj
 0001:0000f6e0       ?computeInteractions@CharacterControllerManager@Cct@physx@@UEAAXMPEAVPxControllerFilterCallback@3@@Z 00000001800106e0 f   CctCharacterControllerManager.obj
 0001:0000f930       ?setTessellation@CharacterControllerManager@Cct@physx@@UEAAX_NM@Z 0000000180010930 f   CctCharacterControllerManager.obj
 0001:0000f950       ?setOverlapRecoveryModule@CharacterControllerManager@Cct@physx@@UEAAX_N@Z 0000000180010950 f   CctCharacterControllerManager.obj
 0001:0000f960       ?setPreciseSweeps@CharacterControllerManager@Cct@physx@@UEAAX_N@Z 0000000180010960 f   CctCharacterControllerManager.obj
 0001:0000f970       ?setPreventVerticalSlidingAgainstCeiling@CharacterControllerManager@Cct@physx@@UEAAX_N@Z 0000000180010970 f   CctCharacterControllerManager.obj
 0001:0000f980       ?shiftOrigin@CharacterControllerManager@Cct@physx@@UEAAXAEBVPxVec3@3@@Z 0000000180010980 f   CctCharacterControllerManager.obj
 0001:0000fa50       ?onObstacleRemoved@CharacterControllerManager@Cct@physx@@QEBAXI@Z 0000000180010a50 f   CctCharacterControllerManager.obj
 0001:0000faa0       ?onObstacleUpdated@CharacterControllerManager@Cct@physx@@QEBAXIPEBVPxObstacleContext@3@@Z 0000000180010aa0 f   CctCharacterControllerManager.obj
 0001:0000fbc0       ?onObstacleAdded@CharacterControllerManager@Cct@physx@@QEBAXIPEBVPxObstacleContext@3@@Z 0000000180010bc0 f   CctCharacterControllerManager.obj
 0001:0000fce0       ?releaseController@CharacterControllerManager@Cct@physx@@QEAAXAEAVPxController@3@@Z 0000000180010ce0 f   CctCharacterControllerManager.obj
 0001:0000fe80       ?getControllers@CharacterControllerManager@Cct@physx@@QEAAPEAPEAVController@23@XZ 0000000180010e80 f   CctCharacterControllerManager.obj
 0001:0000fe90       ?releaseObstacleContext@CharacterControllerManager@Cct@physx@@QEAAXAEAVObstacleContext@23@@Z 0000000180010e90 f   CctCharacterControllerManager.obj
 0001:0000ff00       ?resetObstaclesBuffers@CharacterControllerManager@Cct@physx@@QEAAXXZ 0000000180010f00 f   CctCharacterControllerManager.obj
 0001:0000ffd0       ??$append@UPxDebugLine@physx@@@RenderBuffer@Cm@physx@@AEAAXAEAV?$Array@UPxDebugLine@physx@@V?$ReflectionAllocator@UPxDebugLine@physx@@@shdfnd@2@@shdfnd@2@PEBUPxDebugLine@2@I@Z 0000000180010fd0 f i CctCharacterControllerManager.obj
 0001:00010090       ??$append@UPxDebugPoint@physx@@@RenderBuffer@Cm@physx@@AEAAXAEAV?$Array@UPxDebugPoint@physx@@V?$ReflectionAllocator@UPxDebugPoint@physx@@@shdfnd@2@@shdfnd@2@PEBUPxDebugPoint@2@I@Z 0000000180011090 f i CctCharacterControllerManager.obj
 0001:00010130       ??$append@UPxDebugText@physx@@@RenderBuffer@Cm@physx@@AEAAXAEAV?$Array@UPxDebugText@physx@@V?$ReflectionAllocator@UPxDebugText@physx@@@shdfnd@2@@shdfnd@2@PEBUPxDebugText@2@I@Z 0000000180011130 f i CctCharacterControllerManager.obj
 0001:000101e0       ??$append@UPxDebugTriangle@physx@@@RenderBuffer@Cm@physx@@AEAAXAEAV?$Array@UPxDebugTriangle@physx@@V?$ReflectionAllocator@UPxDebugTriangle@physx@@@shdfnd@2@@shdfnd@2@PEBUPxDebugTriangle@2@I@Z 00000001800111e0 f i CctCharacterControllerManager.obj
 0001:000102c0       ??$resetOrClear@V?$Array@PEBXV?$ReflectionAllocator@PEBX@shdfnd@physx@@@shdfnd@physx@@@@YAXAEAV?$Array@PEBXV?$ReflectionAllocator@PEBX@shdfnd@physx@@@shdfnd@physx@@@Z 00000001800112c0 f i CctCharacterControllerManager.obj
 0001:00010320       ??$resetOrClear@V?$Array@UPxExtendedCapsule@physx@@V?$ReflectionAllocator@UPxExtendedCapsule@physx@@@shdfnd@2@@shdfnd@physx@@@@YAXAEAV?$Array@UPxExtendedCapsule@physx@@V?$ReflectionAllocator@UPxExtendedCapsule@physx@@@shdfnd@2@@shdfnd@physx@@@Z 0000000180011320 f i CctCharacterControllerManager.obj
 0001:00010390       ??$resetOrClear@V?$Array@VPxExtendedBox@physx@@V?$ReflectionAllocator@VPxExtendedBox@physx@@@shdfnd@2@@shdfnd@physx@@@@YAXAEAV?$Array@VPxExtendedBox@physx@@V?$ReflectionAllocator@VPxExtendedBox@physx@@@shdfnd@2@@shdfnd@physx@@@Z 0000000180011390 f i CctCharacterControllerManager.obj
 0001:000103e0       ??1PxRenderBuffer@physx@@UEAA@XZ 00000001800113e0 f i CctCharacterControllerManager.obj
 0001:000103f0       ??1RenderBuffer@Cm@physx@@UEAA@XZ 00000001800113f0 f i CctCharacterControllerManager.obj
 0001:000104f0       ??_ECharacterControllerManager@Cct@physx@@UEAAPEAXI@Z 00000001800114f0 f i CctCharacterControllerManager.obj
 0001:000104f0       ??_GCharacterControllerManager@Cct@physx@@UEAAPEAXI@Z 00000001800114f0 f i CctCharacterControllerManager.obj
 0001:00010550       ??_GPxRenderBuffer@physx@@UEAAPEAXI@Z 0000000180011550 f i CctCharacterControllerManager.obj
 0001:00010550       ??_EPxRenderBuffer@physx@@UEAAPEAXI@Z 0000000180011550 f i CctCharacterControllerManager.obj
 0001:00010580       ??_ERenderBuffer@Cm@physx@@UEAAPEAXI@Z 0000000180011580 f i CctCharacterControllerManager.obj
 0001:00010580       ??_GRenderBuffer@Cm@physx@@UEAAPEAXI@Z 0000000180011580 f i CctCharacterControllerManager.obj
 0001:00011060       ?allocate@?$ReflectionAllocator@PEAVController@Cct@physx@@@shdfnd@physx@@QEAAPEAX_KPEBDH@Z 0000000180012060 f i CctCharacterControllerManager.obj
 0001:00011100       ?allocate@?$ReflectionAllocator@PEAVObstacleContext@Cct@physx@@@shdfnd@physx@@QEAAPEAX_KPEBDH@Z 0000000180012100 f i CctCharacterControllerManager.obj
 0001:000111a0       ?allocate@?$ReflectionAllocator@UPxDebugLine@physx@@@shdfnd@physx@@QEAAPEAX_KPEBDH@Z 00000001800121a0 f i CctCharacterControllerManager.obj
 0001:00011240       ?allocate@?$ReflectionAllocator@UPxDebugPoint@physx@@@shdfnd@physx@@QEAAPEAX_KPEBDH@Z 0000000180012240 f i CctCharacterControllerManager.obj
 0001:000112e0       ?allocate@?$ReflectionAllocator@UPxDebugText@physx@@@shdfnd@physx@@QEAAPEAX_KPEBDH@Z 00000001800122e0 f i CctCharacterControllerManager.obj
 0001:00011380       ?allocate@?$ReflectionAllocator@UPxDebugTriangle@physx@@@shdfnd@physx@@QEAAPEAX_KPEBDH@Z 0000000180012380 f i CctCharacterControllerManager.obj
 0001:00011420       ?append@RenderBuffer@Cm@physx@@UEAAXAEBVPxRenderBuffer@3@@Z 0000000180012420 f i CctCharacterControllerManager.obj
 0001:000114e0       ?clear@RenderBuffer@Cm@physx@@UEAAXXZ 00000001800124e0 f i CctCharacterControllerManager.obj
 0001:000119d0       ?copy@?$Array@UPxDebugLine@physx@@V?$ReflectionAllocator@UPxDebugLine@physx@@@shdfnd@2@@shdfnd@physx@@KAXPEAUPxDebugLine@3@0PEBU43@@Z 00000001800129d0 f i CctCharacterControllerManager.obj
 0001:00011b70       ?copy@?$Array@UPxDebugPoint@physx@@V?$ReflectionAllocator@UPxDebugPoint@physx@@@shdfnd@2@@shdfnd@physx@@KAXPEAUPxDebugPoint@3@0PEBU43@@Z 0000000180012b70 f i CctCharacterControllerManager.obj
 0001:00011ca0       ?copy@?$Array@UPxDebugText@physx@@V?$ReflectionAllocator@UPxDebugText@physx@@@shdfnd@2@@shdfnd@physx@@KAXPEAUPxDebugText@3@0PEBU43@@Z 0000000180012ca0 f i CctCharacterControllerManager.obj
 0001:00011e10       ?copy@?$Array@UPxDebugTriangle@physx@@V?$ReflectionAllocator@UPxDebugTriangle@physx@@@shdfnd@2@@shdfnd@physx@@KAXPEAUPxDebugTriangle@3@0PEBU43@@Z 0000000180012e10 f i CctCharacterControllerManager.obj
 0001:00012050       ?create@?$Array@VPxExtendedBox@physx@@V?$ReflectionAllocator@VPxExtendedBox@physx@@@shdfnd@2@@shdfnd@physx@@KAXPEAVPxExtendedBox@3@0AEBV43@@Z 0000000180013050 f i CctCharacterControllerManager.obj
 0001:00012230       ?create@?$HashBase@PEAVPxShape@physx@@PEAV12@U?$Hash@PEAVPxShape@physx@@@shdfnd@2@UGetKey@?$HashSetBase@PEAVPxShape@physx@@U?$Hash@PEAVPxShape@physx@@@shdfnd@2@VAllocator@42@$0A@@internal@42@VAllocator@42@$0A@@internal@shdfnd@physx@@QEAAPEAPEAVPxShape@4@AEBQEAV54@AEA_N@Z 0000000180013230 f i CctCharacterControllerManager.obj
 0001:000123c0       ?createController@CharacterControllerManager@Cct@physx@@UEAAPEAVPxController@3@AEAVPxPhysics@3@PEAVPxScene@3@AEBVPxControllerDesc@3@@Z 00000001800133c0 f i CctCharacterControllerManager.obj
 0001:00012530       ?freeListAdd@?$HashBase@PEAVPxShape@physx@@PEAV12@U?$Hash@PEAVPxShape@physx@@@shdfnd@2@UGetKey@?$HashSetBase@PEAVPxShape@physx@@U?$Hash@PEAVPxShape@physx@@@shdfnd@2@VAllocator@42@$0A@@internal@42@VAllocator@42@$0A@@internal@shdfnd@physx@@AEAAXII@Z 0000000180013530 f i CctCharacterControllerManager.obj
 0001:00012630       ?getLines@RenderBuffer@Cm@physx@@UEBAPEBUPxDebugLine@3@XZ 0000000180013630 f i CctCharacterControllerManager.obj
 0001:00012640       ?getNbLines@RenderBuffer@Cm@physx@@UEBAIXZ 0000000180013640 f i CctCharacterControllerManager.obj
 0001:00012650       ?getNbPoints@RenderBuffer@Cm@physx@@UEBAIXZ 0000000180013650 f i CctCharacterControllerManager.obj
 0001:00012660       ?getNbTexts@RenderBuffer@Cm@physx@@UEBAIXZ 0000000180013660 f i CctCharacterControllerManager.obj
 0001:00012670       ?getNbTriangles@RenderBuffer@Cm@physx@@UEBAIXZ 0000000180013670 f i CctCharacterControllerManager.obj
 0001:00012680       ?getPoints@RenderBuffer@Cm@physx@@UEBAPEBUPxDebugPoint@3@XZ 0000000180013680 f i CctCharacterControllerManager.obj
 0001:00012690       ?getTexts@RenderBuffer@Cm@physx@@UEBAPEBUPxDebugText@3@XZ 0000000180013690 f i CctCharacterControllerManager.obj
 0001:000126a0       ?getTriangles@RenderBuffer@Cm@physx@@UEBAPEBUPxDebugTriangle@3@XZ 00000001800136a0 f i CctCharacterControllerManager.obj
 0001:000126b0       ?growAndPushBack@?$Array@PEAVController@Cct@physx@@V?$ReflectionAllocator@PEAVController@Cct@physx@@@shdfnd@3@@shdfnd@physx@@IEAAAEAPEAVController@Cct@3@AEBQEAV453@@Z 00000001800136b0 f i CctCharacterControllerManager.obj
 0001:00012790       ?growAndPushBack@?$Array@PEAVObstacleContext@Cct@physx@@V?$ReflectionAllocator@PEAVObstacleContext@Cct@physx@@@shdfnd@3@@shdfnd@physx@@IEAAAEAPEAVObstacleContext@Cct@3@AEBQEAV453@@Z 0000000180013790 f i CctCharacterControllerManager.obj
 0001:00012870       ?growAndPushBack@?$Array@UPxDebugLine@physx@@V?$ReflectionAllocator@UPxDebugLine@physx@@@shdfnd@2@@shdfnd@physx@@IEAAAEAUPxDebugLine@3@AEBU43@@Z 0000000180013870 f i CctCharacterControllerManager.obj
 0001:00012970       ?growAndPushBack@?$Array@UPxDebugPoint@physx@@V?$ReflectionAllocator@UPxDebugPoint@physx@@@shdfnd@2@@shdfnd@physx@@IEAAAEAUPxDebugPoint@3@AEBU43@@Z 0000000180013970 f i CctCharacterControllerManager.obj
 0001:00012a60       ?growAndPushBack@?$Array@UPxDebugText@physx@@V?$ReflectionAllocator@UPxDebugText@physx@@@shdfnd@2@@shdfnd@physx@@IEAAAEAUPxDebugText@3@AEBU43@@Z 0000000180013a60 f i CctCharacterControllerManager.obj
 0001:00012b60       ?growAndPushBack@?$Array@UPxDebugTriangle@physx@@V?$ReflectionAllocator@UPxDebugTriangle@physx@@@shdfnd@2@@shdfnd@physx@@IEAAAEAUPxDebugTriangle@3@AEBU43@@Z 0000000180013b60 f i CctCharacterControllerManager.obj
 0001:00012c90       ?recreate@?$Array@PEBXV?$ReflectionAllocator@PEBX@shdfnd@physx@@@shdfnd@physx@@IEAAXI@Z 0000000180013c90 f i CctCharacterControllerManager.obj
 0001:00012d40       ?recreate@?$Array@UPxDebugLine@physx@@V?$ReflectionAllocator@UPxDebugLine@physx@@@shdfnd@2@@shdfnd@physx@@IEAAXI@Z 0000000180013d40 f i CctCharacterControllerManager.obj
 0001:00012dd0       ?recreate@?$Array@UPxDebugPoint@physx@@V?$ReflectionAllocator@UPxDebugPoint@physx@@@shdfnd@2@@shdfnd@physx@@IEAAXI@Z 0000000180013dd0 f i CctCharacterControllerManager.obj
 0001:00012e60       ?recreate@?$Array@UPxDebugText@physx@@V?$ReflectionAllocator@UPxDebugText@physx@@@shdfnd@2@@shdfnd@physx@@IEAAXI@Z 0000000180013e60 f i CctCharacterControllerManager.obj
 0001:00012ef0       ?recreate@?$Array@UPxDebugTriangle@physx@@V?$ReflectionAllocator@UPxDebugTriangle@physx@@@shdfnd@2@@shdfnd@physx@@IEAAXI@Z 0000000180013ef0 f i CctCharacterControllerManager.obj
 0001:00012f90       ?recreate@?$Array@UPxExtendedCapsule@physx@@V?$ReflectionAllocator@UPxExtendedCapsule@physx@@@shdfnd@2@@shdfnd@physx@@IEAAXI@Z 0000000180013f90 f i CctCharacterControllerManager.obj
 0001:00013050       ?recreate@?$Array@VPxExtendedBox@physx@@V?$ReflectionAllocator@VPxExtendedBox@physx@@@shdfnd@2@@shdfnd@physx@@IEAAXI@Z 0000000180014050 f i CctCharacterControllerManager.obj
 0001:00013100       ?reserveInternal@?$HashBase@PEAVPxShape@physx@@PEAV12@U?$Hash@PEAVPxShape@physx@@@shdfnd@2@UGetKey@?$HashSetBase@PEAVPxShape@physx@@U?$Hash@PEAVPxShape@physx@@@shdfnd@2@VAllocator@42@$0A@@internal@42@VAllocator@42@$0A@@internal@shdfnd@physx@@AEAAXI@Z 0000000180014100 f i CctCharacterControllerManager.obj
 0001:000133c0       ?resize@?$Array@PEBXV?$ReflectionAllocator@PEBX@shdfnd@physx@@@shdfnd@physx@@QEAAXIAEBQEBX@Z 00000001800143c0 f i CctCharacterControllerManager.obj
 0001:00013430       ?resize@?$Array@UPxExtendedCapsule@physx@@V?$ReflectionAllocator@UPxExtendedCapsule@physx@@@shdfnd@2@@shdfnd@physx@@QEAAXIAEBUPxExtendedCapsule@3@@Z 0000000180014430 f i CctCharacterControllerManager.obj
 0001:000134c0       ?resize@?$Array@VPxExtendedBox@physx@@V?$ReflectionAllocator@VPxExtendedBox@physx@@@shdfnd@2@@shdfnd@physx@@QEAAXIAEBVPxExtendedBox@3@@Z 00000001800144c0 f i CctCharacterControllerManager.obj
 0001:00013520       ?shift@RenderBuffer@Cm@physx@@QEAAXAEBVPxVec3@3@@Z 0000000180014520 f i CctCharacterControllerManager.obj
 0001:00013710       ??0Controller@Cct@physx@@QEAA@AEBVPxControllerDesc@2@PEAVPxScene@2@@Z 0000000180014710 f   CctController.obj
 0001:00013910       ??1Controller@Cct@physx@@UEAA@XZ 0000000180014910 f   CctController.obj
 0001:000139b0       ?releaseInternal@Controller@Cct@physx@@QEAAXXZ 00000001800149b0 f   CctController.obj
 0001:000139e0       ?getInternalState@Controller@Cct@physx@@QEBAXAEAUPxControllerState@3@@Z 00000001800149e0 f   CctController.obj
 0001:00013ab0       ?getInternalStats@Controller@Cct@physx@@QEBAXAEAUPxControllerStats@3@@Z 0000000180014ab0 f   CctController.obj
 0001:00013af0       ?onRelease@Controller@Cct@physx@@UEAAXPEBVPxBase@3@PEAXW4Enum@PxDeletionEventFlag@3@@Z 0000000180014af0 f   CctController.obj
 0001:00013b60       ?onOriginShift@Controller@Cct@physx@@QEAAXAEBVPxVec3@3@@Z 0000000180014b60 f   CctController.obj
 0001:00013c30       ?setUpDirectionInternal@Controller@Cct@physx@@IEAAXAEBVPxVec3@3@@Z 0000000180014c30 f   CctController.obj
 0001:00013cc0       ?getKineShape@Controller@Cct@physx@@IEBAPEAVPxShape@3@XZ 0000000180014cc0 f   CctController.obj
 0001:00013d00       ?createProxyActor@Controller@Cct@physx@@IEAA_NAEAVPxPhysics@3@AEBVPxGeometry@3@AEBVPxMaterial@3@@Z 0000000180014d00 f   CctController.obj
 0001:00013e20       ?setPos@Controller@Cct@physx@@IEAA_NAEBUPxExtendedVec3@3@@Z 0000000180014e20 f   CctController.obj
 0001:00013ec0       ??1PxDeletionListener@physx@@MEAA@XZ 0000000180014ec0 f i CctController.obj
 0001:00013ed0       ??_EController@Cct@physx@@UEAAPEAXI@Z 0000000180014ed0 f i CctController.obj
 0001:00013ed0       ??_GController@Cct@physx@@UEAAPEAXI@Z 0000000180014ed0 f i CctController.obj
 0001:00013f30       ??_GPxDeletionListener@physx@@MEAAPEAXI@Z 0000000180014f30 f i CctController.obj
 0001:00013f30       ??_EPxDeletionListener@physx@@MEAAPEAXI@Z 0000000180014f30 f i CctController.obj
 0001:00013f60       ?rotationArc@shdfnd@physx@@YA?AVPxQuat@2@AEBVPxVec3@2@0@Z 0000000180014f60 f i CctController.obj
 0001:00014170       ??0HandleManager@Cct@physx@@QEAA@XZ 0000000180015170 f   CctObstacleContext.obj
 0001:00014270       ??1HandleManager@Cct@physx@@QEAA@XZ 0000000180015270 f   CctObstacleContext.obj
 0001:000142a0       ?Add@HandleManager@Cct@physx@@QEAAIPEAX@Z 00000001800152a0 f   CctObstacleContext.obj
 0001:000144e0       ?Remove@HandleManager@Cct@physx@@QEAAXI@Z 00000001800154e0 f   CctObstacleContext.obj
 0001:000145c0       ?GetObject@HandleManager@Cct@physx@@QEBAPEAXI@Z 00000001800155c0 f   CctObstacleContext.obj
 0001:00014620       ?UpdateObject@HandleManager@Cct@physx@@QEAA_NIPEAX@Z 0000000180015620 f   CctObstacleContext.obj
 0001:00014680       ?SetupLists@HandleManager@Cct@physx@@AEAA_NPEAPEAXPEAG11@Z 0000000180015680 f   CctObstacleContext.obj
 0001:00014730       ??0ObstacleContext@Cct@physx@@QEAA@AEAVCharacterControllerManager@12@@Z 0000000180015730 f   CctObstacleContext.obj
 0001:00014780       ??1ObstacleContext@Cct@physx@@UEAA@XZ 0000000180015780 f   CctObstacleContext.obj
 0001:00014820       ?release@ObstacleContext@Cct@physx@@UEAAXXZ 0000000180015820 f   CctObstacleContext.obj
 0001:00014840       ?getControllerManager@ObstacleContext@Cct@physx@@UEBAAEAVPxControllerManager@3@XZ 0000000180015840 f   CctObstacleContext.obj
 0001:00014850       ?addObstacle@ObstacleContext@Cct@physx@@UEAAIAEBVPxObstacle@3@@Z 0000000180015850 f   CctObstacleContext.obj
 0001:00014ac0       ?removeObstacle@ObstacleContext@Cct@physx@@UEAA_NI@Z 0000000180015ac0 f   CctObstacleContext.obj
 0001:00014d00       ?updateObstacle@ObstacleContext@Cct@physx@@UEAA_NIAEBVPxObstacle@3@@Z 0000000180015d00 f   CctObstacleContext.obj
 0001:00014e90       ?getNbObstacles@ObstacleContext@Cct@physx@@UEBAIXZ 0000000180015e90 f   CctObstacleContext.obj
 0001:00014ea0       ?getObstacle@ObstacleContext@Cct@physx@@UEBAPEBVPxObstacle@3@I@Z 0000000180015ea0 f   CctObstacleContext.obj
 0001:00014ef0       ?getObstacleByHandle@ObstacleContext@Cct@physx@@UEBAPEBVPxObstacle@3@I@Z 0000000180015ef0 f   CctObstacleContext.obj
 0001:00014f90       ?raycastSingle@ObstacleContext@Cct@physx@@QEBAPEBVPxObstacle@3@AEAUPxRaycastHit@3@AEBVPxVec3@3@1MAEAI@Z 0000000180015f90 f   CctObstacleContext.obj
 0001:000152c0       ?raycastSingle@ObstacleContext@Cct@physx@@QEBAPEBVPxObstacle@3@AEAUPxRaycastHit@3@AEBIAEBVPxVec3@3@2M@Z 00000001800162c0 f   CctObstacleContext.obj
 0001:000154f0       ?onOriginShift@ObstacleContext@Cct@physx@@QEAAXAEBVPxVec3@3@@Z 00000001800164f0 f   CctObstacleContext.obj
 0001:000155d0       ??1PxObstacleContext@physx@@UEAA@XZ 00000001800165d0 f i CctObstacleContext.obj
 0001:000155e0       ??_EObstacleContext@Cct@physx@@UEAAPEAXI@Z 00000001800165e0 f i CctObstacleContext.obj
 0001:000155e0       ??_GObstacleContext@Cct@physx@@UEAAPEAXI@Z 00000001800165e0 f i CctObstacleContext.obj
 0001:00015640       ??_EPxObstacleContext@physx@@UEAAPEAXI@Z 0000000180016640 f i CctObstacleContext.obj
 0001:00015640       ??_GPxObstacleContext@physx@@UEAAPEAXI@Z 0000000180016640 f i CctObstacleContext.obj
 0001:00015670       ?allocate@?$ReflectionAllocator@UInternalBoxObstacle@ObstacleContext@Cct@physx@@@shdfnd@physx@@QEAAPEAX_KPEBDH@Z 0000000180016670 f i CctObstacleContext.obj
 0001:00015710       ?allocate@?$ReflectionAllocator@UInternalCapsuleObstacle@ObstacleContext@Cct@physx@@@shdfnd@physx@@QEAAPEAX_KPEBDH@Z 0000000180016710 f i CctObstacleContext.obj
 0001:000157b0       ?copy@?$Array@UInternalBoxObstacle@ObstacleContext@Cct@physx@@V?$ReflectionAllocator@UInternalBoxObstacle@ObstacleContext@Cct@physx@@@shdfnd@4@@shdfnd@physx@@KAXPEAUInternalBoxObstacle@ObstacleContext@Cct@3@0PEBU4563@@Z 00000001800167b0 f i CctObstacleContext.obj
 0001:00015a60       ?copy@?$Array@UInternalCapsuleObstacle@ObstacleContext@Cct@physx@@V?$ReflectionAllocator@UInternalCapsuleObstacle@ObstacleContext@Cct@physx@@@shdfnd@4@@shdfnd@physx@@KAXPEAUInternalCapsuleObstacle@ObstacleContext@Cct@3@0PEBU4563@@Z 0000000180016a60 f i CctObstacleContext.obj
 0001:00015ce0       ?growAndPushBack@?$Array@UInternalBoxObstacle@ObstacleContext@Cct@physx@@V?$ReflectionAllocator@UInternalBoxObstacle@ObstacleContext@Cct@physx@@@shdfnd@4@@shdfnd@physx@@IEAAAEAUInternalBoxObstacle@ObstacleContext@Cct@3@AEBU4563@@Z 0000000180016ce0 f i CctObstacleContext.obj
 0001:00015e10       ?growAndPushBack@?$Array@UInternalCapsuleObstacle@ObstacleContext@Cct@physx@@V?$ReflectionAllocator@UInternalCapsuleObstacle@ObstacleContext@Cct@physx@@@shdfnd@4@@shdfnd@physx@@IEAAAEAUInternalCapsuleObstacle@ObstacleContext@Cct@3@AEBU4563@@Z 0000000180016e10 f i CctObstacleContext.obj
 0001:00015f40       ?replaceWithLast@?$Array@UInternalCapsuleObstacle@ObstacleContext@Cct@physx@@V?$ReflectionAllocator@UInternalCapsuleObstacle@ObstacleContext@Cct@physx@@@shdfnd@4@@shdfnd@physx@@QEAAXI@Z 0000000180016f40 f i CctObstacleContext.obj
 0001:00015fd0       ??0SweptBox@Cct@physx@@QEAA@XZ 0000000180016fd0 f   CctSweptBox.obj
 0001:00016000       ??1SweptBox@Cct@physx@@UEAA@XZ 0000000180017000 f   CctSweptBox.obj
 0001:00016020       ?computeTemporalBox@SweptBox@Cct@physx@@UEBAXAEBVSweepTest@23@AEAUPxExtendedBounds3@3@AEBUPxExtendedVec3@3@AEBVPxVec3@3@@Z 0000000180017020 f   CctSweptBox.obj
 0001:00016080       ??_ESweptBox@Cct@physx@@UEAAPEAXI@Z 0000000180017080 f i CctSweptBox.obj
 0001:00016080       ??_GSweptBox@Cct@physx@@UEAAPEAXI@Z 0000000180017080 f i CctSweptBox.obj
 0001:000160c0       ??0SweptCapsule@Cct@physx@@QEAA@XZ 00000001800170c0 f   CctSweptCapsule.obj
 0001:000160f0       ??1SweptCapsule@Cct@physx@@UEAA@XZ 00000001800170f0 f   CctSweptCapsule.obj
 0001:00016110       ?computeTemporalBox@SweptCapsule@Cct@physx@@UEBAXAEBVSweepTest@23@AEAUPxExtendedBounds3@3@AEBUPxExtendedVec3@3@AEBVPxVec3@3@@Z 0000000180017110 f   CctSweptCapsule.obj
 0001:00016160       ??_GSweptCapsule@Cct@physx@@UEAAPEAXI@Z 0000000180017160 f i CctSweptCapsule.obj
 0001:00016160       ??_ESweptCapsule@Cct@physx@@UEAAPEAXI@Z 0000000180017160 f i CctSweptCapsule.obj
 0001:000161a0       ??0SweptVolume@Cct@physx@@QEAA@XZ 00000001800171a0 f   CctSweptVolume.obj
 0001:000161c0       ??1SweptVolume@Cct@physx@@UEAA@XZ 00000001800171c0 f   CctSweptVolume.obj
 0001:000161e0       ?computeTemporalBox@Cct@physx@@YAXAEAUPxExtendedBounds3@2@MMMMAEBVPxVec3@2@AEBUPxExtendedVec3@2@1@Z 00000001800171e0 f   CctSweptVolume.obj
 0001:00016670       ??_GSweptVolume@Cct@physx@@UEAAPEAXI@Z 0000000180017670 f i CctSweptVolume.obj
 0001:00016670       ??_ESweptVolume@Cct@physx@@UEAAPEAXI@Z 0000000180017670 f i CctSweptVolume.obj
 0001:0001669c       PxGetFoundation            000000018001769c f   PhysX3Common_x64:PhysX3Common_x64.dll
 0001:000166a2       ?deallocate@Allocator@shdfnd@physx@@QEAAXPEAX@Z 00000001800176a2 f   PhysX3Common_x64:PhysX3Common_x64.dll
 0001:000166a8       ?lock@MutexImpl@shdfnd@physx@@QEAAXXZ 00000001800176a8 f   PhysX3Common_x64:PhysX3Common_x64.dll
 0001:000166ae       ?unlock@MutexImpl@shdfnd@physx@@QEAAXXZ 00000001800176ae f   PhysX3Common_x64:PhysX3Common_x64.dll
 0001:000166b4       ?PxTransformFromSegment@physx@@YA?AVPxTransform@1@AEBVPxVec3@1@0PEAM@Z 00000001800176b4 f   PhysX3Common_x64:PhysX3Common_x64.dll
 0001:000166ba       ?sweep@PxGeometryQuery@physx@@SA_NAEBVPxVec3@2@MAEBVPxGeometry@2@AEBVPxTransform@2@12AEAUPxSweepHit@2@V?$PxFlags@W4Enum@PxHitFlag@physx@@G@2@M@Z 00000001800176ba f   PhysX3Common_x64:PhysX3Common_x64.dll
 0001:000166c0       ?computePenetration@PxGeometryQuery@physx@@SA_NAEAVPxVec3@2@AEAMAEBVPxGeometry@2@AEBVPxTransform@2@23@Z 00000001800176c0 f   PhysX3Common_x64:PhysX3Common_x64.dll
 0001:000166c6       ?getAllocator@shdfnd@physx@@YAAEAVPxAllocatorCallback@2@XZ 00000001800176c6 f   PhysX3Common_x64:PhysX3Common_x64.dll
 0001:000166cc       ??0RenderOutput@Cm@physx@@QEAA@AEAVRenderBuffer@12@@Z 00000001800176cc f   PhysX3Common_x64:PhysX3Common_x64.dll
 0001:000166d2       ??6RenderOutput@Cm@physx@@QEAAAEAV012@I@Z 00000001800176d2 f   PhysX3Common_x64:PhysX3Common_x64.dll
 0001:000166d8       ??6RenderOutput@Cm@physx@@QEAAAEAV012@AEBVPxTransform@2@@Z 00000001800176d8 f   PhysX3Common_x64:PhysX3Common_x64.dll
 0001:000166de       ?outputCapsule@RenderOutput@Cm@physx@@QEAAAEAV123@MMAEBVMatrix34@23@@Z 00000001800176de f   PhysX3Common_x64:PhysX3Common_x64.dll
 0001:000166e4       ??6Cm@physx@@YAAEAVRenderOutput@01@AEAV201@AEBUDebugBox@01@@Z 00000001800176e4 f   PhysX3Common_x64:PhysX3Common_x64.dll
 0001:000166ea       ?intersectOBBOBB@Gu@physx@@YA_NAEBVPxVec3@2@0AEBVPxMat33@2@001_N@Z 00000001800176ea f   PhysX3Common_x64:PhysX3Common_x64.dll
 0001:000166f0       ?distanceSegmentBoxSquared@Gu@physx@@YAMAEBVPxVec3@2@000AEBVPxMat33@2@PEAMPEAV32@@Z 00000001800176f0 f   PhysX3Common_x64:PhysX3Common_x64.dll
 0001:000166f6       ?sweep@PxMeshQuery@physx@@SA_NAEBVPxVec3@2@MAEBVPxGeometry@2@AEBVPxTransform@2@IPEBVPxTriangle@2@AEAUPxSweepHit@2@V?$PxFlags@W4Enum@PxHitFlag@physx@@G@2@PEBIM_N@Z 00000001800176f6 f   PhysX3Common_x64:PhysX3Common_x64.dll
 0001:000166fc       ?getTriangle@PxMeshQuery@physx@@SAXAEBVPxTriangleMeshGeometry@2@AEBVPxTransform@2@IAEAVPxTriangle@2@PEAI3@Z 00000001800176fc f   PhysX3Common_x64:PhysX3Common_x64.dll
 0001:00016702       ?getTriangle@PxMeshQuery@physx@@SAXAEBVPxHeightFieldGeometry@2@AEBVPxTransform@2@IAEAVPxTriangle@2@PEAI3@Z 0000000180017702 f   PhysX3Common_x64:PhysX3Common_x64.dll
 0001:00016708       ??6RenderOutput@Cm@physx@@QEAAAEAV012@W4Primitive@012@@Z 0000000180017708 f   PhysX3Common_x64:PhysX3Common_x64.dll
 0001:0001670e       ??6RenderOutput@Cm@physx@@QEAAAEAV012@VPxVec3@2@@Z 000000018001770e f   PhysX3Common_x64:PhysX3Common_x64.dll
 0001:00016714       ?intersectTriangleBox@Gu@physx@@YAHAEBVPxVec3@2@0000@Z 0000000180017714 f   PhysX3Common_x64:PhysX3Common_x64.dll
 0001:0001671a       ?allocate@Allocator@shdfnd@physx@@QEAAPEAX_KPEBDH@Z 000000018001771a f   PhysX3Common_x64:PhysX3Common_x64.dll
 0001:00016720       ?getInstance@Foundation@shdfnd@physx@@SAAEAV123@XZ 0000000180017720 f   PhysX3Common_x64:PhysX3Common_x64.dll
 0001:00016726       ?incRefCount@Foundation@shdfnd@physx@@SAXXZ 0000000180017726 f   PhysX3Common_x64:PhysX3Common_x64.dll
 0001:0001672c       ?decRefCount@Foundation@shdfnd@physx@@SAXXZ 000000018001772c f   PhysX3Common_x64:PhysX3Common_x64.dll
 0001:00016732       ?error@Foundation@shdfnd@physx@@QEAAXW4Enum@PxErrorCode@3@PEBDH1ZZ 0000000180017732 f   PhysX3Common_x64:PhysX3Common_x64.dll
 0001:00016738       ?CompleteBoxPruning@Gu@physx@@YA_NPEBVPxBounds3@2@IAEAV?$Array@IV?$ReflectionAllocator@I@shdfnd@physx@@@shdfnd@2@AEBVAxes@12@@Z 0000000180017738 f   PhysX3Common_x64:PhysX3Common_x64.dll
 0001:0001673e       ?distanceSegmentSegmentSquaredOLD@Gu@physx@@YAMAEBVPxVec3@2@000PEAM1@Z 000000018001773e f   PhysX3Common_x64:PhysX3Common_x64.dll
 0001:00016744       ??0MutexImpl@shdfnd@physx@@QEAA@XZ 0000000180017744 f   PhysX3Common_x64:PhysX3Common_x64.dll
 0001:0001674a       ??1MutexImpl@shdfnd@physx@@QEAA@XZ 000000018001774a f   PhysX3Common_x64:PhysX3Common_x64.dll
 0001:00016750       ?getSize@MutexImpl@shdfnd@physx@@SAAEBIXZ 0000000180017750 f   PhysX3Common_x64:PhysX3Common_x64.dll
 0001:00016756       ?GetRaycastFuncTable@Gu@physx@@YAAEAY06P6AIAEBVPxGeometry@2@AEBVPxTransform@2@AEBVPxVec3@2@2MV?$PxFlags@W4Enum@PxHitFlag@physx@@G@2@IPEIAUPxRaycastHit@2@_NP6A_NAEAU72@PEAX@Z7@ZXZ 0000000180017756 f   PhysX3Common_x64:PhysX3Common_x64.dll
 0001:00016760       ??0PxMeshOverlapUtil@physx@@QEAA@XZ 0000000180017760 f   PhysX3Extensions:ExtTriangleMeshExt.obj
 0001:00016790       ??1PxMeshOverlapUtil@physx@@QEAA@XZ 0000000180017790 f   PhysX3Extensions:ExtTriangleMeshExt.obj
 0001:000167c0       ?findOverlap@PxMeshOverlapUtil@physx@@QEAAIAEBVPxGeometry@2@AEBVPxTransform@2@AEBVPxTriangleMeshGeometry@2@1@Z 00000001800177c0 f   PhysX3Extensions:ExtTriangleMeshExt.obj
 0001:000168f0       ?findOverlap@PxMeshOverlapUtil@physx@@QEAAIAEBVPxGeometry@2@AEBVPxTransform@2@AEBVPxHeightFieldGeometry@2@1@Z 00000001800178f0 f   PhysX3Extensions:ExtTriangleMeshExt.obj
 0001:00016a00       ?PxComputeMeshPenetration@physx@@YA?AVPxVec3@1@IAEBVPxGeometry@1@AEBVPxTransform@1@AEBVPxTriangleMeshGeometry@1@1AEAI@Z 0000000180017a00 f   PhysX3Extensions:ExtTriangleMeshExt.obj
 0001:00016b40       ?PxComputeHeightFieldPenetration@physx@@YA?AVPxVec3@1@IAEBVPxGeometry@1@AEBVPxTransform@1@AEBVPxHeightFieldGeometry@1@1AEAI@Z 0000000180017b40 f   PhysX3Extensions:ExtTriangleMeshExt.obj
 0001:00016c80       ?updateMassAndInertia@PxRigidBodyExt@physx@@SA_NAEAVPxRigidBody@2@PEBMIPEBVPxVec3@2@_N@Z 0000000180017c80 f   PhysX3Extensions:ExtRigidBodyExt.obj
 0001:00016cb0       ?updateMassAndInertia@PxRigidBodyExt@physx@@SA_NAEAVPxRigidBody@2@MPEBVPxVec3@2@_N@Z 0000000180017cb0 f   PhysX3Extensions:ExtRigidBodyExt.obj
 0001:00016cf0       ?setMassAndUpdateInertia@PxRigidBodyExt@physx@@SA_NAEAVPxRigidBody@2@PEBMIPEBVPxVec3@2@_N@Z 0000000180017cf0 f   PhysX3Extensions:ExtRigidBodyExt.obj
 0001:00016d20       ?setMassAndUpdateInertia@PxRigidBodyExt@physx@@SA_NAEAVPxRigidBody@2@MPEBVPxVec3@2@_N@Z 0000000180017d20 f   PhysX3Extensions:ExtRigidBodyExt.obj
 0001:00016d60       ?addForceAtPos@PxRigidBodyExt@physx@@SAXAEAVPxRigidBody@2@AEBVPxVec3@2@1W4Enum@PxForceMode@2@_N@Z 0000000180017d60 f   PhysX3Extensions:ExtRigidBodyExt.obj
 0001:00016d80       ?addForceAtLocalPos@PxRigidBodyExt@physx@@SAXAEAVPxRigidBody@2@AEBVPxVec3@2@1W4Enum@PxForceMode@2@_N@Z 0000000180017d80 f   PhysX3Extensions:ExtRigidBodyExt.obj
 0001:00016f50       ?addLocalForceAtPos@PxRigidBodyExt@physx@@SAXAEAVPxRigidBody@2@AEBVPxVec3@2@1W4Enum@PxForceMode@2@_N@Z 0000000180017f50 f   PhysX3Extensions:ExtRigidBodyExt.obj
 0001:00017110       ?addLocalForceAtLocalPos@PxRigidBodyExt@physx@@SAXAEAVPxRigidBody@2@AEBVPxVec3@2@1W4Enum@PxForceMode@2@_N@Z 0000000180018110 f   PhysX3Extensions:ExtRigidBodyExt.obj
 0001:000173e0       ?getVelocityAtPos@PxRigidBodyExt@physx@@SA?AVPxVec3@2@AEBVPxRigidBody@2@AEBV32@@Z 00000001800183e0 f   PhysX3Extensions:ExtRigidBodyExt.obj
 0001:000175e0       ?getLocalVelocityAtLocalPos@PxRigidBodyExt@physx@@SA?AVPxVec3@2@AEBVPxRigidBody@2@AEBV32@@Z 00000001800185e0 f   PhysX3Extensions:ExtRigidBodyExt.obj
 0001:00017900       ?getVelocityAtOffset@PxRigidBodyExt@physx@@SA?AVPxVec3@2@AEBVPxRigidBody@2@AEBV32@@Z 0000000180018900 f   PhysX3Extensions:ExtRigidBodyExt.obj
 0001:00017ae0       ?linearSweepSingle@PxRigidBodyExt@physx@@SA_NAEAVPxRigidBody@2@AEAVPxScene@2@AEBVPxVec3@2@MV?$PxFlags@W4Enum@PxHitFlag@physx@@G@2@AEAUPxSweepHit@2@AEAIAEBUPxQueryFilterData@2@PEAVPxQueryFilterCallback@2@PEBUPxQueryCache@2@M@Z 0000000180018ae0 f   PhysX3Extensions:ExtRigidBodyExt.obj
 0001:00017d70       ?linearSweepMultiple@PxRigidBodyExt@physx@@SAIAEAVPxRigidBody@2@AEAVPxScene@2@AEBVPxVec3@2@MV?$PxFlags@W4Enum@PxHitFlag@physx@@G@2@PEAUPxSweepHit@2@PEAIIAEAU72@AEAHAEA_NAEBUPxQueryFilterData@2@PEAVPxQueryFilterCallback@2@PEBUPxQueryCache@2@M@Z 0000000180018d70 f   PhysX3Extensions:ExtRigidBodyExt.obj
 0001:00018370       ?computeVelocityDeltaFromImpulse@PxRigidBodyExt@physx@@SAXAEBVPxRigidBody@2@AEBVPxVec3@2@1AEAV42@2@Z 0000000180019370 f   PhysX3Extensions:ExtRigidBodyExt.obj
 0001:00018740       ?computeVelocityDeltaFromImpulse@PxRigidBodyExt@physx@@SAXAEBVPxRigidBody@2@AEBVPxTransform@2@AEBVPxVec3@2@2MMAEAV52@3@Z 0000000180019740 f   PhysX3Extensions:ExtRigidBodyExt.obj
 0001:00018b90       ?computeLinearAngularImpulse@PxRigidBodyExt@physx@@SAXAEBVPxRigidBody@2@AEBVPxTransform@2@AEBVPxVec3@2@2MMAEAV52@3@Z 0000000180019b90 f   PhysX3Extensions:ExtRigidBodyExt.obj
 0001:00018de0       ??0InertiaTensorComputer@Ext@physx@@QEAA@_N@Z 0000000180019de0 f   PhysX3Extensions:ExtRigidBodyExt.obj
 0001:00018e10       ??0InertiaTensorComputer@Ext@physx@@QEAA@AEBVPxMat33@2@AEBVPxVec3@2@M@Z 0000000180019e10 f   PhysX3Extensions:ExtRigidBodyExt.obj
 0001:00018e70       ??1InertiaTensorComputer@Ext@physx@@QEAA@XZ 0000000180019e70 f   PhysX3Extensions:ExtRigidBodyExt.obj
 0001:00018e80       ?translate@InertiaTensorComputer@Ext@physx@@QEAAXAEBVPxVec3@3@@Z 0000000180019e80 f   PhysX3Extensions:ExtRigidBodyExt.obj
 0001:00019470       ?setBox@InertiaTensorComputer@Ext@physx@@QEAAXAEBVPxVec3@3@@Z 000000018001a470 f   PhysX3Extensions:ExtRigidBodyExt.obj
 0001:00019510       ?setSphere@InertiaTensorComputer@Ext@physx@@QEAAXM@Z 000000018001a510 f   PhysX3Extensions:ExtRigidBodyExt.obj
 0001:00019570       ?setCylinder@InertiaTensorComputer@Ext@physx@@QEAAXHMM@Z 000000018001a570 f   PhysX3Extensions:ExtRigidBodyExt.obj
 0001:00019640       ?setCapsule@InertiaTensorComputer@Ext@physx@@QEAAXHMM@Z 000000018001a640 f   PhysX3Extensions:ExtRigidBodyExt.obj
 0001:00019770       ?setEllipsoid@InertiaTensorComputer@Ext@physx@@QEAAXMMM@Z 000000018001a770 f   PhysX3Extensions:ExtRigidBodyExt.obj
 0001:00019810       ?computeSphereMass@Ext@physx@@YAMMM@Z 000000018001a810 f   PhysX3Extensions:ExtRigidBodyExt.obj
 0001:00019840       ?computeSphereDensity@Ext@physx@@YAMMM@Z 000000018001a840 f   PhysX3Extensions:ExtRigidBodyExt.obj
 0001:00019870       ?computeBoxMass@Ext@physx@@YAMAEBVPxVec3@2@M@Z 000000018001a870 f   PhysX3Extensions:ExtRigidBodyExt.obj
 0001:000198c0       ?computeBoxDensity@Ext@physx@@YAMAEBVPxVec3@2@M@Z 000000018001a8c0 f   PhysX3Extensions:ExtRigidBodyExt.obj
 0001:00019910       ?computeEllipsoidMass@Ext@physx@@YAMAEBVPxVec3@2@M@Z 000000018001a910 f   PhysX3Extensions:ExtRigidBodyExt.obj
 0001:00019960       ?computeEllipsoidDensity@Ext@physx@@YAMAEBVPxVec3@2@M@Z 000000018001a960 f   PhysX3Extensions:ExtRigidBodyExt.obj
 0001:000199b0       ?computeCylinderMass@Ext@physx@@YAMMMM@Z 000000018001a9b0 f   PhysX3Extensions:ExtRigidBodyExt.obj
 0001:000199e0       ?computeCylinderDensity@Ext@physx@@YAMMMM@Z 000000018001a9e0 f   PhysX3Extensions:ExtRigidBodyExt.obj
 0001:00019a10       ?computeCapsuleMass@Ext@physx@@YAMMMM@Z 000000018001aa10 f   PhysX3Extensions:ExtRigidBodyExt.obj
 0001:00019a50       ?computeCapsuleDensity@Ext@physx@@YAMMMM@Z 000000018001aa50 f   PhysX3Extensions:ExtRigidBodyExt.obj
 0001:00019a90       ?computeConeMass@Ext@physx@@YAMMMM@Z 000000018001aa90 f   PhysX3Extensions:ExtRigidBodyExt.obj
 0001:00019ac0       ?computeConeDensity@Ext@physx@@YAMMMM@Z 000000018001aac0 f   PhysX3Extensions:ExtRigidBodyExt.obj
 0001:00019b00       ?computeBoxInertiaTensor@Ext@physx@@YAXAEAVPxVec3@2@MMMM@Z 000000018001ab00 f   PhysX3Extensions:ExtRigidBodyExt.obj
 0001:00019b50       ?computeSphereInertiaTensor@Ext@physx@@YAXAEAVPxVec3@2@MM_N@Z 000000018001ab50 f   PhysX3Extensions:ExtRigidBodyExt.obj
 0001:00019ba0       ??1?$PxHitBuffer@UPxSweepHit@physx@@@physx@@UEAA@XZ 000000018001aba0 f i PhysX3Extensions:ExtRigidBodyExt.obj
 0001:00019bb0       ??1?$PxHitCallback@UPxSweepHit@physx@@@physx@@UEAA@XZ 000000018001abb0 f i PhysX3Extensions:ExtRigidBodyExt.obj
 0001:00019bc0       ??_E?$PxHitBuffer@UPxSweepHit@physx@@@physx@@UEAAPEAXI@Z 000000018001abc0 f i PhysX3Extensions:ExtRigidBodyExt.obj
 0001:00019bc0       ??_G?$PxHitBuffer@UPxSweepHit@physx@@@physx@@UEAAPEAXI@Z 000000018001abc0 f i PhysX3Extensions:ExtRigidBodyExt.obj
 0001:00019bf0       ??_E?$PxHitCallback@UPxSweepHit@physx@@@physx@@UEAAPEAXI@Z 000000018001abf0 f i PhysX3Extensions:ExtRigidBodyExt.obj
 0001:00019bf0       ??_G?$PxHitCallback@UPxSweepHit@physx@@@physx@@UEAAPEAXI@Z 000000018001abf0 f i PhysX3Extensions:ExtRigidBodyExt.obj
 0001:00019c20       ?addForceAtPosInternal@@YAXAEAVPxRigidBody@physx@@AEBVPxVec3@2@1W4Enum@PxForceMode@2@_N@Z 000000018001ac20 f i PhysX3Extensions:ExtRigidBodyExt.obj
 0001:00019ed0       ?allocate@?$ReflectionAllocator@PEAVPxShape@physx@@@shdfnd@physx@@QEAAPEAX_KPEBDH@Z 000000018001aed0 f i PhysX3Extensions:ExtRigidBodyExt.obj
 0001:0001b170       ?finalizeQuery@?$PxHitCallback@UPxSweepHit@physx@@@physx@@UEAAXXZ 000000018001c170 f i PhysX3Extensions:ExtRigidBodyExt.obj
 0001:0001b180       ?getVelocityAtPosInternal@@YA?AVPxVec3@physx@@AEBVPxRigidBody@2@AEBV12@@Z 000000018001c180 f i PhysX3Extensions:ExtRigidBodyExt.obj
 0001:0001b250       ?processTouches@?$PxHitBuffer@UPxSweepHit@physx@@@physx@@MEAA_NPEBUPxSweepHit@2@I@Z 000000018001c250 f i PhysX3Extensions:ExtRigidBodyExt.obj
 0001:0001b260       ?recreate@?$Array@PEAVPxShape@physx@@V?$InlineAllocator@$0IA@V?$ReflectionAllocator@PEAVPxShape@physx@@@shdfnd@physx@@@shdfnd@2@@shdfnd@physx@@IEAAXI@Z 000000018001c260 f i PhysX3Extensions:ExtRigidBodyExt.obj
 0001:0001b350       ?resize@?$Array@PEAVPxShape@physx@@V?$InlineAllocator@$0IA@V?$ReflectionAllocator@PEAVPxShape@physx@@@shdfnd@physx@@@shdfnd@2@@shdfnd@physx@@QEAAXIAEBQEAVPxShape@3@@Z 000000018001c350 f i PhysX3Extensions:ExtRigidBodyExt.obj
 0001:0001b3c0       ?rotate@InertiaTensorComputer@Ext@physx@@QEAAXAEBVPxMat33@3@@Z 000000018001c3c0 f i PhysX3Extensions:ExtRigidBodyExt.obj
 0001:0001b7f0       ?rotateInertia@MassProps@Ext@physx@@SA?AVPxMat33@3@AEBV43@AEBVPxQuat@3@@Z 000000018001c7f0 f i PhysX3Extensions:ExtRigidBodyExt.obj
 0001:0001bc90       ?scaleInertia@MassProps@Ext@physx@@SA?AVPxMat33@3@AEBV43@AEBVPxQuat@3@AEBVPxVec3@3@@Z 000000018001cc90 f i PhysX3Extensions:ExtRigidBodyExt.obj
 0001:0001c110       ?transform@InertiaTensorComputer@Ext@physx@@QEAAXAEBVPxTransform@3@@Z 000000018001d110 f i PhysX3Extensions:ExtRigidBodyExt.obj
 0001:0001c290       ?transformFast@PxBounds3@physx@@SA?AV12@AEBVPxTransform@2@AEBV12@@Z 000000018001d290 f i PhysX3Extensions:ExtRigidBodyExt.obj
 0001:0001ca40       ??3@YAXPEAX_K@Z            000000018001da40 f   MSVCRT:delete_scalar_size.obj
 0001:0001ca48       ??_V@YAXPEAX_K@Z           000000018001da48 f   MSVCRT:delete_array_size.obj
 0001:0001ca50       ?__scrt_initialize_type_info@@YAXXZ 000000018001da50 f   MSVCRT:tncleanup.obj
 0001:0001ca60       ?__scrt_uninitialize_type_info@@YAXXZ 000000018001da60 f   MSVCRT:tncleanup.obj
 0001:0001ca6c       ??1type_info@@UEAA@XZ      000000018001da6c f   MSVCRT:std_type_info_static.obj
 0001:0001ca78       ??_Gtype_info@@UEAAPEAXI@Z 000000018001da78 f i MSVCRT:std_type_info_static.obj
 0001:0001ca78       ??_Etype_info@@UEAAPEAXI@Z 000000018001da78 f i MSVCRT:std_type_info_static.obj
 0001:0001cac0       _alloca_probe              000000018001dac0 f   MSVCRT:_chkstk_.obj
 0001:0001cac0       __chkstk                   000000018001dac0 f   MSVCRT:_chkstk_.obj
 0001:0001ce60       _CRT_INIT                  000000018001de60 f   MSVCRT:dll_dllmain.obj
 0001:0001ce68       _DllMainCRTStartup         000000018001de68 f   MSVCRT:dll_dllmain.obj
 0001:0001cea8       ??3@YAXPEAX@Z              000000018001dea8 f   MSVCRT:delete_scalar.obj
 0001:0001ceb0       ??_V@YAXPEAX@Z             000000018001deb0 f   MSVCRT:delete_array.obj
 0001:0001ceb8       ??$__crt_fast_decode_pointer@PEAP6AXXZ@@YAPEAP6AXXZQEAP6AXXZ@Z 000000018001deb8 f i MSVCRT:utility.obj
 0001:0001ced0       ??$__crt_fast_encode_pointer@PEAP6AXXZ@@YAPEAP6AXXZQEAP6AXXZ@Z 000000018001ded0 f i MSVCRT:utility.obj
 0001:0001cef0       ?__crt_rotate_pointer_value@@YA_K_KH@Z 000000018001def0 f i MSVCRT:utility.obj
 0001:0001cefc       ?configure_argv@__scrt_narrow_argv_policy@@SAHXZ 000000018001defc f i MSVCRT:utility.obj
 0001:0001cf8c       NtCurrentTeb               000000018001df8c f i MSVCRT:utility.obj
 0001:0001cf98       __scrt_acquire_startup_lock 000000018001df98 f   MSVCRT:utility.obj
 0001:0001cfd4       __scrt_dllmain_after_initialize_c 000000018001dfd4 f   MSVCRT:utility.obj
 0001:0001d008       __scrt_dllmain_before_initialize_c 000000018001e008 f   MSVCRT:utility.obj
 0001:0001d020       __scrt_dllmain_crt_thread_attach 000000018001e020 f   MSVCRT:utility.obj
 0001:0001d048       __scrt_dllmain_crt_thread_detach 000000018001e048 f   MSVCRT:utility.obj
 0001:0001d060       __scrt_dllmain_exception_filter 000000018001e060 f   MSVCRT:utility.obj
 0001:0001d0c4       __scrt_dllmain_uninitialize_c 000000018001e0c4 f   MSVCRT:utility.obj
 0001:0001d0f4       __scrt_dllmain_uninitialize_critical 000000018001e0f4 f   MSVCRT:utility.obj
 0001:0001d108       __scrt_initialize_crt      000000018001e108 f   MSVCRT:utility.obj
 0001:0001d154       __scrt_initialize_onexit_tables 000000018001e154 f   MSVCRT:utility.obj
 0001:0001d220       __scrt_is_nonwritable_in_current_image 000000018001e220 f   MSVCRT:utility.obj
 0001:0001d2bc       __scrt_release_startup_lock 000000018001e2bc f   MSVCRT:utility.obj
 0001:0001d2e0       __scrt_uninitialize_crt    000000018001e2e0 f   MSVCRT:utility.obj
 0001:0001d30c       _onexit                    000000018001e30c f   MSVCRT:utility.obj
 0001:0001d35c       at_quick_exit              000000018001e35c f   MSVCRT:utility.obj
 0001:0001d394       atexit                     000000018001e394 f   MSVCRT:utility.obj
 0001:0001d3ac       __security_init_cookie     000000018001e3ac f   MSVCRT:gs_support.obj
 0001:0001d458       DllMain                    000000018001e458 f   MSVCRT:dll_dllmain_stub.obj
 0001:0001d47c       __local_stdio_printf_options 000000018001e47c f i MSVCRT:default_local_stdio_options.obj
 0001:0001d484       __local_stdio_scanf_options 000000018001e484 f i MSVCRT:default_local_stdio_options.obj
 0001:0001d48c       __scrt_initialize_default_local_stdio_options 000000018001e48c f   MSVCRT:default_local_stdio_options.obj
 0001:0001d4a8       __scrt_get_dyn_tls_init_callback 000000018001e4a8 f   MSVCRT:dyn_tls_init.obj
 0001:0001d4b0       __crt_debugger_hook        000000018001e4b0 f   MSVCRT:utility_desktop.obj
 0001:0001d4b8       __scrt_fastfail            000000018001e4b8 f   MSVCRT:utility_desktop.obj
 0001:0001d600       __scrt_get_show_window_mode 000000018001e600 f   MSVCRT:utility_desktop.obj
 0001:0001d63c       __scrt_initialize_winrt    000000018001e63c f   MSVCRT:utility_desktop.obj
 0001:0001d640       __scrt_is_managed_app      000000018001e640 f   MSVCRT:utility_desktop.obj
 0001:0001d694       __scrt_set_unhandled_exception_filter 000000018001e694 f   MSVCRT:utility_desktop.obj
 0001:0001d6a4       __scrt_unhandled_exception_filter 000000018001e6a4 f   MSVCRT:utility_desktop.obj
 0001:0001d6dc       _RTC_Initialize            000000018001e6dc f   MSVCRT:_initsect_.obj
 0001:0001d728       _RTC_Terminate             000000018001e728 f   MSVCRT:_initsect_.obj
 0001:0001d774       _guard_check_icall         000000018001e774 f i MSVCRT:checkcfg.obj
 0001:0001d77c       __isa_available_init       000000018001e77c f   MSVCRT:_cpu_disp_.obj
 0001:0001d944       _get_startup_argv_mode     000000018001e944 f   MSVCRT:argv_mode.obj
 0001:0001d94c       __scrt_is_ucrt_dll_in_use  000000018001e94c f   MSVCRT:ucrt_detection.obj
 0001:0001d958       _guard_check_icall_nop     000000018001e958 f i MSVCRT:guard_support.obj
 0001:0001d95c       _guard_icall_checks_enforced 000000018001e95c f i MSVCRT:guard_support.obj
 0001:0001d980       _purecall                  000000018001e980 f   vcruntime:VCRUNTIME140.dll
 0001:0001d986       __std_type_info_name       000000018001e986 f   vcruntime:VCRUNTIME140.dll
 0001:0001d98c       memcpy                     000000018001e98c f   vcruntime:VCRUNTIME140.dll
 0001:0001d992       memset                     000000018001e992 f   vcruntime:VCRUNTIME140.dll
 0001:0001d998       __std_type_info_destroy_list 000000018001e998 f   vcruntime:VCRUNTIME140.dll
 0001:0001d99e       __C_specific_handler       000000018001e99e f   vcruntime:VCRUNTIME140.dll
 0001:0001d9a4       _fpclass                   000000018001e9a4 f   ucrt:api-ms-win-crt-math-l1-1-0.dll
 0001:0001d9aa       _initterm                  000000018001e9aa f   ucrt:api-ms-win-crt-runtime-l1-1-0.dll
 0001:0001d9b0       _initterm_e                000000018001e9b0 f   ucrt:api-ms-win-crt-runtime-l1-1-0.dll
 0001:0001d9b6       free                       000000018001e9b6 f   ucrt:api-ms-win-crt-heap-l1-1-0.dll
 0001:0001d9bc       _seh_filter_dll            000000018001e9bc f   ucrt:api-ms-win-crt-runtime-l1-1-0.dll
 0001:0001d9c2       _configure_narrow_argv     000000018001e9c2 f   ucrt:api-ms-win-crt-runtime-l1-1-0.dll
 0001:0001d9c8       _initialize_narrow_environment 000000018001e9c8 f   ucrt:api-ms-win-crt-runtime-l1-1-0.dll
 0001:0001d9ce       _initialize_onexit_table   000000018001e9ce f   ucrt:api-ms-win-crt-runtime-l1-1-0.dll
 0001:0001d9d4       _register_onexit_function  000000018001e9d4 f   ucrt:api-ms-win-crt-runtime-l1-1-0.dll
 0001:0001d9da       _execute_onexit_table      000000018001e9da f   ucrt:api-ms-win-crt-runtime-l1-1-0.dll
 0001:0001d9e0       _crt_atexit                000000018001e9e0 f   ucrt:api-ms-win-crt-runtime-l1-1-0.dll
 0001:0001d9e6       _crt_at_quick_exit         000000018001e9e6 f   ucrt:api-ms-win-crt-runtime-l1-1-0.dll
 0001:0001d9ec       _cexit                     000000018001e9ec f   ucrt:api-ms-win-crt-runtime-l1-1-0.dll
 0001:0001d9f2       terminate                  000000018001e9f2 f   ucrt:api-ms-win-crt-runtime-l1-1-0.dll
 0001:0001d9f8       InitializeSListHead        000000018001e9f8 f   kernel32:KERNEL32.dll
 0001:0001d9fe       QueryPerformanceCounter    000000018001e9fe f   kernel32:KERNEL32.dll
 0001:0001da04       GetCurrentProcessId        000000018001ea04 f   kernel32:KERNEL32.dll
 0001:0001da0a       GetCurrentThreadId         000000018001ea0a f   kernel32:KERNEL32.dll
 0001:0001da10       GetSystemTimeAsFileTime    000000018001ea10 f   kernel32:KERNEL32.dll
 0001:0001da16       DisableThreadLibraryCalls  000000018001ea16 f   kernel32:KERNEL32.dll
 0001:0001da1c       RtlCaptureContext          000000018001ea1c f   kernel32:KERNEL32.dll
 0001:0001da22       RtlLookupFunctionEntry     000000018001ea22 f   kernel32:KERNEL32.dll
 0001:0001da28       RtlVirtualUnwind           000000018001ea28 f   kernel32:KERNEL32.dll
 0001:0001da2e       IsDebuggerPresent          000000018001ea2e f   kernel32:KERNEL32.dll
 0001:0001da34       UnhandledExceptionFilter   000000018001ea34 f   kernel32:KERNEL32.dll
 0001:0001da3a       SetUnhandledExceptionFilter 000000018001ea3a f   kernel32:KERNEL32.dll
 0001:0001da40       GetStartupInfoW            000000018001ea40 f   kernel32:KERNEL32.dll
 0001:0001da46       IsProcessorFeaturePresent  000000018001ea46 f   kernel32:KERNEL32.dll
 0001:0001da4c       GetModuleHandleW           000000018001ea4c f   kernel32:KERNEL32.dll
 0001:0001da52       ?findOverlapTriangleMesh@PxMeshQuery@physx@@SAIAEBVPxGeometry@2@AEBVPxTransform@2@AEBVPxTriangleMeshGeometry@2@1PEAIIIAEA_N@Z 000000018001ea52 f   PhysX3Common_x64:PhysX3Common_x64.dll
 0001:0001da58       ?findOverlapHeightField@PxMeshQuery@physx@@SAIAEBVPxGeometry@2@AEBVPxTransform@2@AEBVPxHeightFieldGeometry@2@1PEAIIIAEA_N@Z 000000018001ea58 f   PhysX3Common_x64:PhysX3Common_x64.dll
 0001:0001da5e       ?PxDiagonalize@physx@@YA?AVPxVec3@1@AEBVPxMat33@1@AEAVPxQuat@1@@Z 000000018001ea5e f   PhysX3Common_x64:PhysX3Common_x64.dll
 0001:0001da64       __acrt_initialize          000000018001ea64 f   MSVCRT:ucrt_stubs.obj
 0001:0001da64       __vcrt_initialize          000000018001ea64 f   MSVCRT:ucrt_stubs.obj
 0001:0001da64       __scrt_stub_for_acrt_initialize 000000018001ea64 f   MSVCRT:ucrt_stubs.obj
 0001:0001da68       __vcrt_thread_attach       000000018001ea68 f   MSVCRT:ucrt_stubs.obj
 0001:0001da68       __acrt_thread_attach       000000018001ea68 f   MSVCRT:ucrt_stubs.obj
 0001:0001da68       __scrt_stub_for_acrt_thread_attach 000000018001ea68 f   MSVCRT:ucrt_stubs.obj
 0001:0001da6c       __vcrt_thread_detach       000000018001ea6c f   MSVCRT:ucrt_stubs.obj
 0001:0001da6c       __acrt_thread_detach       000000018001ea6c f   MSVCRT:ucrt_stubs.obj
 0001:0001da6c       __scrt_stub_for_acrt_thread_detach 000000018001ea6c f   MSVCRT:ucrt_stubs.obj
 0001:0001da70       __acrt_uninitialize        000000018001ea70 f   MSVCRT:ucrt_stubs.obj
 0001:0001da70       __vcrt_uninitialize        000000018001ea70 f   MSVCRT:ucrt_stubs.obj
 0001:0001da70       __scrt_stub_for_acrt_uninitialize 000000018001ea70 f   MSVCRT:ucrt_stubs.obj
 0001:0001da74       __scrt_stub_for_acrt_uninitialize_critical 000000018001ea74 f   MSVCRT:ucrt_stubs.obj
 0001:0001da74       __vcrt_uninitialize_critical 000000018001ea74 f   MSVCRT:ucrt_stubs.obj
 0001:0001da74       __acrt_uninitialize_critical 000000018001ea74 f   MSVCRT:ucrt_stubs.obj
 0001:0001da78       __scrt_stub_for_is_c_termination_complete 000000018001ea78 f   MSVCRT:ucrt_stubs.obj
 0001:0001da78       _is_c_termination_complete 000000018001ea78 f   MSVCRT:ucrt_stubs.obj
 0001:0001da90       _guard_dispatch_icall_nop  000000018001ea90 f   MSVCRT:_guard_dispatch_.obj
 0002:00000000       __imp_InitializeSListHead  000000018001f000     kernel32:KERNEL32.dll
 0002:00000008       __imp_GetCurrentProcessId  000000018001f008     kernel32:KERNEL32.dll
 0002:00000010       __imp_GetCurrentThreadId   000000018001f010     kernel32:KERNEL32.dll
 0002:00000018       __imp_GetSystemTimeAsFileTime 000000018001f018     kernel32:KERNEL32.dll
 0002:00000020       __imp_DisableThreadLibraryCalls 000000018001f020     kernel32:KERNEL32.dll
 0002:00000028       __imp_RtlCaptureContext    000000018001f028     kernel32:KERNEL32.dll
 0002:00000030       __imp_RtlLookupFunctionEntry 000000018001f030     kernel32:KERNEL32.dll
 0002:00000038       __imp_RtlVirtualUnwind     000000018001f038     kernel32:KERNEL32.dll
 0002:00000040       __imp_IsDebuggerPresent    000000018001f040     kernel32:KERNEL32.dll
 0002:00000048       __imp_UnhandledExceptionFilter 000000018001f048     kernel32:KERNEL32.dll
 0002:00000050       __imp_SetUnhandledExceptionFilter 000000018001f050     kernel32:KERNEL32.dll
 0002:00000058       __imp_GetStartupInfoW      000000018001f058     kernel32:KERNEL32.dll
 0002:00000060       __imp_IsProcessorFeaturePresent 000000018001f060     kernel32:KERNEL32.dll
 0002:00000068       __imp_GetModuleHandleW     000000018001f068     kernel32:KERNEL32.dll
 0002:00000070       __imp_QueryPerformanceCounter 000000018001f070     kernel32:KERNEL32.dll
 0002:00000078       \177KERNEL32_NULL_THUNK_DATA 000000018001f078     kernel32:KERNEL32.dll
 0002:00000080       __imp_?getTriangle@PxMeshQuery@physx@@SAXAEBVPxTriangleMeshGeometry@2@AEBVPxTransform@2@IAEAVPxTriangle@2@PEAI3@Z 000000018001f080     PhysX3Common_x64:PhysX3Common_x64.dll
 0002:00000088       __imp_?getTriangle@PxMeshQuery@physx@@SAXAEBVPxHeightFieldGeometry@2@AEBVPxTransform@2@IAEAVPxTriangle@2@PEAI3@Z 000000018001f088     PhysX3Common_x64:PhysX3Common_x64.dll
 0002:00000090       __imp_??6RenderOutput@Cm@physx@@QEAAAEAV012@W4Primitive@012@@Z 000000018001f090     PhysX3Common_x64:PhysX3Common_x64.dll
 0002:00000098       __imp_??6RenderOutput@Cm@physx@@QEAAAEAV012@VPxVec3@2@@Z 000000018001f098     PhysX3Common_x64:PhysX3Common_x64.dll
 0002:000000a0       __imp_?intersectTriangleBox@Gu@physx@@YAHAEBVPxVec3@2@0000@Z 000000018001f0a0     PhysX3Common_x64:PhysX3Common_x64.dll
 0002:000000a8       __imp_?allocate@Allocator@shdfnd@physx@@QEAAPEAX_KPEBDH@Z 000000018001f0a8     PhysX3Common_x64:PhysX3Common_x64.dll
 0002:000000b0       __imp_?getInstance@Foundation@shdfnd@physx@@SAAEAV123@XZ 000000018001f0b0     PhysX3Common_x64:PhysX3Common_x64.dll
 0002:000000b8       __imp_?incRefCount@Foundation@shdfnd@physx@@SAXXZ 000000018001f0b8     PhysX3Common_x64:PhysX3Common_x64.dll
 0002:000000c0       __imp_?decRefCount@Foundation@shdfnd@physx@@SAXXZ 000000018001f0c0     PhysX3Common_x64:PhysX3Common_x64.dll
 0002:000000c8       __imp_?sweep@PxMeshQuery@physx@@SA_NAEBVPxVec3@2@MAEBVPxGeometry@2@AEBVPxTransform@2@IPEBVPxTriangle@2@AEAUPxSweepHit@2@V?$PxFlags@W4Enum@PxHitFlag@physx@@G@2@PEBIM_N@Z 000000018001f0c8     PhysX3Common_x64:PhysX3Common_x64.dll
 0002:000000d0       __imp_?CompleteBoxPruning@Gu@physx@@YA_NPEBVPxBounds3@2@IAEAV?$Array@IV?$ReflectionAllocator@I@shdfnd@physx@@@shdfnd@2@AEBVAxes@12@@Z 000000018001f0d0     PhysX3Common_x64:PhysX3Common_x64.dll
 0002:000000d8       __imp_?distanceSegmentSegmentSquaredOLD@Gu@physx@@YAMAEBVPxVec3@2@000PEAM1@Z 000000018001f0d8     PhysX3Common_x64:PhysX3Common_x64.dll
 0002:000000e0       __imp_??0MutexImpl@shdfnd@physx@@QEAA@XZ 000000018001f0e0     PhysX3Common_x64:PhysX3Common_x64.dll
 0002:000000e8       __imp_??1MutexImpl@shdfnd@physx@@QEAA@XZ 000000018001f0e8     PhysX3Common_x64:PhysX3Common_x64.dll
 0002:000000f0       __imp_?getSize@MutexImpl@shdfnd@physx@@SAAEBIXZ 000000018001f0f0     PhysX3Common_x64:PhysX3Common_x64.dll
 0002:000000f8       __imp_?GetRaycastFuncTable@Gu@physx@@YAAEAY06P6AIAEBVPxGeometry@2@AEBVPxTransform@2@AEBVPxVec3@2@2MV?$PxFlags@W4Enum@PxHitFlag@physx@@G@2@IPEIAUPxRaycastHit@2@_NP6A_NAEAU72@PEAX@Z7@ZXZ 000000018001f0f8     PhysX3Common_x64:PhysX3Common_x64.dll
 0002:00000100       __imp_?findOverlapHeightField@PxMeshQuery@physx@@SAIAEBVPxGeometry@2@AEBVPxTransform@2@AEBVPxHeightFieldGeometry@2@1PEAIIIAEA_N@Z 000000018001f100     PhysX3Common_x64:PhysX3Common_x64.dll
[...]
 0004:00000e64       $pdata$?copy@?$Array@UInternalCapsuleObstacle@ObstacleContext@Cct@physx@@V?$ReflectionAllocator@UInternalCapsuleObstacle@ObstacleContext@Cct@physx@@@shdfnd@4@@shdfnd@physx@@KAXPEAUInternalCapsuleObstacle@ObstacleContext@Cct@3@0PEBU4563@@Z 0000000180025e64     CctObstacleContext.obj
 0004:00000e70       $pdata$0$?copy@?$Array@UInternalCapsuleObstacle@ObstacleContext@Cct@physx@@V?$ReflectionAllocator@UInternalCapsuleObstacle@ObstacleContext@Cct@physx@@@shdfnd@4@@shdfnd@physx@@KAXPEAUInternalCapsuleObstacle@ObstacleContext@Cct@3@0PEBU4563@@Z 0000000180025e70     CctObstacleContext.obj
 0004:00000e7c       $pdata$1$?copy@?$Array@UInternalCapsuleObstacle@ObstacleContext@Cct@physx@@V?$ReflectionAllocator@UInternalCapsuleObstacle@ObstacleContext@Cct@physx@@@shdfnd@4@@shdfnd@physx@@KAXPEAUInternalCapsuleObstacle@ObstacleContext@Cct@3@0PEBU4563@@Z 0000000180025e7c     CctObstacleContext.obj
 0004:00000e88       $pdata$?growAndPushBack@?$Array@UInternalBoxObstacle@ObstacleContext@Cct@physx@@V?$ReflectionAllocator@UInternalBoxObstacle@ObstacleContext@Cct@physx@@@shdfnd@4@@shdfnd@physx@@IEAAAEAUInternalBoxObstacle@ObstacleContext@Cct@3@AEBU4563@@Z 0000000180025e88     CctObstacleContext.obj
 0004:00000e94       $pdata$0$?growAndPushBack@?$Array@UInternalBoxObstacle@ObstacleContext@Cct@physx@@V?$ReflectionAllocator@UInternalBoxObstacle@ObstacleContext@Cct@physx@@@shdfnd@4@@shdfnd@physx@@IEAAAEAUInternalBoxObstacle@ObstacleContext@Cct@3@AEBU4563@@Z 0000000180025e94     CctObstacleContext.obj
 0004:00000ea0       $pdata$2$?growAndPushBack@?$Array@UInternalBoxObstacle@ObstacleContext@Cct@physx@@V?$ReflectionAllocator@UInternalBoxObstacle@ObstacleContext@Cct@physx@@@shdfnd@4@@shdfnd@physx@@IEAAAEAUInternalBoxObstacle@ObstacleContext@Cct@3@AEBU4563@@Z 0000000180025ea0     CctObstacleContext.obj
 0004:00000eac       $pdata$1$?growAndPushBack@?$Array@UInternalBoxObstacle@ObstacleContext@Cct@physx@@V?$ReflectionAllocator@UInternalBoxObstacle@ObstacleContext@Cct@physx@@@shdfnd@4@@shdfnd@physx@@IEAAAEAUInternalBoxObstacle@ObstacleContext@Cct@3@AEBU4563@@Z 0000000180025eac     CctObstacleContext.obj
 0004:00000eb8       $pdata$?growAndPushBack@?$Array@UInternalCapsuleObstacle@ObstacleContext@Cct@physx@@V?$ReflectionAllocator@UInternalCapsuleObstacle@ObstacleContext@Cct@physx@@@shdfnd@4@@shdfnd@physx@@IEAAAEAUInternalCapsuleObstacle@ObstacleContext@Cct@3@AEBU4563@@Z 0000000180025eb8     CctObstacleContext.obj
 0004:00000ec4       $pdata$0$?growAndPushBack@?$Array@UInternalCapsuleObstacle@ObstacleContext@Cct@physx@@V?$ReflectionAllocator@UInternalCapsuleObstacle@ObstacleContext@Cct@physx@@@shdfnd@4@@shdfnd@physx@@IEAAAEAUInternalCapsuleObstacle@ObstacleContext@Cct@3@AEBU4563@@Z 0000000180025ec4     CctObstacleContext.obj
 0004:00000ed0       $pdata$2$?growAndPushBack@?$Array@UInternalCapsuleObstacle@ObstacleContext@Cct@physx@@V?$ReflectionAllocator@UInternalCapsuleObstacle@ObstacleContext@Cct@physx@@@shdfnd@4@@shdfnd@physx@@IEAAAEAUInternalCapsuleObstacle@ObstacleContext@Cct@3@AEBU4563@@Z 0000000180025ed0     CctObstacleContext.obj
 0004:00000edc       $pdata$1$?growAndPushBack@?$Array@UInternalCapsuleObstacle@ObstacleContext@Cct@physx@@V?$ReflectionAllocator@UInternalCapsuleObstacle@ObstacleContext@Cct@physx@@@shdfnd@4@@shdfnd@physx@@IEAAAEAUInternalCapsuleObstacle@ObstacleContext@Cct@3@AEBU4563@@Z 0000000180025edc     CctObstacleContext.obj
 0004:00000ee8       $pdata$??0SweptBox@Cct@physx@@QEAA@XZ 0000000180025ee8     CctSweptBox.obj
 0004:00000ef4       $pdata$?computeTemporalBox@SweptBox@Cct@physx@@UEBAXAEBVSweepTest@23@AEAUPxExtendedBounds3@3@AEBUPxExtendedVec3@3@AEBVPxVec3@3@@Z 0000000180025ef4     CctSweptBox.obj
 0004:00000f00       $pdata$??_GSweptBox@Cct@physx@@UEAAPEAXI@Z 0000000180025f00     CctSweptBox.obj
 0004:00000f0c       $pdata$??0SweptCapsule@Cct@physx@@QEAA@XZ 0000000180025f0c     CctSweptCapsule.obj
 0004:00000f18       $pdata$?computeTemporalBox@SweptCapsule@Cct@physx@@UEBAXAEBVSweepTest@23@AEAUPxExtendedBounds3@3@AEBUPxExtendedVec3@3@AEBVPxVec3@3@@Z 0000000180025f18     CctSweptCapsule.obj
 0004:00000f24       $pdata$??_GSweptCapsule@Cct@physx@@UEAAPEAXI@Z 0000000180025f24     CctSweptCapsule.obj
 0004:00000f30       $pdata$?computeTemporalBox@Cct@physx@@YAXAEAUPxExtendedBounds3@2@MMMMAEBVPxVec3@2@AEBUPxExtendedVec3@2@1@Z 0000000180025f30     CctSweptVolume.obj
 0004:00000f3c       $pdata$??_GSweptVolume@Cct@physx@@UEAAPEAXI@Z 0000000180025f3c     CctSweptVolume.obj
 0004:00000f48       $pdata$??1PxMeshOverlapUtil@physx@@QEAA@XZ 0000000180025f48     PhysX3Extensions:ExtTriangleMeshExt.obj
 0004:00000f54       $pdata$?findOverlap@PxMeshOverlapUtil@physx@@QEAAIAEBVPxGeometry@2@AEBVPxTransform@2@AEBVPxTriangleMeshGeometry@2@1@Z 0000000180025f54     PhysX3Extensions:ExtTriangleMeshExt.obj
 0004:00000f60       $pdata$?findOverlap@PxMeshOverlapUtil@physx@@QEAAIAEBVPxGeometry@2@AEBVPxTransform@2@AEBVPxHeightFieldGeometry@2@1@Z 0000000180025f60     PhysX3Extensions:ExtTriangleMeshExt.obj
 0004:00000f6c       $pdata$?PxComputeMeshPenetration@physx@@YA?AVPxVec3@1@IAEBVPxGeometry@1@AEBVPxTransform@1@AEBVPxTriangleMeshGeometry@1@1AEAI@Z 0000000180025f6c     PhysX3Extensions:ExtTriangleMeshExt.obj
 0004:00000f78       $pdata$?PxComputeHeightFieldPenetration@physx@@YA?AVPxVec3@1@IAEBVPxGeometry@1@AEBVPxTransform@1@AEBVPxHeightFieldGeometry@1@1AEAI@Z 0000000180025f78     PhysX3Extensions:ExtTriangleMeshExt.obj
 0004:00000f84       $pdata$?updateMassAndInertia@PxRigidBodyExt@physx@@SA_NAEAVPxRigidBody@2@PEBMIPEBVPxVec3@2@_N@Z 0000000180025f84     PhysX3Extensions:ExtRigidBodyExt.obj
 0004:00000f90       $pdata$?updateMassAndInertia@PxRigidBodyExt@physx@@SA_NAEAVPxRigidBody@2@MPEBVPxVec3@2@_N@Z 0000000180025f90     PhysX3Extensions:ExtRigidBodyExt.obj
 0004:00000f9c       $pdata$?setMassAndUpdateInertia@PxRigidBodyExt@physx@@SA_NAEAVPxRigidBody@2@PEBMIPEBVPxVec3@2@_N@Z 0000000180025f9c     PhysX3Extensions:ExtRigidBodyExt.obj
 0004:00000fa8       $pdata$?setMassAndUpdateInertia@PxRigidBodyExt@physx@@SA_NAEAVPxRigidBody@2@MPEBVPxVec3@2@_N@Z 0000000180025fa8     PhysX3Extensions:ExtRigidBodyExt.obj
 0004:00000fb4       $pdata$?addForceAtLocalPos@PxRigidBodyExt@physx@@SAXAEAVPxRigidBody@2@AEBVPxVec3@2@1W4Enum@PxForceMode@2@_N@Z 0000000180025fb4     PhysX3Extensions:ExtRigidBodyExt.obj
 0004:00000fc0       $pdata$?addLocalForceAtPos@PxRigidBodyExt@physx@@SAXAEAVPxRigidBody@2@AEBVPxVec3@2@1W4Enum@PxForceMode@2@_N@Z 0000000180025fc0     PhysX3Extensions:ExtRigidBodyExt.obj
 0004:00000fcc       $pdata$?addLocalForceAtLocalPos@PxRigidBodyExt@physx@@SAXAEAVPxRigidBody@2@AEBVPxVec3@2@1W4Enum@PxForceMode@2@_N@Z 0000000180025fcc     PhysX3Extensions:ExtRigidBodyExt.obj
 0004:00000fd8       $pdata$?getVelocityAtPos@PxRigidBodyExt@physx@@SA?AVPxVec3@2@AEBVPxRigidBody@2@AEBV32@@Z 0000000180025fd8     PhysX3Extensions:ExtRigidBodyExt.obj
 0004:00000fe4       $pdata$?getLocalVelocityAtLocalPos@PxRigidBodyExt@physx@@SA?AVPxVec3@2@AEBVPxRigidBody@2@AEBV32@@Z 0000000180025fe4     PhysX3Extensions:ExtRigidBodyExt.obj
 0004:00000ff0       $pdata$?getVelocityAtOffset@PxRigidBodyExt@physx@@SA?AVPxVec3@2@AEBVPxRigidBody@2@AEBV32@@Z 0000000180025ff0     PhysX3Extensions:ExtRigidBodyExt.obj
 0004:00000ffc       $pdata$?linearSweepSingle@PxRigidBodyExt@physx@@SA_NAEAVPxRigidBody@2@AEAVPxScene@2@AEBVPxVec3@2@MV?$PxFlags@W4Enum@PxHitFlag@physx@@G@2@AEAUPxSweepHit@2@AEAIAEBUPxQueryFilterData@2@PEAVPxQueryFilterCallback@2@PEBUPxQueryCache@2@M@Z 0000000180025ffc     PhysX3Extensions:ExtRigidBodyExt.obj
 0004:00001008       $pdata$2$?linearSweepSingle@PxRigidBodyExt@physx@@SA_NAEAVPxRigidBody@2@AEAVPxScene@2@AEBVPxVec3@2@MV?$PxFlags@W4Enum@PxHitFlag@physx@@G@2@AEAUPxSweepHit@2@AEAIAEBUPxQueryFilterData@2@PEAVPxQueryFilterCallback@2@PEBUPxQueryCache@2@M@Z 0000000180026008     PhysX3Extensions:ExtRigidBodyExt.obj
 0004:00001014       $pdata$3$?linearSweepSingle@PxRigidBodyExt@physx@@SA_NAEAVPxRigidBody@2@AEAVPxScene@2@AEBVPxVec3@2@MV?$PxFlags@W4Enum@PxHitFlag@physx@@G@2@AEAUPxSweepHit@2@AEAIAEBUPxQueryFilterData@2@PEAVPxQueryFilterCallback@2@PEBUPxQueryCache@2@M@Z 0000000180026014     PhysX3Extensions:ExtRigidBodyExt.obj
 0004:00001020       $pdata$?linearSweepMultiple@PxRigidBodyExt@physx@@SAIAEAVPxRigidBody@2@AEAVPxScene@2@AEBVPxVec3@2@MV?$PxFlags@W4Enum@PxHitFlag@physx@@G@2@PEAUPxSweepHit@2@PEAIIAEAU72@AEAHAEA_NAEBUPxQueryFilterData@2@PEAVPxQueryFilterCallback@2@PEBUPxQueryCache@2@M@Z 0000000180026020     PhysX3Extensions:ExtRigidBodyExt.obj
 0004:0000102c       $pdata$1$?linearSweepMultiple@PxRigidBodyExt@physx@@SAIAEAVPxRigidBody@2@AEAVPxScene@2@AEBVPxVec3@2@MV?$PxFlags@W4Enum@PxHitFlag@physx@@G@2@PEAUPxSweepHit@2@PEAIIAEAU72@AEAHAEA_NAEBUPxQueryFilterData@2@PEAVPxQueryFilterCallback@2@PEBUPxQueryCache@2@M@Z 000000018002602c     PhysX3Extensions:ExtRigidBodyExt.obj
 0004:00001038       $pdata$2$?linearSweepMultiple@PxRigidBodyExt@physx@@SAIAEAVPxRigidBody@2@AEAVPxScene@2@AEBVPxVec3@2@MV?$PxFlags@W4Enum@PxHitFlag@physx@@G@2@PEAUPxSweepHit@2@PEAIIAEAU72@AEAHAEA_NAEBUPxQueryFilterData@2@PEAVPxQueryFilterCallback@2@PEBUPxQueryCache@2@M@Z 0000000180026038     PhysX3Extensions:ExtRigidBodyExt.obj
 0004:00001044       $pdata$?computeVelocityDeltaFromImpulse@PxRigidBodyExt@physx@@SAXAEBVPxRigidBody@2@AEBVPxVec3@2@1AEAV42@2@Z 0000000180026044     PhysX3Extensions:ExtRigidBodyExt.obj
 0004:00001050       $pdata$?computeVelocityDeltaFromImpulse@PxRigidBodyExt@physx@@SAXAEBVPxRigidBody@2@AEBVPxTransform@2@AEBVPxVec3@2@2MMAEAV52@3@Z 0000000180026050     PhysX3Extensions:ExtRigidBodyExt.obj
 0004:0000105c       $pdata$?computeLinearAngularImpulse@PxRigidBodyExt@physx@@SAXAEBVPxRigidBody@2@AEBVPxTransform@2@AEBVPxVec3@2@2MMAEAV52@3@Z 000000018002605c     PhysX3Extensions:ExtRigidBodyExt.obj
 0004:00001068       $pdata$?translate@InertiaTensorComputer@Ext@physx@@QEAAXAEBVPxVec3@3@@Z 0000000180026068     PhysX3Extensions:ExtRigidBodyExt.obj
 0004:00001074       $pdata$7$?translate@InertiaTensorComputer@Ext@physx@@QEAAXAEBVPxVec3@3@@Z 0000000180026074     PhysX3Extensions:ExtRigidBodyExt.obj
 0004:00001080       $pdata$8$?translate@InertiaTensorComputer@Ext@physx@@QEAAXAEBVPxVec3@3@@Z 0000000180026080     PhysX3Extensions:ExtRigidBodyExt.obj
 0004:0000108c       $pdata$?setCapsule@InertiaTensorComputer@Ext@physx@@QEAAXHMM@Z 000000018002608c     PhysX3Extensions:ExtRigidBodyExt.obj
 0004:00001098       $pdata$?setEllipsoid@InertiaTensorComputer@Ext@physx@@QEAAXMMM@Z 0000000180026098     PhysX3Extensions:ExtRigidBodyExt.obj
 0004:000010a4       $pdata$??_G?$PxHitBuffer@UPxSweepHit@physx@@@physx@@UEAAPEAXI@Z 00000001800260a4     PhysX3Extensions:ExtRigidBodyExt.obj
 0004:000010b0       $pdata$??_G?$PxHitCallback@UPxSweepHit@physx@@@physx@@UEAAPEAXI@Z 00000001800260b0     PhysX3Extensions:ExtRigidBodyExt.obj
 0004:000010bc       $pdata$?addForceAtPosInternal@@YAXAEAVPxRigidBody@physx@@AEBVPxVec3@2@1W4Enum@PxForceMode@2@_N@Z 00000001800260bc     PhysX3Extensions:ExtRigidBodyExt.obj
 0004:000010c8       $pdata$6$?addForceAtPosInternal@@YAXAEAVPxRigidBody@physx@@AEBVPxVec3@2@1W4Enum@PxForceMode@2@_N@Z 00000001800260c8     PhysX3Extensions:ExtRigidBodyExt.obj
 0004:000010d4       $pdata$7$?addForceAtPosInternal@@YAXAEAVPxRigidBody@physx@@AEBVPxVec3@2@1W4Enum@PxForceMode@2@_N@Z 00000001800260d4     PhysX3Extensions:ExtRigidBodyExt.obj
 0004:000010e0       $pdata$?allocate@?$ReflectionAllocator@PEAVPxShape@physx@@@shdfnd@physx@@QEAAPEAX_KPEBDH@Z 00000001800260e0     PhysX3Extensions:ExtRigidBodyExt.obj
 0004:000010ec       $pdata$0$?allocate@?$ReflectionAllocator@PEAVPxShape@physx@@@shdfnd@physx@@QEAAPEAX_KPEBDH@Z 00000001800260ec     PhysX3Extensions:ExtRigidBodyExt.obj
 0004:000010f8       $pdata$1$?allocate@?$ReflectionAllocator@PEAVPxShape@physx@@@shdfnd@physx@@QEAAPEAX_KPEBDH@Z 00000001800260f8     PhysX3Extensions:ExtRigidBodyExt.obj
 0004:00001104       $pdata$?computeMassAndDiagInertia@@YA_NAEAVInertiaTensorComputer@Ext@physx@@AEAVPxVec3@3@AEAVPxQuat@3@AEAM1_NAEBVPxRigidBody@3@PEBD@Z 0000000180026104     PhysX3Extensions:ExtRigidBodyExt.obj
 0004:00001110       $pdata$8$?computeMassAndDiagInertia@@YA_NAEAVInertiaTensorComputer@Ext@physx@@AEAVPxVec3@3@AEAVPxQuat@3@AEAM1_NAEBVPxRigidBody@3@PEBD@Z 0000000180026110     PhysX3Extensions:ExtRigidBodyExt.obj
 0004:0000111c       $pdata$9$?computeMassAndDiagInertia@@YA_NAEAVInertiaTensorComputer@Ext@physx@@AEAVPxVec3@3@AEAVPxQuat@3@AEAM1_NAEBVPxRigidBody@3@PEBD@Z 000000018002611c     PhysX3Extensions:ExtRigidBodyExt.obj
 0004:00001128       $pdata$?computeMassAndInertia@@YA_N_NAEAVPxRigidBody@physx@@PEBM2I0AEAVInertiaTensorComputer@Ext@2@@Z 0000000180026128     PhysX3Extensions:ExtRigidBodyExt.obj
 0004:00001134       $pdata$11$?computeMassAndInertia@@YA_N_NAEAVPxRigidBody@physx@@PEBM2I0AEAVInertiaTensorComputer@Ext@2@@Z 0000000180026134     PhysX3Extensions:ExtRigidBodyExt.obj
 0004:00001140       $pdata$14$?computeMassAndInertia@@YA_N_NAEAVPxRigidBody@physx@@PEBM2I0AEAVInertiaTensorComputer@Ext@2@@Z 0000000180026140     PhysX3Extensions:ExtRigidBodyExt.obj
 0004:0000114c       $pdata$15$?computeMassAndInertia@@YA_N_NAEAVPxRigidBody@physx@@PEBM2I0AEAVInertiaTensorComputer@Ext@2@@Z 000000018002614c     PhysX3Extensions:ExtRigidBodyExt.obj
 0004:00001158       $pdata$?getVelocityAtPosInternal@@YA?AVPxVec3@physx@@AEBVPxRigidBody@2@AEBV12@@Z 0000000180026158     PhysX3Extensions:ExtRigidBodyExt.obj
 0004:00001164       $pdata$?recreate@?$Array@PEAVPxShape@physx@@V?$InlineAllocator@$0IA@V?$ReflectionAllocator@PEAVPxShape@physx@@@shdfnd@physx@@@shdfnd@2@@shdfnd@physx@@IEAAXI@Z 0000000180026164     PhysX3Extensions:ExtRigidBodyExt.obj
 0004:00001170       $pdata$?resize@?$Array@PEAVPxShape@physx@@V?$InlineAllocator@$0IA@V?$ReflectionAllocator@PEAVPxShape@physx@@@shdfnd@physx@@@shdfnd@2@@shdfnd@physx@@QEAAXIAEBQEAVPxShape@3@@Z 0000000180026170     PhysX3Extensions:ExtRigidBodyExt.obj
 0004:0000117c       $pdata$?rotate@InertiaTensorComputer@Ext@physx@@QEAAXAEBVPxMat33@3@@Z 000000018002617c     PhysX3Extensions:ExtRigidBodyExt.obj
 0004:00001188       $pdata$?rotateInertia@MassProps@Ext@physx@@SA?AVPxMat33@3@AEBV43@AEBVPxQuat@3@@Z 0000000180026188     PhysX3Extensions:ExtRigidBodyExt.obj
 0004:00001194       $pdata$?scaleInertia@MassProps@Ext@physx@@SA?AVPxMat33@3@AEBV43@AEBVPxQuat@3@AEBVPxVec3@3@@Z 0000000180026194     PhysX3Extensions:ExtRigidBodyExt.obj
 0004:000011a0       $pdata$?setMassAndUpdateInertia@@YA_N_NAEAVPxRigidBody@physx@@PEBMIPEBVPxVec3@2@0@Z 00000001800261a0     PhysX3Extensions:ExtRigidBodyExt.obj
 0004:000011ac       $pdata$?transform@InertiaTensorComputer@Ext@physx@@QEAAXAEBVPxTransform@3@@Z 00000001800261ac     PhysX3Extensions:ExtRigidBodyExt.obj
 0004:000011b8       $pdata$?transformFast@PxBounds3@physx@@SA?AV12@AEBVPxTransform@2@AEBV12@@Z 00000001800261b8     PhysX3Extensions:ExtRigidBodyExt.obj
 0004:000011c4       $pdata$?transformInertiaTensor@@YAXAEBVPxVec3@physx@@AEBVPxMat33@2@AEAV32@@Z 00000001800261c4     PhysX3Extensions:ExtRigidBodyExt.obj
 0004:000011d0       $pdata$?updateMassAndInertia@@YA_N_NAEAVPxRigidBody@physx@@PEBMIPEBVPxVec3@2@0@Z 00000001800261d0     PhysX3Extensions:ExtRigidBodyExt.obj
 0004:000011dc       $pdata$??_Gtype_info@@UEAAPEAXI@Z 00000001800261dc     MSVCRT:std_type_info_static.obj
 0004:000011f4       $pdata$?dllmain_crt_dispatch@@YAHQEAUHINSTANCE__@@KQEAX@Z 00000001800261f4     MSVCRT:dll_dllmain.obj
 0004:00001200       $pdata$?dllmain_crt_process_attach@@YAHQEAUHINSTANCE__@@QEAX@Z 0000000180026200     MSVCRT:dll_dllmain.obj
 0004:0000120c       $pdata$?dllmain_crt_process_detach@@YAH_N@Z 000000018002620c     MSVCRT:dll_dllmain.obj
 0004:00001218       $pdata$?dllmain_dispatch@@YAHQEAUHINSTANCE__@@KQEAX@Z 0000000180026218     MSVCRT:dll_dllmain.obj
 0004:00001224       $pdata$?dllmain_raw@@YAHQEAUHINSTANCE__@@KQEAX@Z 0000000180026224     MSVCRT:dll_dllmain.obj
 0004:00001230       $pdata$_DllMainCRTStartup  0000000180026230     MSVCRT:dll_dllmain.obj
 0004:0000123c       $pdata$?configure_argv@__scrt_narrow_argv_policy@@SAHXZ 000000018002623c     MSVCRT:utility.obj
 0004:00001248       $pdata$__scrt_acquire_startup_lock 0000000180026248     MSVCRT:utility.obj
 0004:00001254       $pdata$__scrt_dllmain_after_initialize_c 0000000180026254     MSVCRT:utility.obj
 0004:00001260       $pdata$__scrt_dllmain_before_initialize_c 0000000180026260     MSVCRT:utility.obj
 0004:0000126c       $pdata$__scrt_dllmain_crt_thread_attach 000000018002626c     MSVCRT:utility.obj
 0004:00001278       $pdata$__scrt_dllmain_crt_thread_detach 0000000180026278     MSVCRT:utility.obj
 0004:00001284       $pdata$__scrt_dllmain_exception_filter 0000000180026284     MSVCRT:utility.obj
 0004:00001290       $pdata$__scrt_dllmain_uninitialize_c 0000000180026290     MSVCRT:utility.obj
 0004:0000129c       $pdata$__scrt_dllmain_uninitialize_critical 000000018002629c     MSVCRT:utility.obj
 0004:000012a8       $pdata$__scrt_initialize_crt 00000001800262a8     MSVCRT:utility.obj
 0004:000012b4       $pdata$__scrt_initialize_onexit_tables 00000001800262b4     MSVCRT:utility.obj
 0004:000012c0       $pdata$__scrt_is_nonwritable_in_current_image 00000001800262c0     MSVCRT:utility.obj
 0004:000012cc       $pdata$__scrt_release_startup_lock 00000001800262cc     MSVCRT:utility.obj
 0004:000012d8       $pdata$__scrt_uninitialize_crt 00000001800262d8     MSVCRT:utility.obj
 0004:000012e4       $pdata$_onexit             00000001800262e4     MSVCRT:utility.obj
 0004:000012f0       $pdata$atexit              00000001800262f0     MSVCRT:utility.obj
 0004:000012fc       $pdata$__security_init_cookie 00000001800262fc     MSVCRT:gs_support.obj
 0004:00001308       $pdata$DllMain             0000000180026308     MSVCRT:dll_dllmain_stub.obj
 0004:00001314       $pdata$__scrt_initialize_default_local_stdio_options 0000000180026314     MSVCRT:default_local_stdio_options.obj
 0004:00001320       $pdata$__scrt_fastfail     0000000180026320     MSVCRT:utility_desktop.obj
 0004:0000132c       $pdata$__scrt_get_show_window_mode 000000018002632c     MSVCRT:utility_desktop.obj
 0004:00001338       $pdata$__scrt_is_managed_app 0000000180026338     MSVCRT:utility_desktop.obj
 0004:00001344       $pdata$__scrt_unhandled_exception_filter 0000000180026344     MSVCRT:utility_desktop.obj
 0004:00001350       $pdata$_RTC_Initialize     0000000180026350     MSVCRT:_initsect_.obj
 0004:0000135c       $pdata$_RTC_Terminate      000000018002635c     MSVCRT:_initsect_.obj
 0004:00001368       $pdata$__isa_available_init 0000000180026368     MSVCRT:_cpu_disp_.obj
 0004:00001380       $pdata$?fin$0@?0??dllmain_crt_process_attach@@YAHQEAUHINSTANCE__@@QEAX@Z@4HA 0000000180026380     MSVCRT:dll_dllmain.obj
 0004:0000138c       $pdata$?fin$0@?0??dllmain_crt_process_detach@@YAH_N@Z@4HA 000000018002638c     MSVCRT:dll_dllmain.obj
 0004:00001398       $pdata$?filt$0@?0??dllmain_dispatch@@YAHQEAUHINSTANCE__@@KQEAX@Z@4HA 0000000180026398     MSVCRT:dll_dllmain.obj
 0004:000013a4       $pdata$__scrt_is_nonwritable_in_current_image$filt$0 00000001800263a4     MSVCRT:utility.obj
 0005:00000000       __guard_fids__             0000000180027000     MSVCRT:std_type_info_static.obj
 0005:00000004       __guard_fids_?dllmain_crt_process_attach@@YAHQEAUHINSTANCE__@@QEAX@Z 0000000180027004     MSVCRT:dll_dllmain.obj
 0005:0000000c       __guard_fids_?dllmain_dispatch@@YAHQEAUHINSTANCE__@@KQEAX@Z 000000018002700c     MSVCRT:dll_dllmain.obj
 0005:00000010       __guard_fids___scrt_set_unhandled_exception_filter 0000000180027010     MSVCRT:utility_desktop.obj
 0005:00000014       __guard_fids__             0000000180027014     MSVCRT:guard_support.obj
 0005:00000018       __guard_fids__guard_icall_checks_enforced 0000000180027018     MSVCRT:guard_support.obj
 0006:000000a0       $R000000                   00000001800280a0     PhysX3CharacterKinematic.res
 0006:00000420       $R000380                   0000000180028420     PhysX3CharacterKinematic.res
