 PhysX3Cooking_x64

 Timestamp is 58e28bed (Mon Apr  3 11:52:45 2017)

 Preferred load address is 0000000180000000

 Start         Length     Name                   Class
 0001:00000000 000001e0H .text$di                CODE
 0001:000001e0 00020260H .text$mn                CODE
 0001:00020440 00000012H .text$mn$00             CODE
 0001:00020452 00000081H .text$x                 CODE
 0002:00000000 00000200H .idata$5                DATA
 0002:00000200 00000010H .00cfg                  DATA
 0002:00000210 00000008H .CRT$XCA                DATA
 0002:00000218 00000090H .CRT$XCU                DATA
 0002:000002a8 00000008H .CRT$XCZ                DATA
 0002:000002b0 00000008H .CRT$XIA                DATA
 0002:000002b8 00000008H .CRT$XIZ                DATA
 0002:000002c0 00000008H .CRT$XPA                DATA
 0002:000002c8 00000008H .CRT$XPZ                DATA
 0002:000002d0 00000008H .CRT$XTA                DATA
 0002:000002d8 00000008H .CRT$XTZ                DATA
 0002:000002e0 00001aa8H .rdata                  DATA
 0002:00001d88 000001f4H .rdata$r                DATA
 0002:00001f7c 000003b4H .rdata$zzzdbg           DATA
 0002:00002330 00000008H .rtc$IAA                DATA
 0002:00002338 00000008H .rtc$IZZ                DATA
 0002:00002340 00000008H .rtc$TAA                DATA
 0002:00002348 00000008H .rtc$TZZ                DATA
 0002:00002350 00002610H .xdata                  DATA
 0002:00004960 000000ecH .xdata$x                DATA
 0002:00004a4c 00000020H .didat$2                DATA
 0002:00004a6c 00000024H .didat$3                DATA
 0002:00004a90 00000288H .didat$4                DATA
 0002:00004d18 00001060H .didat$6                DATA
 0002:00005d78 00000288H .didat$7                DATA
 0002:00006000 00000084H .edata                  DATA
 0002:00006084 00000078H .idata$2                DATA
 0002:000060fc 00000014H .idata$3                DATA
 0002:00006110 00000200H .idata$4                DATA
 0002:00006310 000004e4H .idata$6                DATA
 0003:00000000 000000a8H .data                   DATA
 0003:000000a8 00000428H .data$r                 DATA
 0003:000004d0 00000290H .didat$5                DATA
 0003:00000760 000001e8H .bss                    DATA
 0004:00000000 00001734H .pdata                  DATA
 0005:00000000 00000034H .gfids$y                DATA
 0006:00000000 000000a0H .rsrc$01                DATA
 0006:000000a0 000004b8H .rsrc$02                DATA

  Address         Publics by Value              Rva+Base               Lib:Object

 0000:00000000       __guard_iat_table          0000000000000000     <absolute>
 0000:00000000       __guard_fids_table         0000000000000000     <absolute>
 0000:00000000       __guard_longjmp_count      0000000000000000     <absolute>
 0000:00000000       ___safe_se_handler_count   0000000000000000     <absolute>
 0000:00000000       __guard_longjmp_table      0000000000000000     <absolute>
 0000:00000000       __guard_iat_count          0000000000000000     <absolute>
 0000:00000000       ___safe_se_handler_table   0000000000000000     <absolute>
 0000:00000000       __dynamic_value_reloc_table 0000000000000000     <absolute>
 0000:00000000       __guard_fids_count         0000000000000000     <absolute>
 0000:00000100       __guard_flags              0000000000000100     <absolute>
 0000:00000000       __ImageBase                0000000180000000     <linker-defined>
 0001:000001e0       PxSetPhysXCookingDelayLoadHook 00000001800011e0 f   WindowsCookingDelayLoadHook.obj
 0001:000001f0       ?delayHook@@YAP6A_JXZIPEAUDelayLoadInfo@@@Z 00000001800011f0 f   WindowsCookingDelayLoadHook.obj
 0001:00000240       ?physXCommonDliNotePreLoadLibrary@shdfnd@physx@@YAP6A_JXZPEBDPEBVPxDelayLoadHook@2@@Z 0000000180001240 f i WindowsCookingDelayLoadHook.obj
 0001:00000630       ?saveHeightField@physx@@YA_NAEBVHeightField@Gu@1@AEAVPxOutputStream@1@_N@Z 0000000180001630 f   HeightFieldCooking.obj
 0001:000008b0       ?__empty_global_delete@@YAXPEAX@Z 00000001800018b0 f i HeightFieldCooking.obj
 0001:000008c0       ?__global_delete@@YAXPEAX_K@Z 00000001800018c0 f i HeightFieldCooking.obj
 0001:000008c0       ?__empty_global_delete@@YAXPEAX_K@Z 00000001800018c0 f i HeightFieldCooking.obj
 0001:000008c0       ?__global_array_delete@@YAXPEAX_K@Z 00000001800018c0 f i HeightFieldCooking.obj
 0001:000008d0       ?buildFromTriangles@RTreeCooker@physx@@SAXAEAURTree@Gu@2@PEBVPxVec3@2@IPEBGPEBIIAEAV?$Array@IV?$ReflectionAllocator@I@shdfnd@physx@@@shdfnd@2@PEAURemapCallback@12@MW4Enum@PxMeshCookingHint@2@@Z 00000001800018d0 f   RTreeCooking.obj
 0001:00000b90       ??$median3@I$$CBUSortBoundsPredicate@physx@@@internal@shdfnd@physx@@YAXPEAIHHAEBUSortBoundsPredicate@2@@Z 0000000180001b90 f i RTreeCooking.obj
 0001:00000cb0       ??$partition@I$$CBU?$Less@I@shdfnd@physx@@@internal@shdfnd@physx@@YAHPEAIHHAEBU?$Less@I@12@@Z 0000000180001cb0 f i RTreeCooking.obj
 0001:00000d80       ??$partition@I$$CBUSortBoundsPredicate@physx@@@internal@shdfnd@physx@@YAHPEAIHHAEBUSortBoundsPredicate@2@@Z 0000000180001d80 f i RTreeCooking.obj
 0001:00000e70       ??$partition@UBoundsLTE@physx@@@quickSelect@physx@@YAIPEIAIIIIAEBUBoundsLTE@1@@Z 0000000180001e70 f i RTreeCooking.obj
 0001:00001010       ??$quickSelectFirstK@UBoundsLTE@physx@@@quickSelect@physx@@YAXPEIAIIIIAEBUBoundsLTE@1@@Z 0000000180002010 f i RTreeCooking.obj
 0001:00001200       ??$smallSort@I$$CBU?$Less@I@shdfnd@physx@@@internal@shdfnd@physx@@YAXPEAIHHAEBU?$Less@I@12@@Z 0000000180002200 f i RTreeCooking.obj
 0001:000012e0       ??$smallSort@I$$CBUSortBoundsPredicate@physx@@@internal@shdfnd@physx@@YAXPEAIHHAEBUSortBoundsPredicate@2@@Z 00000001800022e0 f i RTreeCooking.obj
 0001:000015d0       ??$sort@I@shdfnd@physx@@YAXPEAII@Z 00000001800025d0 f i RTreeCooking.obj
 0001:000015f0       ??$sort@IU?$Less@I@shdfnd@physx@@V?$ReflectionAllocator@I@23@@shdfnd@physx@@YAXPEAIIAEBU?$Less@I@01@AEBV?$ReflectionAllocator@I@01@I@Z 00000001800025f0 f i RTreeCooking.obj
 0001:00001900       ??$sort@IUSortBoundsPredicate@physx@@@shdfnd@physx@@YAXPEAIIAEBUSortBoundsPredicate@1@@Z 0000000180002900 f i RTreeCooking.obj
 0001:00001920       ??$sort@IUSortBoundsPredicate@physx@@V?$ReflectionAllocator@I@shdfnd@2@@shdfnd@physx@@YAXPEAIIAEBUSortBoundsPredicate@1@AEBV?$ReflectionAllocator@I@01@I@Z 0000000180002920 f i RTreeCooking.obj
 0001:00001c30       ??0SubSortQuick@physx@@QEAA@PEAIPEBUPxBounds3V@1@IM@Z 0000000180002c30 f i RTreeCooking.obj
 0001:00001d70       ?allocate@?$ReflectionAllocator@I@shdfnd@physx@@QEAAPEAX_KPEBDH@Z 0000000180002d70 f i RTreeCooking.obj
 0001:00001e10       ?allocate@?$ReflectionAllocator@UInterval@physx@@@shdfnd@physx@@QEAAPEAX_KPEBDH@Z 0000000180002e10 f i RTreeCooking.obj
 0001:00001eb0       ?allocate@?$ReflectionAllocator@UPxBounds3V@physx@@@shdfnd@physx@@QEAAPEAX_KPEBDH@Z 0000000180002eb0 f i RTreeCooking.obj
 0001:00001f50       ?allocate@?$ReflectionAllocator@URTreeNodeNQ@physx@@@shdfnd@physx@@QEAAPEAX_KPEBDH@Z 0000000180002f50 f i RTreeCooking.obj
 0001:00001ff0       ?allocate@?$ReflectionAllocator@URTreeNodeQ@Gu@physx@@@shdfnd@physx@@QEAAPEAX_KPEBDH@Z 0000000180002ff0 f i RTreeCooking.obj
 0001:00002090       ?allocate@?$ReflectionAllocator@VPxVec3@physx@@@shdfnd@physx@@QEAAPEAX_KPEBDH@Z 0000000180003090 f i RTreeCooking.obj
 0001:00002bd0       ?copy@?$Array@URTreeNodeNQ@physx@@V?$ReflectionAllocator@URTreeNodeNQ@physx@@@shdfnd@2@@shdfnd@physx@@KAXPEAURTreeNodeNQ@3@0PEBU43@@Z 0000000180003bd0 f i RTreeCooking.obj
 0001:00002d70       ?copy@?$Array@VPxVec3@physx@@V?$ReflectionAllocator@VPxVec3@physx@@@shdfnd@2@@shdfnd@physx@@KAXPEAVPxVec3@3@0PEBV43@@Z 0000000180003d70 f i RTreeCooking.obj
 0001:00002e60       ?growAndPushBack@?$Array@IV?$ReflectionAllocator@I@shdfnd@physx@@@shdfnd@physx@@IEAAAEAIAEBI@Z 0000000180003e60 f i RTreeCooking.obj
 0001:00002f30       ?growAndPushBack@?$Array@UInterval@physx@@V?$InlineAllocator@$0CA@V?$ReflectionAllocator@UInterval@physx@@@shdfnd@physx@@@shdfnd@2@@shdfnd@physx@@IEAAAEAUInterval@3@AEBU43@@Z 0000000180003f30 f i RTreeCooking.obj
 0001:00003030       ?growAndPushBack@?$Array@UPxBounds3V@physx@@V?$ReflectionAllocator@UPxBounds3V@physx@@@shdfnd@2@@shdfnd@physx@@IEAAAEAUPxBounds3V@3@AEBU43@@Z 0000000180004030 f i RTreeCooking.obj
 0001:00003120       ?growAndPushBack@?$Array@URTreeNodeNQ@physx@@V?$ReflectionAllocator@URTreeNodeNQ@physx@@@shdfnd@2@@shdfnd@physx@@IEAAAEAURTreeNodeNQ@3@AEBU43@@Z 0000000180004120 f i RTreeCooking.obj
 0001:00003220       ?growAndPushBack@?$Array@URTreeNodeQ@Gu@physx@@V?$ReflectionAllocator@URTreeNodeQ@Gu@physx@@@shdfnd@3@@shdfnd@physx@@IEAAAEAURTreeNodeQ@Gu@3@AEBU453@@Z 0000000180004220 f i RTreeCooking.obj
 0001:00003320       ?growAndPushBack@?$Array@VPxVec3@physx@@V?$ReflectionAllocator@VPxVec3@physx@@@shdfnd@2@@shdfnd@physx@@IEAAAEAVPxVec3@3@AEBV43@@Z 0000000180004320 f i RTreeCooking.obj
 0001:00003410       ?recreate@?$Array@IV?$ReflectionAllocator@I@shdfnd@physx@@@shdfnd@physx@@IEAAXI@Z 0000000180004410 f i RTreeCooking.obj
 0001:000034c0       ?recreate@?$Array@UPxBounds3V@physx@@V?$ReflectionAllocator@UPxBounds3V@physx@@@shdfnd@2@@shdfnd@physx@@IEAAXI@Z 00000001800044c0 f i RTreeCooking.obj
 0001:00003570       ?recreate@?$Array@URTreeNodeNQ@physx@@V?$ReflectionAllocator@URTreeNodeNQ@physx@@@shdfnd@2@@shdfnd@physx@@IEAAXI@Z 0000000180004570 f i RTreeCooking.obj
 0001:00003600       ?recreate@?$Array@URTreeNodeQ@Gu@physx@@V?$ReflectionAllocator@URTreeNodeQ@Gu@physx@@@shdfnd@3@@shdfnd@physx@@IEAAXI@Z 0000000180004600 f i RTreeCooking.obj
 0001:000036c0       ?recreate@?$Array@VPxVec3@physx@@V?$ReflectionAllocator@VPxVec3@physx@@@shdfnd@2@@shdfnd@physx@@IEAAXI@Z 00000001800046c0 f i RTreeCooking.obj
 0001:00003750       ?resize@?$Array@IV?$ReflectionAllocator@I@shdfnd@physx@@@shdfnd@physx@@QEAAXIAEBI@Z 0000000180004750 f i RTreeCooking.obj
 0001:000037c0       ?resizeUninitialized@?$Array@URTreeNodeNQ@physx@@V?$ReflectionAllocator@URTreeNodeNQ@physx@@@shdfnd@2@@shdfnd@physx@@QEAAXI@Z 00000001800047c0 f i RTreeCooking.obj
 0001:00003800       ?sort4@SubSortQuick@physx@@QEAAXPEIAIIAEAV?$Array@URTreeNodeNQ@physx@@V?$ReflectionAllocator@URTreeNodeNQ@physx@@@shdfnd@2@@shdfnd@2@AEAIAEAUPxBounds3V@2@I@Z 0000000180004800 f i RTreeCooking.obj
 0001:00003b80       ?sort4@SubSortSAH@physx@@QEAAXPEAIIAEAV?$Array@URTreeNodeNQ@physx@@V?$ReflectionAllocator@URTreeNodeNQ@physx@@@shdfnd@2@@shdfnd@2@AEAIIPEAURTreeNodeNQ@2@@Z 0000000180004b80 f i RTreeCooking.obj
 0001:000042a0       ?split@SubSortSAH@physx@@QEAAIPEAII@Z 00000001800052a0 f i RTreeCooking.obj
 0001:00004a60       ?loadFromDesc@TriangleMeshBuilder@physx@@QEAA_NAEBVPxTriangleMeshDesc@2@AEBUPxCookingParams@2@_N@Z 0000000180005a60 f   TriangleMeshBuilder.obj
 0001:00004d60       ?save@TriangleMeshBuilder@physx@@QEBA_NAEAVPxOutputStream@2@_NAEBUPxCookingParams@2@@Z 0000000180005d60 f   TriangleMeshBuilder.obj
 0001:000050c0       ?computeLocalBounds@TriangleMeshBuilder@physx@@IEAAXXZ 00000001800060c0 f   TriangleMeshBuilder.obj
 0001:00005180       ?importMesh@TriangleMeshBuilder@physx@@IEAA_NAEBVPxTriangleMeshDesc@2@AEBUPxCookingParams@2@_N@Z 0000000180006180 f   TriangleMeshBuilder.obj
 0001:000053b0       ??_H@YAXPEAX_K1P6APEAX0@Z@Z 00000001800063b0 f i TriangleMeshBuilder.obj
 0001:00005400       ?isValid@PxTriangleMeshDesc@physx@@QEBA_NXZ 0000000180006400 f i TriangleMeshBuilder.obj
 0001:00005480       ??0BigConvexDataBuilder@physx@@QEAA@PEBUConvexHullData@Gu@1@PEAVBigConvexData@1@PEBVPxVec3@1@@Z 0000000180006480 f   BigConvexDataBuilder.obj
 0001:000054a0       ??1BigConvexDataBuilder@physx@@QEAA@XZ 00000001800064a0 f   BigConvexDataBuilder.obj
 0001:000054b0       ?Precompute@BigConvexDataBuilder@physx@@QEAA_NI@Z 00000001800064b0 f   BigConvexDataBuilder.obj
 0001:00005800       ?Initialize@BigConvexDataBuilder@physx@@QEAA_NXZ 0000000180006800 f   BigConvexDataBuilder.obj
 0001:000058a0       ?PrecomputeSample@BigConvexDataBuilder@physx@@QEAA_NIAEBVPxVec3@2@@Z 00000001800068a0 f   BigConvexDataBuilder.obj
 0001:00005ae0       ?Save@BigConvexDataBuilder@physx@@QEBA_NAEAVPxOutputStream@2@_NIPEBUHullTriangleData@2@@Z 0000000180006ae0 f   BigConvexDataBuilder.obj
 0001:00005c10       ?ComputeValencies@BigConvexDataBuilder@physx@@QEBA_NIPEBUHullTriangleData@2@@Z 0000000180006c10 f   BigConvexDataBuilder.obj
 0001:00005c60       ?Compute@BigConvexDataBuilder@physx@@QEBA_NAEBUVALENCIESCREATE@2@@Z 0000000180006c60 f   BigConvexDataBuilder.obj
 0001:00005f20       ?Save@BigConvexDataBuilder@physx@@QEBA_NAEAVPxOutputStream@2@_N@Z 0000000180006f20 f   BigConvexDataBuilder.obj
 0001:000060c0       ??0ConvexHullBuilder@physx@@QEAA@PEAUConvexHullData@Gu@1@@Z 00000001800070c0 f   ConvexHullBuilder.obj
 0001:00006100       ??1ConvexHullBuilder@physx@@QEAA@XZ 0000000180007100 f   ConvexHullBuilder.obj
 0001:000061b0       ?Init@ConvexHullBuilder@physx@@QEAA_NIPEBVPxVec3@2@IPEBIIPEBUPxHullPolygon@2@@Z 00000001800071b0 f   ConvexHullBuilder.obj
 0001:00006850       ?Save@ConvexHullBuilder@physx@@QEBA_NAEAVPxOutputStream@2@_N@Z 0000000180007850 f   ConvexHullBuilder.obj
 0001:00006b70       ?CreateEdgeList@ConvexHullBuilder@physx@@QEAA_NXZ 0000000180007b70 f   ConvexHullBuilder.obj
 0001:000075c0       ?CreatePolygonData@ConvexHullBuilder@physx@@QEAA_NXZ 00000001800085c0 f   ConvexHullBuilder.obj
 0001:00007d70       ?CheckHullPolygons@ConvexHullBuilder@physx@@QEBA_NXZ 0000000180008d70 f   ConvexHullBuilder.obj
 0001:00008130       ?CreateTrianglesFromPolygons@ConvexHullBuilder@physx@@QEAA_NXZ 0000000180009130 f   ConvexHullBuilder.obj
 0001:00008b60       ?ComputeGeomCenter@ConvexHullBuilder@physx@@QEBA_NAEAVPxVec3@2@@Z 0000000180009b60 f   ConvexHullBuilder.obj
 0001:00008db0       ?CalculateVertexMapTable@ConvexHullBuilder@physx@@QEAA_NI_N@Z 0000000180009db0 f   ConvexHullBuilder.obj
 0001:00008fb0       ?ComputeHullPolygons@ConvexHullBuilder@physx@@QEAA_NAEBIPEBVPxVec3@2@0PEBI@Z 0000000180009fb0 f   ConvexHullBuilder.obj
 0001:00009280       ??$PlaneEquation@U?$TriangleT@I@Gu@physx@@@@YA?AVPxPlane@physx@@AEBU?$TriangleT@I@Gu@1@PEBVPxVec3@1@@Z 000000018000a280 f i ConvexHullBuilder.obj
 0001:00009410       ??0PxVec3@physx@@QEAA@XZ   000000018000a410 f i ConvexHullBuilder.obj
 0001:0000b2b0       ??0ConvexMeshBuilder@physx@@QEAA@XZ 000000018000c2b0 f   ConvexMeshBuilder.obj
 0001:0000b300       ??1ConvexMeshBuilder@physx@@UEAA@XZ 000000018000c300 f   ConvexMeshBuilder.obj
 0001:0000b340       ?loadFromDesc@ConvexMeshBuilder@physx@@QEAA_NAEBVPxConvexMeshDesc@2@W4Enum@PxPlatform@2@@Z 000000018000c340 f   ConvexMeshBuilder.obj
 0001:0000b430       ?save@ConvexMeshBuilder@physx@@QEBA_NAEAVPxOutputStream@2@_N@Z 000000018000c430 f   ConvexMeshBuilder.obj
 0001:0000b640       ?loadConvexHull@ConvexMeshBuilder@physx@@QEAA_NAEBVPxConvexMeshDesc@2@@Z 000000018000c640 f   ConvexMeshBuilder.obj
 0001:0000b8e0       ?computeHullPolygons@ConvexMeshBuilder@physx@@QEAA_NAEBIPEBVPxVec3@2@0PEBIAEAVPxAllocatorCallback@2@AEAIAEAPEAV32@4AEAPEAI4AEAPEAUPxHullPolygon@2@@Z 000000018000c8e0 f   ConvexMeshBuilder.obj
 0001:0000bb10       ?computeGaussMaps@ConvexMeshBuilder@physx@@QEAA_NXZ 000000018000cb10 f   ConvexMeshBuilder.obj
 0001:0000bbf0       ?computeMassInfo@ConvexMeshBuilder@physx@@QEAAXXZ 000000018000cbf0 f   ConvexMeshBuilder.obj
 0001:0000bfe0       ?computeInternalObjects@ConvexMeshBuilder@physx@@QEAAXXZ 000000018000cfe0 f   ConvexMeshBuilder.obj
 0001:0000c21c       ??_EConvexMeshBuilder@physx@@WBA@EAAPEAXI@Z 000000018000d21c f i ConvexMeshBuilder.obj
 0001:0000c230       ??_EConvexMeshBuilder@physx@@UEAAPEAXI@Z 000000018000d230 f i ConvexMeshBuilder.obj
 0001:0000c230       ??_GConvexMeshBuilder@physx@@UEAAPEAXI@Z 000000018000d230 f i ConvexMeshBuilder.obj
 0001:0000c640       ?gatherStrided@shdfnd@physx@@YAXPEBXPEAXIII@Z 000000018000d640 f i ConvexMeshBuilder.obj
 0001:0000c6b0       ?isFinite@PxVec3@physx@@QEBA_NXZ 000000018000d6b0 f i ConvexMeshBuilder.obj
 0001:0000c710       ?isReleasable@PxBase@physx@@UEBA_NXZ 000000018000d710 f i ConvexMeshBuilder.obj
 0001:0000c720       ?isValid@PxConvexMeshDesc@physx@@QEBA_NXZ 000000018000d720 f i ConvexMeshBuilder.obj
 0001:0000c7c0       ?requires@ConvexMesh@Gu@physx@@UEAAXAEAVPxProcessPxBaseCallback@3@@Z 000000018000d7c0 f i ConvexMeshBuilder.obj
 0001:0000c7d0       ??0HullLibrary@physx@@QEAA@XZ 000000018000d7d0 f   hulllib.obj
 0001:0000c820       ??1HullLibrary@physx@@QEAA@XZ 000000018000d820 f   hulllib.obj
 0001:0000c880       ?CreateConvexHull@HullLibrary@physx@@QEAA?AW4HullError@2@AEBVHullDesc@2@AEAVHullResult@2@@Z 000000018000d880 f   hulllib.obj
 0001:0000cde0       ?ReleaseResult@HullLibrary@physx@@QEAA?AW4HullError@2@AEAVHullResult@2@@Z 000000018000dde0 f   hulllib.obj
 0001:0000ce30       ?CreateTriangleMesh@HullLibrary@physx@@QEAA?AW4HullError@2@AEAVHullResult@2@PEAVConvexHullTriangleInterface@2@@Z 000000018000de30 f   hulllib.obj
 0001:0000d110       ?b2bfix@HullLibrary@physx@@AEAAXPEAVTri@2@0@Z 000000018000e110 f   hulllib.obj
 0001:0000d330       ?removeb2b@HullLibrary@physx@@AEAAXPEAVTri@2@0@Z 000000018000e330 f   hulllib.obj
 0001:0000d3b0       ?checkit@HullLibrary@physx@@AEBAXPEAVTri@2@@Z 000000018000e3b0 f   hulllib.obj
 0001:0000d3c0       ?extrude@HullLibrary@physx@@AEAAXPEAVTri@2@H@Z 000000018000e3c0 f   hulllib.obj
 0001:0000d730       ?extrudable@HullLibrary@physx@@AEBAPEAVTri@2@M@Z 000000018000e730 f   hulllib.obj
 0001:0000d850       ?calchullgen@HullLibrary@physx@@AEAA?AW4HullError@2@PEAVfloat3@2@HHM@Z 000000018000e850 f   hulllib.obj
 0001:0000e5e0       ?calchull@HullLibrary@physx@@AEAA?AW4HullError@2@PEAVfloat3@2@HAEAPEAHAEAHAEAPEAV42@2HM@Z 000000018000f5e0 f   hulllib.obj
 0001:0000e9a0       ?expandhull@HullLibrary@physx@@AEAA?AW4HullError@2@PEAVfloat3@2@HAEAPEAV42@AEAHM@Z 000000018000f9a0 f   hulllib.obj
 0001:0000f2f0       ?calchullpbev@HullLibrary@physx@@AEAA?AW4HullError@2@PEAVfloat3@2@HHAEAV?$Array@VPlane@physx@@@hullLibArray@2@M@Z 00000001800102f0 f   hulllib.obj
 0001:0000fe20       ?ComputeHull@HullLibrary@physx@@AEAA?AW4HullError@2@IPEBMAEAVPHullResult@2@IMM@Z 0000000180010e20 f   hulllib.obj
 0001:00010160       ?overhullv@HullLibrary@physx@@AEAA?AW4HullError@2@PEAVfloat3@2@HHAEAPEAV42@AEAHAEAPEAH2MMHM@Z 0000000180011160 f   hulllib.obj
 0001:000104a0       ??0ConvexH@physx@@QEAA@HHH@Z 00000001800114a0 f   hulllib.obj
 0001:00010540       ?neib@Tri@physx@@QEAAAEAHHH@Z 0000000180011540 f   hulllib.obj
 0001:000105f0       ??$Max@M@physx@@YAMAEBM0@Z 00000001800115f0 f i hulllib.obj
 0001:00010600       ??$Min@H@physx@@YAHAEBH0@Z 0000000180011600 f i hulllib.obj
 0001:00010610       ??$Min@M@physx@@YAMAEBM0@Z 0000000180011610 f i hulllib.obj
 0001:00010620       ??$Swap@H@physx@@YAXAEAH0@Z 0000000180011620 f i hulllib.obj
 0001:00010630       ??$__vcrt_va_start_verify_argument_type@QEBD@@YAXXZ 0000000180011630 f i hulllib.obj
 0001:00010640       ??$maxdir@Vfloat3@physx@@@physx@@YAHPEBVfloat3@0@HAEBV10@@Z 0000000180011640 f i hulllib.obj
 0001:000108f0       ??$maxdirfiltered@Vfloat3@physx@@@physx@@YAHPEBVfloat3@0@HAEBV10@PEA_N@Z 00000001800118f0 f i hulllib.obj
 0001:00010c10       ??$maxdirsterid@Vfloat3@physx@@@physx@@YAHPEBVfloat3@0@HAEBV10@AEAV?$Array@H@hullLibArray@0@@Z 0000000180011c10 f i hulllib.obj
 0001:00010fe0       ??0?$Array@H@hullLibArray@physx@@QEAA@H@Z 0000000180011fe0 f i hulllib.obj
 0001:00011010       ??0?$Array@PEAVTri@physx@@@hullLibArray@physx@@QEAA@H@Z 0000000180012010 f i hulllib.obj
 0001:00011040       ??0?$Array@UExpandPlane@physx@@@hullLibArray@physx@@QEAA@H@Z 0000000180012040 f i hulllib.obj
 0001:00011070       ??0?$Array@VHalfEdge@ConvexH@physx@@@hullLibArray@physx@@QEAA@H@Z 0000000180012070 f i hulllib.obj
 0001:000110a0       ??0?$Array@VPlane@physx@@@hullLibArray@physx@@QEAA@H@Z 00000001800120a0 f i hulllib.obj
 0001:000110d0       ??0?$Array@Vfloat3@physx@@@hullLibArray@physx@@QEAA@H@Z 00000001800120d0 f i hulllib.obj
 0001:00011100       ??0?$Array@Vint3@physx@@@hullLibArray@physx@@QEAA@H@Z 0000000180012100 f i hulllib.obj
 0001:00011130       ??0HalfEdge@ConvexH@physx@@QEAA@XZ 0000000180012130 f i hulllib.obj
 0001:00011140       ??0Plane@physx@@QEAA@XZ    0000000180012140 f i hulllib.obj
 0001:00011150       ??0Tri@physx@@QEAA@HHHPEAV?$Array@PEAVTri@physx@@@hullLibArray@1@@Z 0000000180012150 f i hulllib.obj
 0001:000111d0       ??0float3@physx@@QEAA@XZ   00000001800121d0 f i hulllib.obj
 0001:000111e0       ??1?$Array@H@hullLibArray@physx@@QEAA@XZ 00000001800121e0 f i hulllib.obj
 0001:00011220       ??1?$Array@PEAVTri@physx@@@hullLibArray@physx@@QEAA@XZ 0000000180012220 f i hulllib.obj
 0001:00011260       ??1?$Array@UExpandPlane@physx@@@hullLibArray@physx@@QEAA@XZ 0000000180012260 f i hulllib.obj
 0001:000112a0       ??1?$Array@VHalfEdge@ConvexH@physx@@@hullLibArray@physx@@QEAA@XZ 00000001800122a0 f i hulllib.obj
 0001:000112e0       ??1?$Array@VPlane@physx@@@hullLibArray@physx@@QEAA@XZ 00000001800122e0 f i hulllib.obj
 0001:00011320       ??1?$Array@Vfloat3@physx@@@hullLibArray@physx@@QEAA@XZ 0000000180012320 f i hulllib.obj
 0001:00011360       ??1?$Array@Vint3@physx@@@hullLibArray@physx@@QEAA@XZ 0000000180012360 f i hulllib.obj
 0001:000113a0       ?Add@?$Array@H@hullLibArray@physx@@QEAAAEAHH@Z 00000001800123a0 f i hulllib.obj
 0001:000113f0       ?Add@?$Array@PEAVTri@physx@@@hullLibArray@physx@@QEAAAEAPEAVTri@3@PEAV43@@Z 00000001800123f0 f i hulllib.obj
 0001:00011450       ?Add@?$Array@UExpandPlane@physx@@@hullLibArray@physx@@QEAAAEAUExpandPlane@3@U43@@Z 0000000180012450 f i hulllib.obj
 0001:000114c0       ?Add@?$Array@VPlane@physx@@@hullLibArray@physx@@QEAAAEAVPlane@3@V43@@Z 00000001800124c0 f i hulllib.obj
 0001:00011520       ?Add@?$Array@Vfloat3@physx@@@hullLibArray@physx@@QEAAAEAVfloat3@3@V43@@Z 0000000180012520 f i hulllib.obj
 0001:00011590       ?Add@?$Array@Vint3@physx@@@hullLibArray@physx@@QEAAAEAVint3@3@V43@@Z 0000000180012590 f i hulllib.obj
 0001:00014130       ?SetSize@?$Array@PEAVTri@physx@@@hullLibArray@physx@@QEAAXH@Z 0000000180015130 f i hulllib.obj
 0001:00014190       ?SetSize@?$Array@Vint3@physx@@@hullLibArray@physx@@QEAAXH@Z 0000000180015190 f i hulllib.obj
 0001:00014470       ?allocate@?$Array@H@hullLibArray@physx@@QEAAXH@Z 0000000180015470 f i hulllib.obj
 0001:000144f0       ?allocate@?$Array@PEAVTri@physx@@@hullLibArray@physx@@QEAAXH@Z 00000001800154f0 f i hulllib.obj
 0001:00014570       ?allocate@?$Array@UExpandPlane@physx@@@hullLibArray@physx@@QEAAXH@Z 0000000180015570 f i hulllib.obj
 0001:00014610       ?allocate@?$Array@VHalfEdge@ConvexH@physx@@@hullLibArray@physx@@QEAAXH@Z 0000000180015610 f i hulllib.obj
 0001:00014690       ?allocate@?$Array@VPlane@physx@@@hullLibArray@physx@@QEAAXH@Z 0000000180015690 f i hulllib.obj
 0001:00014710       ?allocate@?$Array@Vfloat3@physx@@@hullLibArray@physx@@QEAAXH@Z 0000000180015710 f i hulllib.obj
 0001:000147b0       ?allocate@?$Array@Vint3@physx@@@hullLibArray@physx@@QEAAXH@Z 00000001800157b0 f i hulllib.obj
 0001:00015bc0       __local_stdio_printf_options 0000000180016bc0 f i hulllib.obj
 0001:00015bd0       printf                     0000000180016bd0 f i hulllib.obj
 0001:00015c30       ?computeVolumeIntegrals@physx@@YA_NAEBVPxSimpleTriangleMesh@1@MAEAUPxIntegrals@1@@Z 0000000180016c30 f   VolumeIntegration.obj
 0001:00015ca0       ?computeVolumeIntegralsEberly@physx@@YA_NAEBVPxSimpleTriangleMesh@1@MAEAUPxIntegrals@1@AEBVPxVec3@1@@Z 0000000180016ca0 f   VolumeIntegration.obj
 0001:00017900       ?ComputeNbBoundaryEdges@AdjTriangle@physx@@QEBAIXZ 0000000180018900 f   Adjacencies.obj
 0001:00017950       ?ComputeNbNeighbors@AdjTriangle@physx@@QEBAIXZ 0000000180018950 f   Adjacencies.obj
 0001:000179a0       ?HasNeighbor@AdjTriangle@physx@@QEBA_NIPEAI@Z 00000001800189a0 f   Adjacencies.obj
 0001:00017a10       ?Flip@AdjTriangle@physx@@QEAAXXZ 0000000180018a10 f   Adjacencies.obj
 0001:00017a30       ??0Adjacencies@physx@@QEAA@XZ 0000000180018a30 f   Adjacencies.obj
 0001:00017a50       ??1Adjacencies@physx@@QEAA@XZ 0000000180018a50 f   Adjacencies.obj
 0001:00017aa0       ?Load@Adjacencies@physx@@QEAA_NAEAVPxInputStream@2@@Z 0000000180018aa0 f   Adjacencies.obj
 0001:00017bd0       ?Walk@Adjacencies@physx@@QEAA_NP6AXAEBUCommonWalkParams@2@IIII@ZPEAX@Z 0000000180018bd0 f   Adjacencies.obj
 0001:00017cd0       ?Walk2@Adjacencies@physx@@QEAA_NP6AXAEBUCommonWalkParams@2@IIII@ZPEAXPEBVPxVec3@2@PEBU?$TriangleT@I@Gu@2@@Z 0000000180018cd0 f   Adjacencies.obj
 0001:00017eb0       ?ComputeNbBoundaryEdges@Adjacencies@physx@@QEBAIXZ 0000000180018eb0 f   Adjacencies.obj
 0001:00017f30       ?GetBoundaryVertices@Adjacencies@physx@@QEBA_NIPEA_NPEBU?$TriangleT@I@Gu@2@@Z 0000000180018f30 f   Adjacencies.obj
 0001:00018090       ?MakeLastRef@Adjacencies@physx@@QEAA_NAEAVAdjTriangle@2@IPEAU?$TriangleT@I@Gu@2@@Z 0000000180019090 f   Adjacencies.obj
 0001:000182c0       ?AssignNewEdgeCode@Adjacencies@physx@@AEAAXIE@Z 00000001800192c0 f   Adjacencies.obj
 0001:00018310       ??0AdjacenciesBuilder@physx@@QEAA@XZ 0000000180019310 f   Adjacencies.obj
 0001:00018330       ??1AdjacenciesBuilder@physx@@QEAA@XZ 0000000180019330 f   Adjacencies.obj
 0001:00018380       ?Init@AdjacenciesBuilder@physx@@QEAA_NAEBUADJACENCIESCREATE@2@@Z 0000000180019380 f   Adjacencies.obj
 0001:00018710       ??0AdjEdge@@QEAA@XZ        0000000180019710 f i Adjacencies.obj
 0001:00018720       ??0AdjTriangle@physx@@QEAA@XZ 0000000180019720 f i Adjacencies.obj
 0001:00018730       ??1AdjEdge@@QEAA@XZ        0000000180019730 f i Adjacencies.obj
 0001:00018740       ??1AdjTriangle@physx@@QEAA@XZ 0000000180019740 f i Adjacencies.obj
 0001:00018750       ??_EAdjEdge@@QEAAPEAXI@Z   0000000180019750 f i Adjacencies.obj
 0001:000187d0       ??_EAdjTriangle@physx@@QEAAPEAXI@Z 00000001800197d0 f i Adjacencies.obj
 0001:00018850       ??_I@YAXPEAX_K1P6AX0@Z@Z   0000000180019850 f i Adjacencies.obj
 0001:000193b0       PxCreateCooking            000000018001a3b0 f   Cooking.obj
 0001:000194a0       ?release@Cooking@physx@@UEAAXXZ 000000018001a4a0 f   Cooking.obj
 0001:000194d0       ?setParams@Cooking@physx@@UEAAXAEBUPxCookingParams@2@@Z 000000018001a4d0 f   Cooking.obj
 0001:00019520       ?getParams@Cooking@physx@@UEAAAEBUPxCookingParams@2@XZ 000000018001a520 f   Cooking.obj
 0001:00019530       ?platformMismatch@Cooking@physx@@UEAA_NXZ 000000018001a530 f   Cooking.obj
 0001:00019560       ?cookTriangleMesh@Cooking@physx@@UEAA_NAEBVPxTriangleMeshDesc@2@AEAVPxOutputStream@2@@Z 000000018001a560 f   Cooking.obj
 0001:000196a0       ?createTriangleMesh@Cooking@physx@@UEAAPEAVPxTriangleMesh@2@AEBVPxTriangleMeshDesc@2@AEAVPxPhysicsInsertionCallback@2@@Z 000000018001a6a0 f   Cooking.obj
 0001:000197c0       ?validateTriangleMesh@Cooking@physx@@UEAA_NAEBVPxTriangleMeshDesc@2@@Z 000000018001a7c0 f   Cooking.obj
 0001:00019880       ?cookConvexMesh@Cooking@physx@@UEAA_NAEBVPxConvexMeshDesc@2@AEAVPxOutputStream@2@PEAW4Enum@PxConvexMeshCookingResult@2@@Z 000000018001a880 f   Cooking.obj
 0001:00019be0       ?computeHullPolygons@Cooking@physx@@UEAA_NAEBVPxSimpleTriangleMesh@2@AEAVPxAllocatorCallback@2@AEAIAEAPEAVPxVec3@2@2AEAPEAI2AEAPEAUPxHullPolygon@2@@Z 000000018001abe0 f   Cooking.obj
 0001:00019dc0       ?cookHeightField@Cooking@physx@@UEAA_NAEBVPxHeightFieldDesc@2@AEAVPxOutputStream@2@@Z 000000018001adc0 f   Cooking.obj
 0001:00019f50       ?createHeightField@Cooking@physx@@UEAAPEAVPxHeightField@2@AEBVPxHeightFieldDesc@2@AEAVPxPhysicsInsertionCallback@2@@Z 000000018001af50 f   Cooking.obj
 0001:0001a0b0       ?loadTriangleMeshDesc@Cooking@physx@@AEAA_NAEBVPxTriangleMeshDesc@2@AEAVTriangleMeshBuilder@2@@Z 000000018001b0b0 f   Cooking.obj
 0001:0001a190       ??1PxCooking@physx@@MEAA@XZ 000000018001b190 f i Cooking.obj
 0001:0001a19c       ??_ETriangleMeshBuilder@physx@@WBA@EAAPEAXI@Z 000000018001b19c f i Cooking.obj
 0001:0001a1b0       ??_ECooking@physx@@UEAAPEAXI@Z 000000018001b1b0 f i Cooking.obj
 0001:0001a1b0       ??_GCooking@physx@@UEAAPEAXI@Z 000000018001b1b0 f i Cooking.obj
 0001:0001a200       ??_GPxCooking@physx@@MEAAPEAXI@Z 000000018001b200 f i Cooking.obj
 0001:0001a200       ??_EPxCooking@physx@@MEAAPEAXI@Z 000000018001b200 f i Cooking.obj
 0001:0001a230       ??_GTriangleMeshBuilder@physx@@UEAAPEAXI@Z 000000018001b230 f i Cooking.obj
 0001:0001a230       ??_ETriangleMeshBuilder@physx@@UEAAPEAXI@Z 000000018001b230 f i Cooking.obj
 0001:0001a290       ?requires@TriangleMesh@Gu@physx@@UEAAXAEAVPxProcessPxBaseCallback@3@@Z 000000018001b290 f i Cooking.obj
 0001:0001a2a0       ??0ReducedVertexCloud@physx@@QEAA@PEBVPxVec3@1@I@Z 000000018001b2a0 f   CookingUtils.obj
 0001:0001a2c0       ??1ReducedVertexCloud@physx@@QEAA@XZ 000000018001b2c0 f   CookingUtils.obj
 0001:0001a310       ?Clean@ReducedVertexCloud@physx@@QEAAAEAV12@XZ 000000018001b310 f   CookingUtils.obj
 0001:0001a360       ?Reduce@ReducedVertexCloud@physx@@QEAA_NPEAUREDUCEDCLOUD@2@@Z 000000018001b360 f   CookingUtils.obj
 0001:0001a6b0       ??0EdgeList@Gu@physx@@QEAA@XZ 000000018001b6b0 f   EdgeList.obj
 0001:0001a6d0       ??1EdgeList@Gu@physx@@QEAA@XZ 000000018001b6d0 f   EdgeList.obj
 0001:0001a740       ?Load@EdgeList@Gu@physx@@QEAA_NAEAVPxInputStream@3@@Z 000000018001b740 f   EdgeList.obj
 0001:0001a8c0       ??0EdgeListBuilder@Gu@physx@@QEAA@XZ 000000018001b8c0 f   EdgeList.obj
 0001:0001a8e0       ??1EdgeListBuilder@Gu@physx@@QEAA@XZ 000000018001b8e0 f   EdgeList.obj
 0001:0001a8f0       ?Init@EdgeListBuilder@Gu@physx@@QEAA_NAEBUEDGELISTCREATE@23@@Z 000000018001b8f0 f   EdgeList.obj
 0001:0001aa00       ?CreateFacesToEdges@EdgeListBuilder@Gu@physx@@AEAA_NIPEBIPEBG@Z 000000018001ba00 f   EdgeList.obj
 0001:0001aee0       ?CreateEdgesToFaces@EdgeListBuilder@Gu@physx@@AEAA_NIPEBIPEBG@Z 000000018001bee0 f   EdgeList.obj
 0001:0001b0f0       ?ComputeActiveEdges@EdgeListBuilder@Gu@physx@@AEAA_NIPEBIPEBGPEBVPxVec3@3@M@Z 000000018001c0f0 f   EdgeList.obj
 0001:0001c640       ?OppositeVertex@@YAIIIIII@Z 000000018001d640 f i EdgeList.obj
 0001:0001c690       ??0InternalTriangleMeshBuilder@physx@@QEAA@PEAVInternalTriangleMesh@1@AEBUPxCookingParams@1@@Z 000000018001d690 f   InternalTriangleMeshBuilder.obj
 0001:0001c6b0       ??1InternalTriangleMeshBuilder@physx@@QEAA@XZ 000000018001d6b0 f   InternalTriangleMeshBuilder.obj
 0001:0001c710       ?cleanMesh@InternalTriangleMeshBuilder@physx@@QEAA_N_N@Z 000000018001d710 f   InternalTriangleMeshBuilder.obj
 0001:0001cc10       ?fillRemapTable@InternalTriangleMeshBuilder@physx@@QEAAXXZ 000000018001dc10 f   InternalTriangleMeshBuilder.obj
 0001:0001cd10       ?remapTopology@InternalTriangleMeshBuilder@physx@@QEAAXPEBI@Z 000000018001dd10 f   InternalTriangleMeshBuilder.obj
 0001:0001cfa0       ?createRTree@InternalTriangleMeshBuilder@physx@@QEAA_NXZ 000000018001dfa0 f   InternalTriangleMeshBuilder.obj
 0001:0001d090       ?createSharedEdgeData@InternalTriangleMeshBuilder@physx@@QEAAX_N0@Z 000000018001e090 f   InternalTriangleMeshBuilder.obj
 0001:0001d4c0       ?releaseEdgeList@InternalTriangleMeshBuilder@physx@@AEAAXXZ 000000018001e4c0 f   InternalTriangleMeshBuilder.obj
 0001:0001d520       ?createEdgeList@InternalTriangleMeshBuilder@physx@@AEAAXXZ 000000018001e520 f   InternalTriangleMeshBuilder.obj
 0001:0001d650       ??1RemapCallback@RTreeCooker@physx@@UEAA@XZ 000000018001e650 f i InternalTriangleMeshBuilder.obj
 0001:0001d660       ??_GRTreeCookerRemap@@UEAAPEAXI@Z 000000018001e660 f i InternalTriangleMeshBuilder.obj
 0001:0001d660       ??_ERTreeCookerRemap@@UEAAPEAXI@Z 000000018001e660 f i InternalTriangleMeshBuilder.obj
 0001:0001d690       ??_ERemapCallback@RTreeCooker@physx@@UEAAPEAXI@Z 000000018001e690 f i InternalTriangleMeshBuilder.obj
 0001:0001d690       ??_GRemapCallback@RTreeCooker@physx@@UEAAPEAXI@Z 000000018001e690 f i InternalTriangleMeshBuilder.obj
 0001:0001d6c0       ?remap@RTreeCookerRemap@@UEAAXPEAIII@Z 000000018001e6c0 f i InternalTriangleMeshBuilder.obj
 0001:0001d6e0       ??0MeshCleaner@physx@@QEAA@IPEBVPxVec3@1@IPEBIM@Z 000000018001e6e0 f   MeshCleaner.obj
 0001:0001e000       ??1MeshCleaner@physx@@QEAA@XZ 000000018001f000 f   MeshCleaner.obj
 0001:0001e054       GetModuleFileNameA         000000018001f054 f   kernel32:KERNEL32.dll
 0001:0001e05a       LoadLibraryA               000000018001f05a f   kernel32:KERNEL32.dll
 0001:0001e060       __imp_load_?writeWord@physx@@YAXG_NAEAVPxOutputStream@1@@Z 000000018001f060 f   PhysX3Common_x64:PhysX3Common_x64.dll
 0001:0001e06c       __tailMerge_PhysX3Common_x64_dll 000000018001f06c f i PhysX3Common_x64:PhysX3Common_x64.dll
 0001:0001e0e5       ?writeWord@physx@@YAXG_NAEAVPxOutputStream@1@@Z 000000018001f0e5 f   PhysX3Common_x64:PhysX3Common_x64.dll
 0001:0001e0eb       __imp_load_?writeDword@physx@@YAXI_NAEAVPxOutputStream@1@@Z 000000018001f0eb f   PhysX3Common_x64:PhysX3Common_x64.dll
 0001:0001e0f7       ?writeDword@physx@@YAXI_NAEAVPxOutputStream@1@@Z 000000018001f0f7 f   PhysX3Common_x64:PhysX3Common_x64.dll
 0001:0001e0fd       __imp_load_?writeFloat@physx@@YAXM_NAEAVPxOutputStream@1@@Z 000000018001f0fd f   PhysX3Common_x64:PhysX3Common_x64.dll
 0001:0001e109       ?writeFloat@physx@@YAXM_NAEAVPxOutputStream@1@@Z 000000018001f109 f   PhysX3Common_x64:PhysX3Common_x64.dll
 0001:0001e10f       __imp_load_?writeHeader@physx@@YA_NCCCCI_NAEAVPxOutputStream@1@@Z 000000018001f10f f   PhysX3Common_x64:PhysX3Common_x64.dll
 0001:0001e11b       ?writeHeader@physx@@YA_NCCCCI_NAEAVPxOutputStream@1@@Z 000000018001f11b f   PhysX3Common_x64:PhysX3Common_x64.dll
 0001:0001e121       __imp_load_PxGetFoundation 000000018001f121 f   PhysX3Common_x64:PhysX3Common_x64.dll
 0001:0001e12d       PxGetFoundation            000000018001f12d f   PhysX3Common_x64:PhysX3Common_x64.dll
 0001:0001e133       __imp_load_?getAllocator@shdfnd@physx@@YAAEAVPxAllocatorCallback@2@XZ 000000018001f133 f   PhysX3Common_x64:PhysX3Common_x64.dll
 0001:0001e13f       ?getAllocator@shdfnd@physx@@YAAEAVPxAllocatorCallback@2@XZ 000000018001f13f f   PhysX3Common_x64:PhysX3Common_x64.dll
 0001:0001e145       __imp_load_?allocate@Allocator@shdfnd@physx@@QEAAPEAX_KPEBDH@Z 000000018001f145 f   PhysX3Common_x64:PhysX3Common_x64.dll
 0001:0001e151       ?allocate@Allocator@shdfnd@physx@@QEAAPEAX_KPEBDH@Z 000000018001f151 f   PhysX3Common_x64:PhysX3Common_x64.dll
 0001:0001e157       __imp_load_?allocate@TempAllocator@shdfnd@physx@@QEAAPEAX_KPEBDH@Z 000000018001f157 f   PhysX3Common_x64:PhysX3Common_x64.dll
 0001:0001e163       ?allocate@TempAllocator@shdfnd@physx@@QEAAPEAX_KPEBDH@Z 000000018001f163 f   PhysX3Common_x64:PhysX3Common_x64.dll
 0001:0001e169       __imp_load_?deallocate@TempAllocator@shdfnd@physx@@QEAAXPEAX@Z 000000018001f169 f   PhysX3Common_x64:PhysX3Common_x64.dll
 0001:0001e175       ?deallocate@TempAllocator@shdfnd@physx@@QEAAXPEAX@Z 000000018001f175 f   PhysX3Common_x64:PhysX3Common_x64.dll
 0001:0001e17b       __imp_load_?computeBoundsAroundVertices@Gu@physx@@YAXAEAVPxBounds3@2@IPEIBVPxVec3@2@@Z 000000018001f17b f   PhysX3Common_x64:PhysX3Common_x64.dll
 0001:0001e187       ?computeBoundsAroundVertices@Gu@physx@@YAXAEAVPxBounds3@2@IPEIBVPxVec3@2@@Z 000000018001f187 f   PhysX3Common_x64:PhysX3Common_x64.dll
 0001:0001e18d       __imp_load_?deallocate@Allocator@shdfnd@physx@@QEAAXPEAX@Z 000000018001f18d f   PhysX3Common_x64:PhysX3Common_x64.dll
 0001:0001e199       ?deallocate@Allocator@shdfnd@physx@@QEAAXPEAX@Z 000000018001f199 f   PhysX3Common_x64:PhysX3Common_x64.dll
 0001:0001e19f       __imp_load_?getInstance@Foundation@shdfnd@physx@@SAAEAV123@XZ 000000018001f19f f   PhysX3Common_x64:PhysX3Common_x64.dll
 0001:0001e1ab       ?getInstance@Foundation@shdfnd@physx@@SAAEAV123@XZ 000000018001f1ab f   PhysX3Common_x64:PhysX3Common_x64.dll
 0001:0001e1b1       __imp_load_?error@Foundation@shdfnd@physx@@QEAAXW4Enum@PxErrorCode@3@PEBDH1ZZ 000000018001f1b1 f   PhysX3Common_x64:PhysX3Common_x64.dll
 0001:0001e1bd       ?error@Foundation@shdfnd@physx@@QEAAXW4Enum@PxErrorCode@3@PEBDH1ZZ 000000018001f1bd f   PhysX3Common_x64:PhysX3Common_x64.dll
 0001:0001e1c3       __imp_load_?save@RTree@Gu@physx@@QEBA_NAEAVPxOutputStream@3@@Z 000000018001f1c3 f   PhysX3Common_x64:PhysX3Common_x64.dll
 0001:0001e1cf       ?save@RTree@Gu@physx@@QEBA_NAEAVPxOutputStream@3@@Z 000000018001f1cf f   PhysX3Common_x64:PhysX3Common_x64.dll
 0001:0001e1d5       __imp_load_?release@InternalTriangleMesh@physx@@QEAAXXZ 000000018001f1d5 f   PhysX3Common_x64:PhysX3Common_x64.dll
 0001:0001e1e1       ?release@InternalTriangleMesh@physx@@QEAAXXZ 000000018001f1e1 f   PhysX3Common_x64:PhysX3Common_x64.dll
 0001:0001e1e7       __imp_load_?allocateVertices@InternalTriangleMesh@physx@@QEAAPEAVPxVec3@2@I@Z 000000018001f1e7 f   PhysX3Common_x64:PhysX3Common_x64.dll
 0001:0001e1f3       ?allocateVertices@InternalTriangleMesh@physx@@QEAAPEAVPxVec3@2@I@Z 000000018001f1f3 f   PhysX3Common_x64:PhysX3Common_x64.dll
 0001:0001e1f9       __imp_load_?allocateTriangles@InternalTriangleMesh@physx@@QEAAPEAXI_N@Z 000000018001f1f9 f   PhysX3Common_x64:PhysX3Common_x64.dll
 0001:0001e205       ?allocateTriangles@InternalTriangleMesh@physx@@QEAAPEAXI_N@Z 000000018001f205 f   PhysX3Common_x64:PhysX3Common_x64.dll
 0001:0001e20b       __imp_load_?allocateMaterials@InternalTriangleMesh@physx@@QEAAPEAGXZ 000000018001f20b f   PhysX3Common_x64:PhysX3Common_x64.dll
 0001:0001e217       ?allocateMaterials@InternalTriangleMesh@physx@@QEAAPEAGXZ 000000018001f217 f   PhysX3Common_x64:PhysX3Common_x64.dll
 0001:0001e21d       __imp_load_?writeWordBuffer@physx@@YAXPEBGI_NAEAVPxOutputStream@1@@Z 000000018001f21d f   PhysX3Common_x64:PhysX3Common_x64.dll
 0001:0001e229       ?writeWordBuffer@physx@@YAXPEBGI_NAEAVPxOutputStream@1@@Z 000000018001f229 f   PhysX3Common_x64:PhysX3Common_x64.dll
 0001:0001e22f       __imp_load_?writeFloatBuffer@physx@@YAXPEBMI_NAEAVPxOutputStream@1@@Z 000000018001f22f f   PhysX3Common_x64:PhysX3Common_x64.dll
 0001:0001e23b       ?writeFloatBuffer@physx@@YAXPEBMI_NAEAVPxOutputStream@1@@Z 000000018001f23b f   PhysX3Common_x64:PhysX3Common_x64.dll
 0001:0001e241       __imp_load_?computeMaxIndex@physx@@YAIPEBII@Z 000000018001f241 f   PhysX3Common_x64:PhysX3Common_x64.dll
 0001:0001e24d       ?computeMaxIndex@physx@@YAIPEBII@Z 000000018001f24d f   PhysX3Common_x64:PhysX3Common_x64.dll
 0001:0001e253       __imp_load_?storeIndices@physx@@YAXIIPEBIAEAVPxOutputStream@1@_N@Z 000000018001f253 f   PhysX3Common_x64:PhysX3Common_x64.dll
 0001:0001e25f       ?storeIndices@physx@@YAXIIPEBIAEAVPxOutputStream@1@_N@Z 000000018001f25f f   PhysX3Common_x64:PhysX3Common_x64.dll
 0001:0001e265       __imp_load_?computeMaxIndex@physx@@YAGPEBGI@Z 000000018001f265 f   PhysX3Common_x64:PhysX3Common_x64.dll
 0001:0001e271       ?computeMaxIndex@physx@@YAGPEBGI@Z 000000018001f271 f   PhysX3Common_x64:PhysX3Common_x64.dll
 0001:0001e277       __imp_load_?WriteHeader@Gu@physx@@YA_NEEEEI_NAEAVPxOutputStream@2@@Z 000000018001f277 f   PhysX3Common_x64:PhysX3Common_x64.dll
 0001:0001e283       ?WriteHeader@Gu@physx@@YA_NEEEEI_NAEAVPxOutputStream@2@@Z 000000018001f283 f   PhysX3Common_x64:PhysX3Common_x64.dll
 0001:0001e289       __imp_load_?StoreIndices@Gu@physx@@YAXGIPEBGAEAVPxOutputStream@2@_N@Z 000000018001f289 f   PhysX3Common_x64:PhysX3Common_x64.dll
 0001:0001e295       ?StoreIndices@Gu@physx@@YAXGIPEBGAEAVPxOutputStream@2@_N@Z 000000018001f295 f   PhysX3Common_x64:PhysX3Common_x64.dll
 0001:0001e29b       __imp_load_?CreateOffsets@BigConvexData@physx@@IEAAXXZ 000000018001f29b f   PhysX3Common_x64:PhysX3Common_x64.dll
 0001:0001e2a7       ?CreateOffsets@BigConvexData@physx@@IEAAXXZ 000000018001f2a7 f   PhysX3Common_x64:PhysX3Common_x64.dll
 0001:0001e2ad       __imp_load_??0RadixSortBuffered@Gu@physx@@QEAA@XZ 000000018001f2ad f   PhysX3Common_x64:PhysX3Common_x64.dll
 0001:0001e2b9       ??0RadixSortBuffered@Gu@physx@@QEAA@XZ 000000018001f2b9 f   PhysX3Common_x64:PhysX3Common_x64.dll
 0001:0001e2bf       __imp_load_??1RadixSortBuffered@Gu@physx@@UEAA@XZ 000000018001f2bf f   PhysX3Common_x64:PhysX3Common_x64.dll
 0001:0001e2cb       ??1RadixSortBuffered@Gu@physx@@UEAA@XZ 000000018001f2cb f   PhysX3Common_x64:PhysX3Common_x64.dll
 0001:0001e2d1       __imp_load_?Sort@RadixSortBuffered@Gu@physx@@QEAAAEAV123@PEBIIW4RadixHint@23@@Z 000000018001f2d1 f   PhysX3Common_x64:PhysX3Common_x64.dll
 0001:0001e2dd       ?Sort@RadixSortBuffered@Gu@physx@@QEAAAEAV123@PEBIIW4RadixHint@23@@Z 000000018001f2dd f   PhysX3Common_x64:PhysX3Common_x64.dll
 0001:0001e2e3       __imp_load_??0Container@Gu@physx@@QEAA@XZ 000000018001f2e3 f   PhysX3Common_x64:PhysX3Common_x64.dll
 0001:0001e2ef       ??0Container@Gu@physx@@QEAA@XZ 000000018001f2ef f   PhysX3Common_x64:PhysX3Common_x64.dll
 0001:0001e2f5       __imp_load_??0Container@Gu@physx@@QEAA@AEBV012@@Z 000000018001f2f5 f   PhysX3Common_x64:PhysX3Common_x64.dll
 0001:0001e301       ??0Container@Gu@physx@@QEAA@AEBV012@@Z 000000018001f301 f   PhysX3Common_x64:PhysX3Common_x64.dll
 0001:0001e307       __imp_load_??1Container@Gu@physx@@QEAA@XZ 000000018001f307 f   PhysX3Common_x64:PhysX3Common_x64.dll
 0001:0001e313       ??1Container@Gu@physx@@QEAA@XZ 000000018001f313 f   PhysX3Common_x64:PhysX3Common_x64.dll
 0001:0001e319       __imp_load_?Empty@Container@Gu@physx@@QEAAAEAV123@XZ 000000018001f319 f   PhysX3Common_x64:PhysX3Common_x64.dll
 0001:0001e325       ?Empty@Container@Gu@physx@@QEAAAEAV123@XZ 000000018001f325 f   PhysX3Common_x64:PhysX3Common_x64.dll
 0001:0001e32b       __imp_load_?Contains@Container@Gu@physx@@QEBA_NIPEAI@Z 000000018001f32b f   PhysX3Common_x64:PhysX3Common_x64.dll
 0001:0001e337       ?Contains@Container@Gu@physx@@QEBA_NIPEAI@Z 000000018001f337 f   PhysX3Common_x64:PhysX3Common_x64.dll
 0001:0001e33d       __imp_load_??4Container@Gu@physx@@QEAAXAEBV012@@Z 000000018001f33d f   PhysX3Common_x64:PhysX3Common_x64.dll
 0001:0001e349       ??4Container@Gu@physx@@QEAAXAEBV012@@Z 000000018001f349 f   PhysX3Common_x64:PhysX3Common_x64.dll
 0001:0001e34f       __imp_load_?Resize@Container@Gu@physx@@AEAA_NI@Z 000000018001f34f f   PhysX3Common_x64:PhysX3Common_x64.dll
 0001:0001e35b       ?Resize@Container@Gu@physx@@AEAA_NI@Z 000000018001f35b f   PhysX3Common_x64:PhysX3Common_x64.dll
 0001:0001e361       __imp_load_??0ConvexMesh@Gu@physx@@QEAA@XZ 000000018001f361 f   PhysX3Common_x64:PhysX3Common_x64.dll
 0001:0001e36d       ??0ConvexMesh@Gu@physx@@QEAA@XZ 000000018001f36d f   PhysX3Common_x64:PhysX3Common_x64.dll
 0001:0001e373       __imp_load_??1ConvexMesh@Gu@physx@@UEAA@XZ 000000018001f373 f   PhysX3Common_x64:PhysX3Common_x64.dll
 0001:0001e37f       ??1ConvexMesh@Gu@physx@@UEAA@XZ 000000018001f37f f   PhysX3Common_x64:PhysX3Common_x64.dll
 0001:0001e385       __imp_load_??0BigConvexData@physx@@QEAA@XZ 000000018001f385 f   PhysX3Common_x64:PhysX3Common_x64.dll
 0001:0001e391       ??0BigConvexData@physx@@QEAA@XZ 000000018001f391 f   PhysX3Common_x64:PhysX3Common_x64.dll
 0001:0001e397       __imp_load_??1BigConvexData@physx@@QEAA@XZ 000000018001f397 f   PhysX3Common_x64:PhysX3Common_x64.dll
 0001:0001e3a3       ??1BigConvexData@physx@@QEAA@XZ 000000018001f3a3 f   PhysX3Common_x64:PhysX3Common_x64.dll
 0001:0001e3a9       __imp_load_?exportExtraData@ConvexMesh@Gu@physx@@UEAAXAEAVPxSerializationContext@3@@Z 000000018001f3a9 f   PhysX3Common_x64:PhysX3Common_x64.dll
 0001:0001e3b5       ?exportExtraData@ConvexMesh@Gu@physx@@UEAAXAEAVPxSerializationContext@3@@Z 000000018001f3b5 f   PhysX3Common_x64:PhysX3Common_x64.dll
 0001:0001e3bb       __imp_load_?getConcreteTypeName@PxConvexMesh@physx@@UEBAPEBDXZ 000000018001f3bb f   PhysX3Common_x64:PhysX3Common_x64.dll
 0001:0001e3c7       ?getConcreteTypeName@PxConvexMesh@physx@@UEBAPEBDXZ 000000018001f3c7 f   PhysX3Common_x64:PhysX3Common_x64.dll
 0001:0001e3cd       __imp_load_?getIndexBuffer@ConvexMesh@Gu@physx@@UEBAPEBEXZ 000000018001f3cd f   PhysX3Common_x64:PhysX3Common_x64.dll
 0001:0001e3d9       ?getIndexBuffer@ConvexMesh@Gu@physx@@UEBAPEBEXZ 000000018001f3d9 f   PhysX3Common_x64:PhysX3Common_x64.dll
 0001:0001e3df       __imp_load_?getLocalBounds@ConvexMesh@Gu@physx@@UEBA?AVPxBounds3@3@XZ 000000018001f3df f   PhysX3Common_x64:PhysX3Common_x64.dll
 0001:0001e3eb       ?getLocalBounds@ConvexMesh@Gu@physx@@UEBA?AVPxBounds3@3@XZ 000000018001f3eb f   PhysX3Common_x64:PhysX3Common_x64.dll
 0001:0001e3f1       __imp_load_?getMassInformation@ConvexMesh@Gu@physx@@UEBAXAEAMAEAVPxMat33@3@AEAVPxVec3@3@@Z 000000018001f3f1 f   PhysX3Common_x64:PhysX3Common_x64.dll
 0001:0001e3fd       ?getMassInformation@ConvexMesh@Gu@physx@@UEBAXAEAMAEAVPxMat33@3@AEAVPxVec3@3@@Z 000000018001f3fd f   PhysX3Common_x64:PhysX3Common_x64.dll
 0001:0001e403       __imp_load_?getNbPolygons@ConvexMesh@Gu@physx@@UEBAIXZ 000000018001f403 f   PhysX3Common_x64:PhysX3Common_x64.dll
 0001:0001e40f       ?getNbPolygons@ConvexMesh@Gu@physx@@UEBAIXZ 000000018001f40f f   PhysX3Common_x64:PhysX3Common_x64.dll
 0001:0001e415       __imp_load_?getNbVertices@ConvexMesh@Gu@physx@@UEBAIXZ 000000018001f415 f   PhysX3Common_x64:PhysX3Common_x64.dll
 0001:0001e421       ?getNbVertices@ConvexMesh@Gu@physx@@UEBAIXZ 000000018001f421 f   PhysX3Common_x64:PhysX3Common_x64.dll
 0001:0001e427       __imp_load_?getPolygonData@ConvexMesh@Gu@physx@@UEBA_NIAEAUPxHullPolygon@3@@Z 000000018001f427 f   PhysX3Common_x64:PhysX3Common_x64.dll
 0001:0001e433       ?getPolygonData@ConvexMesh@Gu@physx@@UEBA_NIAEAUPxHullPolygon@3@@Z 000000018001f433 f   PhysX3Common_x64:PhysX3Common_x64.dll
 0001:0001e439       __imp_load_?getReferenceCount@ConvexMesh@Gu@physx@@UEBAIXZ 000000018001f439 f   PhysX3Common_x64:PhysX3Common_x64.dll
 0001:0001e445       ?getReferenceCount@ConvexMesh@Gu@physx@@UEBAIXZ 000000018001f445 f   PhysX3Common_x64:PhysX3Common_x64.dll
 0001:0001e44b       __imp_load_?getVertices@ConvexMesh@Gu@physx@@UEBAPEBVPxVec3@3@XZ 000000018001f44b f   PhysX3Common_x64:PhysX3Common_x64.dll
 0001:0001e457       ?getVertices@ConvexMesh@Gu@physx@@UEBAPEBVPxVec3@3@XZ 000000018001f457 f   PhysX3Common_x64:PhysX3Common_x64.dll
 0001:0001e45d       __imp_load_?isKindOf@PxConvexMesh@physx@@MEBA_NPEBD@Z 000000018001f45d f   PhysX3Common_x64:PhysX3Common_x64.dll
 0001:0001e469       ?isKindOf@PxConvexMesh@physx@@MEBA_NPEBD@Z 000000018001f469 f   PhysX3Common_x64:PhysX3Common_x64.dll
 0001:0001e46f       __imp_load_?onRefCountZero@ConvexMesh@Gu@physx@@UEAAXXZ 000000018001f46f f   PhysX3Common_x64:PhysX3Common_x64.dll
 0001:0001e47b       ?onRefCountZero@ConvexMesh@Gu@physx@@UEAAXXZ 000000018001f47b f   PhysX3Common_x64:PhysX3Common_x64.dll
 0001:0001e481       __imp_load_?release@ConvexMesh@Gu@physx@@UEAAXXZ 000000018001f481 f   PhysX3Common_x64:PhysX3Common_x64.dll
 0001:0001e48d       ?release@ConvexMesh@Gu@physx@@UEAAXXZ 000000018001f48d f   PhysX3Common_x64:PhysX3Common_x64.dll
 0001:0001e493       __imp_load_?readDword@physx@@YAI_NAEAVPxInputStream@1@@Z 000000018001f493 f   PhysX3Common_x64:PhysX3Common_x64.dll
 0001:0001e49f       ?readDword@physx@@YAI_NAEAVPxInputStream@1@@Z 000000018001f49f f   PhysX3Common_x64:PhysX3Common_x64.dll
 0001:0001e4a5       __imp_load_?ReadHeader@Gu@physx@@YA_NEEEEAEAIAEA_NAEAVPxInputStream@2@@Z 000000018001f4a5 f   PhysX3Common_x64:PhysX3Common_x64.dll
 0001:0001e4b1       ?ReadHeader@Gu@physx@@YA_NEEEEAEAIAEA_NAEAVPxInputStream@2@@Z 000000018001f4b1 f   PhysX3Common_x64:PhysX3Common_x64.dll
 0001:0001e4b7       __imp_load_??0FPUGuard@shdfnd@physx@@QEAA@XZ 000000018001f4b7 f   PhysX3Common_x64:PhysX3Common_x64.dll
 0001:0001e4c3       ??0FPUGuard@shdfnd@physx@@QEAA@XZ 000000018001f4c3 f   PhysX3Common_x64:PhysX3Common_x64.dll
 0001:0001e4c9       __imp_load_??1FPUGuard@shdfnd@physx@@QEAA@XZ 000000018001f4c9 f   PhysX3Common_x64:PhysX3Common_x64.dll
 0001:0001e4d5       ??1FPUGuard@shdfnd@physx@@QEAA@XZ 000000018001f4d5 f   PhysX3Common_x64:PhysX3Common_x64.dll
 0001:0001e4db       __imp_load_?incRefCount@Foundation@shdfnd@physx@@SAXXZ 000000018001f4db f   PhysX3Common_x64:PhysX3Common_x64.dll
 0001:0001e4e7       ?incRefCount@Foundation@shdfnd@physx@@SAXXZ 000000018001f4e7 f   PhysX3Common_x64:PhysX3Common_x64.dll
 0001:0001e4ed       __imp_load_?decRefCount@Foundation@shdfnd@physx@@SAXXZ 000000018001f4ed f   PhysX3Common_x64:PhysX3Common_x64.dll
 0001:0001e4f9       ?decRefCount@Foundation@shdfnd@physx@@SAXXZ 000000018001f4f9 f   PhysX3Common_x64:PhysX3Common_x64.dll
 0001:0001e4ff       __imp_load_??0TriangleMesh@Gu@physx@@QEAA@XZ 000000018001f4ff f   PhysX3Common_x64:PhysX3Common_x64.dll
 0001:0001e50b       ??0TriangleMesh@Gu@physx@@QEAA@XZ 000000018001f50b f   PhysX3Common_x64:PhysX3Common_x64.dll
 0001:0001e511       __imp_load_?checkMeshIndicesSize@TriangleMesh@Gu@physx@@QEAAXXZ 000000018001f511 f   PhysX3Common_x64:PhysX3Common_x64.dll
 0001:0001e51d       ?checkMeshIndicesSize@TriangleMesh@Gu@physx@@QEAAXXZ 000000018001f51d f   PhysX3Common_x64:PhysX3Common_x64.dll
 0001:0001e523       __imp_load_??1TriangleMesh@Gu@physx@@UEAA@XZ 000000018001f523 f   PhysX3Common_x64:PhysX3Common_x64.dll
 0001:0001e52f       ??1TriangleMesh@Gu@physx@@UEAA@XZ 000000018001f52f f   PhysX3Common_x64:PhysX3Common_x64.dll
 0001:0001e535       __imp_load_??0HeightField@Gu@physx@@QEAA@PEAVGuMeshFactory@2@@Z 000000018001f535 f   PhysX3Common_x64:PhysX3Common_x64.dll
 0001:0001e541       ??0HeightField@Gu@physx@@QEAA@PEAVGuMeshFactory@2@@Z 000000018001f541 f   PhysX3Common_x64:PhysX3Common_x64.dll
 0001:0001e547       __imp_load_?loadFromDesc@HeightField@Gu@physx@@QEAA_NAEBVPxHeightFieldDesc@3@_N@Z 000000018001f547 f   PhysX3Common_x64:PhysX3Common_x64.dll
 0001:0001e553       ?loadFromDesc@HeightField@Gu@physx@@QEAA_NAEBVPxHeightFieldDesc@3@_N@Z 000000018001f553 f   PhysX3Common_x64:PhysX3Common_x64.dll
 0001:0001e559       __imp_load_?releaseMemory@HeightField@Gu@physx@@QEAAX_N@Z 000000018001f559 f   PhysX3Common_x64:PhysX3Common_x64.dll
 0001:0001e565       ?releaseMemory@HeightField@Gu@physx@@QEAAX_N@Z 000000018001f565 f   PhysX3Common_x64:PhysX3Common_x64.dll
 0001:0001e56b       __imp_load_?exportExtraData@TriangleMesh@Gu@physx@@UEAAXAEAVPxSerializationContext@3@@Z 000000018001f56b f   PhysX3Common_x64:PhysX3Common_x64.dll
 0001:0001e577       ?exportExtraData@TriangleMesh@Gu@physx@@UEAAXAEAVPxSerializationContext@3@@Z 000000018001f577 f   PhysX3Common_x64:PhysX3Common_x64.dll
 0001:0001e57d       __imp_load_?getConcreteTypeName@PxTriangleMesh@physx@@UEBAPEBDXZ 000000018001f57d f   PhysX3Common_x64:PhysX3Common_x64.dll
 0001:0001e589       ?getConcreteTypeName@PxTriangleMesh@physx@@UEBAPEBDXZ 000000018001f589 f   PhysX3Common_x64:PhysX3Common_x64.dll
 0001:0001e58f       __imp_load_?getLocalBounds@TriangleMesh@Gu@physx@@UEBA?AVPxBounds3@3@XZ 000000018001f58f f   PhysX3Common_x64:PhysX3Common_x64.dll
 0001:0001e59b       ?getLocalBounds@TriangleMesh@Gu@physx@@UEBA?AVPxBounds3@3@XZ 000000018001f59b f   PhysX3Common_x64:PhysX3Common_x64.dll
 0001:0001e5a1       __imp_load_?getNbTriangles@TriangleMesh@Gu@physx@@UEBAIXZ 000000018001f5a1 f   PhysX3Common_x64:PhysX3Common_x64.dll
 0001:0001e5ad       ?getNbTriangles@TriangleMesh@Gu@physx@@UEBAIXZ 000000018001f5ad f   PhysX3Common_x64:PhysX3Common_x64.dll
 0001:0001e5b3       __imp_load_?getNbVertices@TriangleMesh@Gu@physx@@UEBAIXZ 000000018001f5b3 f   PhysX3Common_x64:PhysX3Common_x64.dll
 0001:0001e5bf       ?getNbVertices@TriangleMesh@Gu@physx@@UEBAIXZ 000000018001f5bf f   PhysX3Common_x64:PhysX3Common_x64.dll
 0001:0001e5c5       __imp_load_?getReferenceCount@TriangleMesh@Gu@physx@@UEBAIXZ 000000018001f5c5 f   PhysX3Common_x64:PhysX3Common_x64.dll
 0001:0001e5d1       ?getReferenceCount@TriangleMesh@Gu@physx@@UEBAIXZ 000000018001f5d1 f   PhysX3Common_x64:PhysX3Common_x64.dll
 0001:0001e5d7       __imp_load_?getTriangleMaterialIndex@TriangleMesh@Gu@physx@@UEBAGI@Z 000000018001f5d7 f   PhysX3Common_x64:PhysX3Common_x64.dll
 0001:0001e5e3       ?getTriangleMaterialIndex@TriangleMesh@Gu@physx@@UEBAGI@Z 000000018001f5e3 f   PhysX3Common_x64:PhysX3Common_x64.dll
 0001:0001e5e9       __imp_load_?getTriangleMeshFlags@TriangleMesh@Gu@physx@@UEBA?AV?$PxFlags@W4Enum@PxTriangleMeshFlag@physx@@E@3@XZ 000000018001f5e9 f   PhysX3Common_x64:PhysX3Common_x64.dll
 0001:0001e5f5       ?getTriangleMeshFlags@TriangleMesh@Gu@physx@@UEBA?AV?$PxFlags@W4Enum@PxTriangleMeshFlag@physx@@E@3@XZ 000000018001f5f5 f   PhysX3Common_x64:PhysX3Common_x64.dll
 0001:0001e5fb       __imp_load_?getTriangles@TriangleMesh@Gu@physx@@UEBAPEBXXZ 000000018001f5fb f   PhysX3Common_x64:PhysX3Common_x64.dll
 0001:0001e607       ?getTriangles@TriangleMesh@Gu@physx@@UEBAPEBXXZ 000000018001f607 f   PhysX3Common_x64:PhysX3Common_x64.dll
 0001:0001e60d       __imp_load_?getTrianglesRemap@TriangleMesh@Gu@physx@@UEBAPEBIXZ 000000018001f60d f   PhysX3Common_x64:PhysX3Common_x64.dll
 0001:0001e619       ?getTrianglesRemap@TriangleMesh@Gu@physx@@UEBAPEBIXZ 000000018001f619 f   PhysX3Common_x64:PhysX3Common_x64.dll
 0001:0001e61f       __imp_load_?getVertices@TriangleMesh@Gu@physx@@UEBAPEBVPxVec3@3@XZ 000000018001f61f f   PhysX3Common_x64:PhysX3Common_x64.dll
 0001:0001e62b       ?getVertices@TriangleMesh@Gu@physx@@UEBAPEBVPxVec3@3@XZ 000000018001f62b f   PhysX3Common_x64:PhysX3Common_x64.dll
 0001:0001e631       __imp_load_?isKindOf@PxTriangleMesh@physx@@MEBA_NPEBD@Z 000000018001f631 f   PhysX3Common_x64:PhysX3Common_x64.dll
 0001:0001e63d       ?isKindOf@PxTriangleMesh@physx@@MEBA_NPEBD@Z 000000018001f63d f   PhysX3Common_x64:PhysX3Common_x64.dll
 0001:0001e643       __imp_load_?onRefCountZero@TriangleMesh@Gu@physx@@UEAAXXZ 000000018001f643 f   PhysX3Common_x64:PhysX3Common_x64.dll
 0001:0001e64f       ?onRefCountZero@TriangleMesh@Gu@physx@@UEAAXXZ 000000018001f64f f   PhysX3Common_x64:PhysX3Common_x64.dll
 0001:0001e655       __imp_load_?release@TriangleMesh@Gu@physx@@UEAAXXZ 000000018001f655 f   PhysX3Common_x64:PhysX3Common_x64.dll
 0001:0001e661       ?release@TriangleMesh@Gu@physx@@UEAAXXZ 000000018001f661 f   PhysX3Common_x64:PhysX3Common_x64.dll
 0001:0001e667       __imp_load_?setupMeshInterface@InternalTriangleMesh@physx@@QEAAXXZ 000000018001f667 f   PhysX3Common_x64:PhysX3Common_x64.dll
 0001:0001e673       ?setupMeshInterface@InternalTriangleMesh@physx@@QEAAXXZ 000000018001f673 f   PhysX3Common_x64:PhysX3Common_x64.dll
 0001:0001e67c       ??$PFromRva@PEAP6A_JXZ@@YAPEAP6A_JXZK@Z 000000018001f67c f i delayimp:delayhlp.obj
 0001:0001e68c       ??$PFromRva@PEAPEAUHINSTANCE__@@@@YAPEAPEAUHINSTANCE__@@K@Z 000000018001f68c f i delayimp:delayhlp.obj
 0001:0001e69c       ??$PFromRva@PEAU_IMAGE_IMPORT_BY_NAME@@@@YAPEAU_IMAGE_IMPORT_BY_NAME@@K@Z 000000018001f69c f i delayimp:delayhlp.obj
 0001:0001e6ac       ??$PFromRva@PEAU_IMAGE_THUNK_DATA64@@@@YAPEAU_IMAGE_THUNK_DATA64@@K@Z 000000018001f6ac f i delayimp:delayhlp.obj
 0001:0001e6bc       ??$PFromRva@PEBD@@YAPEBDK@Z 000000018001f6bc f i delayimp:delayhlp.obj
 0001:0001e6cc       ??$PFromRva@PEBUImgDelayDescr@@@@YAPEBUImgDelayDescr@@K@Z 000000018001f6cc f i delayimp:delayhlp.obj
 0001:0001e6dc       ??$PFromRva@PEBU_IMAGE_THUNK_DATA64@@@@YAPEBU_IMAGE_THUNK_DATA64@@K@Z 000000018001f6dc f i delayimp:delayhlp.obj
 0001:0001e6ec       ?CountOfImports@@YAIPEBU_IMAGE_THUNK_DATA64@@@Z 000000018001f6ec f i delayimp:delayhlp.obj
 0001:0001e700       ?DloadAcquireSectionWriteAccess@@YAXXZ 000000018001f700 f i delayimp:delayhlp.obj
 0001:0001e7bc       ?DloadGetSRWLockFunctionPointers@@YAEXZ 000000018001f7bc f i delayimp:delayhlp.obj
 0001:0001e858       ?DloadLock@@YAXXZ          000000018001f858 f i delayimp:delayhlp.obj
 0001:0001e8ac       ?DloadMakePermanentImageCommit@@YAXPEAX_K@Z 000000018001f8ac f i delayimp:delayhlp.obj
 0001:0001e944       ?DloadObtainSection@@YAPEAXPEAK0@Z 000000018001f944 f i delayimp:delayhlp.obj
 0001:0001e9dc       ?DloadProtectSection@@YAXKPEAK@Z 000000018001f9dc f i delayimp:delayhlp.obj
 0001:0001ea6c       ?DloadReleaseSectionWriteAccess@@YAXXZ 000000018001fa6c f i delayimp:delayhlp.obj
 0001:0001eb10       ?DloadUnlock@@YAXXZ        000000018001fb10 f i delayimp:delayhlp.obj
 0001:0001eb5c       ?IndexFromPImgThunkData@@YAIPEBU_IMAGE_THUNK_DATA64@@0@Z 000000018001fb5c f i delayimp:delayhlp.obj
 0001:0001eca4       HRESULT_FROM_WIN32         000000018001fca4 f i delayimp:delayhlp.obj
 0001:0001ecb4       ReadAcquire64              000000018001fcb4 f i delayimp:delayhlp.obj
 0001:0001ecb8       ReadPointerAcquire         000000018001fcb8 f i delayimp:delayhlp.obj
 0001:0001ecbc       WritePointerRelease        000000018001fcbc f i delayimp:delayhlp.obj
 0001:0001ecc0       WriteRelease64             000000018001fcc0 f i delayimp:delayhlp.obj
 0001:0001ecc4       __FUnloadDelayLoadedDLL2   000000018001fcc4 f   delayimp:delayhlp.obj
 0001:0001ed80       __HrLoadAllImportsForDll   000000018001fd80 f   delayimp:delayhlp.obj
 0001:0001edf4       __delayLoadHelper2         000000018001fdf4 f   delayimp:delayhlp.obj
 0001:0001f0f0       ??_U@YAPEAX_K@Z            00000001800200f0 f   MSVCRT:new_array.obj
 0001:0001f0f8       ??_V@YAXPEAX@Z             00000001800200f8 f   MSVCRT:delete_array.obj
 0001:0001f110       __chkstk                   0000000180020110 f   MSVCRT:_chkstk_.obj
 0001:0001f110       _alloca_probe              0000000180020110 f   MSVCRT:_chkstk_.obj
 0001:0001f164       ?__scrt_initialize_type_info@@YAXXZ 0000000180020164 f   MSVCRT:tncleanup.obj
 0001:0001f174       ?__scrt_uninitialize_type_info@@YAXXZ 0000000180020174 f   MSVCRT:tncleanup.obj
 0001:0001f180       ??1type_info@@UEAA@XZ      0000000180020180 f   MSVCRT:std_type_info_static.obj
 0001:0001f18c       ??_Gtype_info@@UEAAPEAXI@Z 000000018002018c f i MSVCRT:std_type_info_static.obj
 0001:0001f18c       ??_Etype_info@@UEAAPEAXI@Z 000000018002018c f i MSVCRT:std_type_info_static.obj
 0001:0001f1b8       ??3@YAXPEAX_K@Z            00000001800201b8 f   MSVCRT:delete_scalar_size.obj
 0001:0001f50c       _CRT_INIT                  000000018002050c f   MSVCRT:dll_dllmain.obj
 0001:0001f514       _DllMainCRTStartup         0000000180020514 f   MSVCRT:dll_dllmain.obj
 0001:0001f554       _guard_check_icall_nop     0000000180020554 f i MSVCRT:guard_support.obj
 0001:0001f558       _guard_icall_checks_enforced 0000000180020558 f i MSVCRT:guard_support.obj
 0001:0001f570       ??2@YAPEAX_K@Z             0000000180020570 f   MSVCRT:new_scalar.obj
 0001:0001f5ac       ??3@YAXPEAX@Z              00000001800205ac f   MSVCRT:delete_scalar.obj
 0001:0001f5b4       ??$__crt_fast_decode_pointer@PEAP6AXXZ@@YAPEAP6AXXZQEAP6AXXZ@Z 00000001800205b4 f i MSVCRT:utility.obj
 0001:0001f5cc       ??$__crt_fast_encode_pointer@PEAP6AXXZ@@YAPEAP6AXXZQEAP6AXXZ@Z 00000001800205cc f i MSVCRT:utility.obj
 0001:0001f5ec       ?__crt_rotate_pointer_value@@YA_K_KH@Z 00000001800205ec f i MSVCRT:utility.obj
 0001:0001f5f8       ?configure_argv@__scrt_narrow_argv_policy@@SAHXZ 00000001800205f8 f i MSVCRT:utility.obj
 0001:0001f688       NtCurrentTeb               0000000180020688 f i MSVCRT:utility.obj
 0001:0001f694       __scrt_acquire_startup_lock 0000000180020694 f   MSVCRT:utility.obj
 0001:0001f6d0       __scrt_dllmain_after_initialize_c 00000001800206d0 f   MSVCRT:utility.obj
 0001:0001f704       __scrt_dllmain_before_initialize_c 0000000180020704 f   MSVCRT:utility.obj
 0001:0001f71c       __scrt_dllmain_crt_thread_attach 000000018002071c f   MSVCRT:utility.obj
 0001:0001f744       __scrt_dllmain_crt_thread_detach 0000000180020744 f   MSVCRT:utility.obj
 0001:0001f75c       __scrt_dllmain_exception_filter 000000018002075c f   MSVCRT:utility.obj
 0001:0001f7c0       __scrt_dllmain_uninitialize_c 00000001800207c0 f   MSVCRT:utility.obj
 0001:0001f7f0       __scrt_dllmain_uninitialize_critical 00000001800207f0 f   MSVCRT:utility.obj
 0001:0001f804       __scrt_initialize_crt      0000000180020804 f   MSVCRT:utility.obj
 0001:0001f850       __scrt_initialize_onexit_tables 0000000180020850 f   MSVCRT:utility.obj
 0001:0001f91c       __scrt_is_nonwritable_in_current_image 000000018002091c f   MSVCRT:utility.obj
 0001:0001f9b8       __scrt_release_startup_lock 00000001800209b8 f   MSVCRT:utility.obj
 0001:0001f9dc       __scrt_uninitialize_crt    00000001800209dc f   MSVCRT:utility.obj
 0001:0001fa08       _onexit                    0000000180020a08 f   MSVCRT:utility.obj
 0001:0001fa58       at_quick_exit              0000000180020a58 f   MSVCRT:utility.obj
 0001:0001fa90       atexit                     0000000180020a90 f   MSVCRT:utility.obj
 0001:0001faa8       __security_init_cookie     0000000180020aa8 f   MSVCRT:gs_support.obj
 0001:0001fb54       DllMain                    0000000180020b54 f   MSVCRT:dll_dllmain_stub.obj
 0001:0001fb78       __local_stdio_scanf_options 0000000180020b78 f i MSVCRT:default_local_stdio_options.obj
 0001:0001fb80       __scrt_initialize_default_local_stdio_options 0000000180020b80 f   MSVCRT:default_local_stdio_options.obj
 0001:0001fb9c       __scrt_get_dyn_tls_init_callback 0000000180020b9c f   MSVCRT:dyn_tls_init.obj
 0001:0001fba4       __crt_debugger_hook        0000000180020ba4 f   MSVCRT:utility_desktop.obj
 0001:0001fbac       __scrt_fastfail            0000000180020bac f   MSVCRT:utility_desktop.obj
 0001:0001fcf4       __scrt_get_show_window_mode 0000000180020cf4 f   MSVCRT:utility_desktop.obj
 0001:0001fd30       __scrt_initialize_winrt    0000000180020d30 f   MSVCRT:utility_desktop.obj
 0001:0001fd34       __scrt_is_managed_app      0000000180020d34 f   MSVCRT:utility_desktop.obj
 0001:0001fd88       __scrt_set_unhandled_exception_filter 0000000180020d88 f   MSVCRT:utility_desktop.obj
 0001:0001fd98       __scrt_unhandled_exception_filter 0000000180020d98 f   MSVCRT:utility_desktop.obj
 0001:0001fdd0       _RTC_Initialize            0000000180020dd0 f   MSVCRT:_initsect_.obj
 0001:0001fe1c       _RTC_Terminate             0000000180020e1c f   MSVCRT:_initsect_.obj
 0001:0001fe68       _guard_check_icall         0000000180020e68 f i MSVCRT:checkcfg.obj
 0001:0001fe70       ??0bad_alloc@std@@AEAA@QEBD@Z 0000000180020e70 f i MSVCRT:throw_bad_alloc.obj
 0001:0001fe88       ??0bad_alloc@std@@QEAA@AEBV01@@Z 0000000180020e88 f i MSVCRT:throw_bad_alloc.obj
 0001:0001fec8       ??0bad_alloc@std@@QEAA@XZ  0000000180020ec8 f i MSVCRT:throw_bad_alloc.obj
 0001:0001fee8       ??0bad_array_new_length@std@@QEAA@AEBV01@@Z 0000000180020ee8 f i MSVCRT:throw_bad_alloc.obj
 0001:0001ff28       ??0bad_array_new_length@std@@QEAA@XZ 0000000180020f28 f i MSVCRT:throw_bad_alloc.obj
 0001:0001ff48       ??0exception@std@@QEAA@AEBV01@@Z 0000000180020f48 f i MSVCRT:throw_bad_alloc.obj
 0001:0001ff80       ??0exception@std@@QEAA@QEBDH@Z 0000000180020f80 f i MSVCRT:throw_bad_alloc.obj
 0001:0001ff98       ??1bad_alloc@std@@UEAA@XZ  0000000180020f98 f i MSVCRT:throw_bad_alloc.obj
 0001:0001ffac       ??1bad_array_new_length@std@@UEAA@XZ 0000000180020fac f i MSVCRT:throw_bad_alloc.obj
 0001:0001ffc0       ??1exception@std@@UEAA@XZ  0000000180020fc0 f i MSVCRT:throw_bad_alloc.obj
 0001:0001ffd4       ??_Gbad_alloc@std@@UEAAPEAXI@Z 0000000180020fd4 f i MSVCRT:throw_bad_alloc.obj
 0001:0001ffd4       ??_Ebad_alloc@std@@UEAAPEAXI@Z 0000000180020fd4 f i MSVCRT:throw_bad_alloc.obj
 0001:00020018       ??_Gbad_array_new_length@std@@UEAAPEAXI@Z 0000000180021018 f i MSVCRT:throw_bad_alloc.obj
 0001:00020018       ??_Ebad_array_new_length@std@@UEAAPEAXI@Z 0000000180021018 f i MSVCRT:throw_bad_alloc.obj
 0001:0002005c       ??_Eexception@std@@UEAAPEAXI@Z 000000018002105c f i MSVCRT:throw_bad_alloc.obj
 0001:0002005c       ??_Gexception@std@@UEAAPEAXI@Z 000000018002105c f i MSVCRT:throw_bad_alloc.obj
 0001:000200a0       ?__scrt_throw_std_bad_alloc@@YAXXZ 00000001800210a0 f   MSVCRT:throw_bad_alloc.obj
 0001:000200c0       ?__scrt_throw_std_bad_array_new_length@@YAXXZ 00000001800210c0 f   MSVCRT:throw_bad_alloc.obj
 0001:000200e0       ?what@exception@std@@UEBAPEBDXZ 00000001800210e0 f i MSVCRT:throw_bad_alloc.obj
 0001:000200f4       __isa_available_init       00000001800210f4 f   MSVCRT:_cpu_disp_.obj
 0001:000202bc       _get_startup_argv_mode     00000001800212bc f   MSVCRT:argv_mode.obj
 0001:000202c4       __scrt_is_ucrt_dll_in_use  00000001800212c4 f   MSVCRT:ucrt_detection.obj
 0001:000202d0       strstr                     00000001800212d0 f   vcruntime:VCRUNTIME140.dll
 0001:000202d6       memset                     00000001800212d6 f   vcruntime:VCRUNTIME140.dll
 0001:000202dc       __std_type_info_name       00000001800212dc f   vcruntime:VCRUNTIME140.dll
 0001:000202e2       memcpy                     00000001800212e2 f   vcruntime:VCRUNTIME140.dll
 0001:000202e8       _purecall                  00000001800212e8 f   vcruntime:VCRUNTIME140.dll
 0001:000202ee       __std_type_info_destroy_list 00000001800212ee f   vcruntime:VCRUNTIME140.dll
 0001:000202f4       __C_specific_handler       00000001800212f4 f   vcruntime:VCRUNTIME140.dll
 0001:000202fa       __std_exception_copy       00000001800212fa f   vcruntime:VCRUNTIME140.dll
 0001:00020300       __std_exception_destroy    0000000180021300 f   vcruntime:VCRUNTIME140.dll
 0001:00020306       _CxxThrowException         0000000180021306 f   vcruntime:VCRUNTIME140.dll
 0001:0002030c       powf                       000000018002130c f   ucrt:api-ms-win-crt-math-l1-1-0.dll
 0001:00020312       _fpclass                   0000000180021312 f   ucrt:api-ms-win-crt-math-l1-1-0.dll
 0001:00020318       __acrt_iob_func            0000000180021318 f   ucrt:api-ms-win-crt-stdio-l1-1-0.dll
 0001:0002031e       __stdio_common_vfprintf    000000018002131e f   ucrt:api-ms-win-crt-stdio-l1-1-0.dll
 0001:00020324       cos                        0000000180021324 f   ucrt:api-ms-win-crt-math-l1-1-0.dll
 0001:0002032a       cosf                       000000018002132a f   ucrt:api-ms-win-crt-math-l1-1-0.dll
 0001:00020330       sinf                       0000000180021330 f   ucrt:api-ms-win-crt-math-l1-1-0.dll
 0001:00020336       atan2f                     0000000180021336 f   ucrt:api-ms-win-crt-math-l1-1-0.dll
 0001:0002033c       _initterm                  000000018002133c f   ucrt:api-ms-win-crt-runtime-l1-1-0.dll
 0001:00020342       _initterm_e                0000000180021342 f   ucrt:api-ms-win-crt-runtime-l1-1-0.dll
 0001:00020348       _callnewh                  0000000180021348 f   ucrt:api-ms-win-crt-heap-l1-1-0.dll
 0001:0002034e       malloc                     000000018002134e f   ucrt:api-ms-win-crt-heap-l1-1-0.dll
 0001:00020354       free                       0000000180021354 f   ucrt:api-ms-win-crt-heap-l1-1-0.dll
 0001:0002035a       _seh_filter_dll            000000018002135a f   ucrt:api-ms-win-crt-runtime-l1-1-0.dll
 0001:00020360       _configure_narrow_argv     0000000180021360 f   ucrt:api-ms-win-crt-runtime-l1-1-0.dll
 0001:00020366       _initialize_narrow_environment 0000000180021366 f   ucrt:api-ms-win-crt-runtime-l1-1-0.dll
 0001:0002036c       _initialize_onexit_table   000000018002136c f   ucrt:api-ms-win-crt-runtime-l1-1-0.dll
 0001:00020372       _register_onexit_function  0000000180021372 f   ucrt:api-ms-win-crt-runtime-l1-1-0.dll
 0001:00020378       _execute_onexit_table      0000000180021378 f   ucrt:api-ms-win-crt-runtime-l1-1-0.dll
 0001:0002037e       _crt_atexit                000000018002137e f   ucrt:api-ms-win-crt-runtime-l1-1-0.dll
 0001:00020384       _crt_at_quick_exit         0000000180021384 f   ucrt:api-ms-win-crt-runtime-l1-1-0.dll
 0001:0002038a       _cexit                     000000018002138a f   ucrt:api-ms-win-crt-runtime-l1-1-0.dll
 0001:00020390       terminate                  0000000180021390 f   ucrt:api-ms-win-crt-runtime-l1-1-0.dll
 0001:00020396       RaiseException             0000000180021396 f   kernel32:KERNEL32.dll
 0001:0002039c       GetLastError               000000018002139c f   kernel32:KERNEL32.dll
 0001:000203a2       GetSystemInfo              00000001800213a2 f   kernel32:KERNEL32.dll
 0001:000203a8       VirtualProtect             00000001800213a8 f   kernel32:KERNEL32.dll
 0001:000203ae       VirtualQuery               00000001800213ae f   kernel32:KERNEL32.dll
 0001:000203b4       FreeLibrary                00000001800213b4 f   kernel32:KERNEL32.dll
 0001:000203ba       GetModuleHandleW           00000001800213ba f   kernel32:KERNEL32.dll
 0001:000203c0       GetProcAddress             00000001800213c0 f   kernel32:KERNEL32.dll
 0001:000203c6       LoadLibraryExA             00000001800213c6 f   kernel32:KERNEL32.dll
 0001:000203cc       InitializeSListHead        00000001800213cc f   kernel32:KERNEL32.dll
 0001:000203d2       QueryPerformanceCounter    00000001800213d2 f   kernel32:KERNEL32.dll
 0001:000203d8       GetCurrentProcessId        00000001800213d8 f   kernel32:KERNEL32.dll
 0001:000203de       GetCurrentThreadId         00000001800213de f   kernel32:KERNEL32.dll
 0001:000203e4       GetSystemTimeAsFileTime    00000001800213e4 f   kernel32:KERNEL32.dll
 0001:000203ea       DisableThreadLibraryCalls  00000001800213ea f   kernel32:KERNEL32.dll
 0001:000203f0       RtlCaptureContext          00000001800213f0 f   kernel32:KERNEL32.dll
 0001:000203f6       RtlLookupFunctionEntry     00000001800213f6 f   kernel32:KERNEL32.dll
 0001:000203fc       RtlVirtualUnwind           00000001800213fc f   kernel32:KERNEL32.dll
 0001:00020402       IsDebuggerPresent          0000000180021402 f   kernel32:KERNEL32.dll
 0001:00020408       UnhandledExceptionFilter   0000000180021408 f   kernel32:KERNEL32.dll
 0001:0002040e       SetUnhandledExceptionFilter 000000018002140e f   kernel32:KERNEL32.dll
 0001:00020414       GetStartupInfoW            0000000180021414 f   kernel32:KERNEL32.dll
 0001:0002041a       IsProcessorFeaturePresent  000000018002141a f   kernel32:KERNEL32.dll
 0001:00020420       __scrt_stub_for_acrt_initialize 0000000180021420 f   MSVCRT:ucrt_stubs.obj
 0001:00020420       __vcrt_initialize          0000000180021420 f   MSVCRT:ucrt_stubs.obj
 0001:00020420       __acrt_initialize          0000000180021420 f   MSVCRT:ucrt_stubs.obj
 0001:00020424       __acrt_thread_attach       0000000180021424 f   MSVCRT:ucrt_stubs.obj
 0001:00020424       __vcrt_thread_attach       0000000180021424 f   MSVCRT:ucrt_stubs.obj
 0001:00020424       __scrt_stub_for_acrt_thread_attach 0000000180021424 f   MSVCRT:ucrt_stubs.obj
 0001:00020428       __acrt_thread_detach       0000000180021428 f   MSVCRT:ucrt_stubs.obj
 0001:00020428       __scrt_stub_for_acrt_thread_detach 0000000180021428 f   MSVCRT:ucrt_stubs.obj
 0001:00020428       __vcrt_thread_detach       0000000180021428 f   MSVCRT:ucrt_stubs.obj
 0001:0002042c       __vcrt_uninitialize        000000018002142c f   MSVCRT:ucrt_stubs.obj
 0001:0002042c       __acrt_uninitialize        000000018002142c f   MSVCRT:ucrt_stubs.obj
 0001:0002042c       __scrt_stub_for_acrt_uninitialize 000000018002142c f   MSVCRT:ucrt_stubs.obj
 0001:00020430       __vcrt_uninitialize_critical 0000000180021430 f   MSVCRT:ucrt_stubs.obj
 0001:00020430       __scrt_stub_for_acrt_uninitialize_critical 0000000180021430 f   MSVCRT:ucrt_stubs.obj
 0001:00020430       __acrt_uninitialize_critical 0000000180021430 f   MSVCRT:ucrt_stubs.obj
 0001:00020434       __scrt_stub_for_is_c_termination_complete 0000000180021434 f   MSVCRT:ucrt_stubs.obj
 0001:00020434       _is_c_termination_complete 0000000180021434 f   MSVCRT:ucrt_stubs.obj
 0001:00020450       _guard_dispatch_icall_nop  0000000180021450 f   MSVCRT:_guard_dispatch_.obj
 0002:00000000       __imp_GetModuleFileNameA   0000000180022000     kernel32:KERNEL32.dll
 0002:00000008       __imp_LoadLibraryA         0000000180022008     kernel32:KERNEL32.dll
 0002:00000010       __imp_GetStartupInfoW      0000000180022010     kernel32:KERNEL32.dll
 0002:00000018       __imp_SetUnhandledExceptionFilter 0000000180022018     kernel32:KERNEL32.dll
 0002:00000020       __imp_UnhandledExceptionFilter 0000000180022020     kernel32:KERNEL32.dll
 0002:00000028       __imp_IsDebuggerPresent    0000000180022028     kernel32:KERNEL32.dll
 0002:00000030       __imp_RtlVirtualUnwind     0000000180022030     kernel32:KERNEL32.dll
 0002:00000038       __imp_RtlLookupFunctionEntry 0000000180022038     kernel32:KERNEL32.dll
 0002:00000040       __imp_RtlCaptureContext    0000000180022040     kernel32:KERNEL32.dll
 0002:00000048       __imp_DisableThreadLibraryCalls 0000000180022048     kernel32:KERNEL32.dll
 0002:00000050       __imp_GetSystemTimeAsFileTime 0000000180022050     kernel32:KERNEL32.dll
 0002:00000058       __imp_GetCurrentThreadId   0000000180022058     kernel32:KERNEL32.dll
 0002:00000060       __imp_GetCurrentProcessId  0000000180022060     kernel32:KERNEL32.dll
 0002:00000068       __imp_QueryPerformanceCounter 0000000180022068     kernel32:KERNEL32.dll
 0002:00000070       __imp_InitializeSListHead  0000000180022070     kernel32:KERNEL32.dll
 0002:00000078       __imp_LoadLibraryExA       0000000180022078     kernel32:KERNEL32.dll
 0002:00000080       __imp_GetProcAddress       0000000180022080     kernel32:KERNEL32.dll
 0002:00000088       __imp_GetModuleHandleW     0000000180022088     kernel32:KERNEL32.dll
 0002:00000090       __imp_FreeLibrary          0000000180022090     kernel32:KERNEL32.dll
 0002:00000098       __imp_VirtualQuery         0000000180022098     kernel32:KERNEL32.dll
 0002:000000a0       __imp_VirtualProtect       00000001800220a0     kernel32:KERNEL32.dll
 0002:000000a8       __imp_GetSystemInfo        00000001800220a8     kernel32:KERNEL32.dll
 0002:000000b0       __imp_GetLastError         00000001800220b0     kernel32:KERNEL32.dll
 0002:000000b8       __imp_RaiseException       00000001800220b8     kernel32:KERNEL32.dll
 0002:000000c0       __imp_IsProcessorFeaturePresent 00000001800220c0     kernel32:KERNEL32.dll
 0002:000000c8       \177KERNEL32_NULL_THUNK_DATA 00000001800220c8     kernel32:KERNEL32.dll
 0002:000000d0       __imp___C_specific_handler 00000001800220d0     vcruntime:VCRUNTIME140.dll
 0002:000000d8       __imp_strstr               00000001800220d8     vcruntime:VCRUNTIME140.dll
 0002:000000e0       __imp_memset               00000001800220e0     vcruntime:VCRUNTIME140.dll
 0002:000000e8       __imp___std_type_info_name 00000001800220e8     vcruntime:VCRUNTIME140.dll
 0002:000000f0       __imp_memcpy               00000001800220f0     vcruntime:VCRUNTIME140.dll
 0002:000000f8       __imp__purecall            00000001800220f8     vcruntime:VCRUNTIME140.dll
 0002:00000100       __imp__CxxThrowException   0000000180022100     vcruntime:VCRUNTIME140.dll
 0002:00000108       __imp___std_type_info_destroy_list 0000000180022108     vcruntime:VCRUNTIME140.dll
 0002:00000110       __imp___std_exception_destroy 0000000180022110     vcruntime:VCRUNTIME140.dll
 0002:00000118       __imp___std_exception_copy 0000000180022118     vcruntime:VCRUNTIME140.dll
 0002:00000120       \177VCRUNTIME140_NULL_THUNK_DATA 0000000180022120     vcruntime:VCRUNTIME140.dll
 0002:00000128       __imp_malloc               0000000180022128     ucrt:api-ms-win-crt-heap-l1-1-0.dll
 0002:00000130       __imp_free                 0000000180022130     ucrt:api-ms-win-crt-heap-l1-1-0.dll
 0002:00000138       __imp__callnewh            0000000180022138     ucrt:api-ms-win-crt-heap-l1-1-0.dll
 0002:00000140       \177api-ms-win-crt-heap-l1-1-0_NULL_THUNK_DATA 0000000180022140     ucrt:api-ms-win-crt-heap-l1-1-0.dll
 0002:00000148       __imp_powf                 0000000180022148     ucrt:api-ms-win-crt-math-l1-1-0.dll
 0002:00000150       __imp__fpclass             0000000180022150     ucrt:api-ms-win-crt-math-l1-1-0.dll
 0002:00000158       __imp_atan2f               0000000180022158     ucrt:api-ms-win-crt-math-l1-1-0.dll
 0002:00000160       __imp_sinf                 0000000180022160     ucrt:api-ms-win-crt-math-l1-1-0.dll
 0002:00000168       __imp_cosf                 0000000180022168     ucrt:api-ms-win-crt-math-l1-1-0.dll
 0002:00000170       __imp_cos                  0000000180022170     ucrt:api-ms-win-crt-math-l1-1-0.dll
 0002:00000178       \177api-ms-win-crt-math-l1-1-0_NULL_THUNK_DATA 0000000180022178     ucrt:api-ms-win-crt-math-l1-1-0.dll
 0002:00000180       __imp__crt_at_quick_exit   0000000180022180     ucrt:api-ms-win-crt-runtime-l1-1-0.dll
 0002:00000188       __imp__seh_filter_dll      0000000180022188     ucrt:api-ms-win-crt-runtime-l1-1-0.dll
 0002:00000190       __imp__initterm            0000000180022190     ucrt:api-ms-win-crt-runtime-l1-1-0.dll
 0002:00000198       __imp__initterm_e          0000000180022198     ucrt:api-ms-win-crt-runtime-l1-1-0.dll
 0002:000001a0       __imp__configure_narrow_argv 00000001800221a0     ucrt:api-ms-win-crt-runtime-l1-1-0.dll
 0002:000001a8       __imp_terminate            00000001800221a8     ucrt:api-ms-win-crt-runtime-l1-1-0.dll
 0002:000001b0       __imp__cexit               00000001800221b0     ucrt:api-ms-win-crt-runtime-l1-1-0.dll
 0002:000001b8       __imp__execute_onexit_table 00000001800221b8     ucrt:api-ms-win-crt-runtime-l1-1-0.dll
 0002:000001c0       __imp__crt_atexit          00000001800221c0     ucrt:api-ms-win-crt-runtime-l1-1-0.dll
 0002:000001c8       __imp__register_onexit_function 00000001800221c8     ucrt:api-ms-win-crt-runtime-l1-1-0.dll
 0002:000001d0       __imp__initialize_onexit_table 00000001800221d0     ucrt:api-ms-win-crt-runtime-l1-1-0.dll
 0002:000001d8       __imp__initialize_narrow_environment 00000001800221d8     ucrt:api-ms-win-crt-runtime-l1-1-0.dll
 0002:000001e0       \177api-ms-win-crt-runtime-l1-1-0_NULL_THUNK_DATA 00000001800221e0     ucrt:api-ms-win-crt-runtime-l1-1-0.dll
 0002:000001e8       __imp___acrt_iob_func      00000001800221e8     ucrt:api-ms-win-crt-stdio-l1-1-0.dll
 0002:000001f0       __imp___stdio_common_vfprintf 00000001800221f0     ucrt:api-ms-win-crt-stdio-l1-1-0.dll
 0002:000001f8       \177api-ms-win-crt-stdio-l1-1-0_NULL_THUNK_DATA 00000001800221f8     ucrt:api-ms-win-crt-stdio-l1-1-0.dll
 0002:00000200       __guard_check_icall_fptr   0000000180022200     MSVCRT:guard_support.obj
 0002:00000208       __guard_dispatch_icall_fptr 0000000180022208     MSVCRT:guard_support.obj
 0002:00000210       __xc_a                     0000000180022210     MSVCRT:initializers.obj
 0002:000002a8       __xc_z                     00000001800222a8     MSVCRT:initializers.obj
 0002:000002b0       __xi_a                     00000001800222b0     MSVCRT:initializers.obj
 0002:000002b8       __xi_z                     00000001800222b8     MSVCRT:initializers.obj
 0002:000002c0       __xp_a                     00000001800222c0     MSVCRT:initializers.obj
 0002:000002c8       __xp_z                     00000001800222c8     MSVCRT:initializers.obj
 0002:000002d0       __xt_a                     00000001800222d0     MSVCRT:initializers.obj
 0002:000002d8       __xt_z                     00000001800222d8     MSVCRT:initializers.obj
 0002:000002e0       __pfnDliNotifyHook2        00000001800222e0     WindowsCookingDelayLoadHook.obj
 0002:000002e8       ??_C@_0BK@KKGDMEEI@PhysX3CommonDEBUG_x64?4dll?$AA@ 00000001800222e8     WindowsCookingDelayLoadHook.obj
 0002:00000308       ??_C@_0BM@FGKCIMCL@PhysX3CommonCHECKED_x64?4dll?$AA@ 0000000180022308     WindowsCookingDelayLoadHook.obj
 0002:00000328       ??_C@_0BM@NIMEGLC@PhysX3CommonPROFILE_x64?4dll?$AA@ 0000000180022328     WindowsCookingDelayLoadHook.obj
 0002:00000348       ??_C@_0BF@HEEMOJKO@PhysX3Common_x64?4dll?$AA@ 0000000180022348     WindowsCookingDelayLoadHook.obj
 0002:00000360       ??_C@_0BK@LHJEBOBO@PhysX3CommonDEBUG_x86?4dll?$AA@ 0000000180022360     WindowsCookingDelayLoadHook.obj
 0002:00000380       ??_C@_0BM@ELFFFGHN@PhysX3CommonCHECKED_x86?4dll?$AA@ 0000000180022380     WindowsCookingDelayLoadHook.obj
 0002:000003a0       ??_C@_0BM@BAHLJMOE@PhysX3CommonPROFILE_x86?4dll?$AA@ 00000001800223a0     WindowsCookingDelayLoadHook.obj
 0002:000003c0       ??_C@_0BF@GJLLDDPI@PhysX3Common_x86?4dll?$AA@ 00000001800223c0     WindowsCookingDelayLoadHook.obj
 0002:000003d8       ??_C@_0BK@FCFCOGBN@PhysX3CommonDEBUG_arm?4dll?$AA@ 00000001800223d8     WindowsCookingDelayLoadHook.obj
 0002:000003f8       ??_C@_0BM@KOJDKOHO@PhysX3CommonCHECKED_arm?4dll?$AA@ 00000001800223f8     WindowsCookingDelayLoadHook.obj
 0002:00000418       ??_C@_0BM@PFLNGEOH@PhysX3CommonPROFILE_arm?4dll?$AA@ 0000000180022418     WindowsCookingDelayLoadHook.obj
 0002:00000438       ??_C@_0BF@IMHNMLPL@PhysX3Common_arm?4dll?$AA@ 0000000180022438     WindowsCookingDelayLoadHook.obj
[...]
 0004:00001038       $pdata$3$?UpdateLink@@YA_NIIIIPEAVAdjTriangle@physx@@AEBUADJACENCIESCREATE@2@@Z 000000018002b038     Adjacencies.obj
 0004:00001044       $pdata$5$?UpdateLink@@YA_NIIIIPEAVAdjTriangle@physx@@AEBUADJACENCIESCREATE@2@@Z 000000018002b044     Adjacencies.obj
 0004:00001050       $pdata$6$?UpdateLink@@YA_NIIIIPEAVAdjTriangle@physx@@AEBUADJACENCIESCREATE@2@@Z 000000018002b050     Adjacencies.obj
 0004:0000105c       $pdata$7$?UpdateLink@@YA_NIIIIPEAVAdjTriangle@physx@@AEBUADJACENCIESCREATE@2@@Z 000000018002b05c     Adjacencies.obj
 0004:00001068       $pdata$8$?UpdateLink@@YA_NIIIIPEAVAdjTriangle@physx@@AEBUADJACENCIESCREATE@2@@Z 000000018002b068     Adjacencies.obj
 0004:00001074       $pdata$?_WalkFace@Local@?1??Walk2@Adjacencies@physx@@QEAA_NP6AXAEBUCommonWalkParams@4@IIII@ZPEAXPEBVPxVec3@4@PEBU?$TriangleT@I@Gu@4@@Z@SAXAEAUPrivateWalkParams@?1??234@QEAA_N1234@Z@IIII@Z 000000018002b074     Adjacencies.obj
 0004:00001080       $pdata$2$?_WalkFace@Local@?1??Walk2@Adjacencies@physx@@QEAA_NP6AXAEBUCommonWalkParams@4@IIII@ZPEAXPEBVPxVec3@4@PEBU?$TriangleT@I@Gu@4@@Z@SAXAEAUPrivateWalkParams@?1??234@QEAA_N1234@Z@IIII@Z 000000018002b080     Adjacencies.obj
 0004:0000108c       $pdata$3$?_WalkFace@Local@?1??Walk2@Adjacencies@physx@@QEAA_NP6AXAEBUCommonWalkParams@4@IIII@ZPEAXPEBVPxVec3@4@PEBU?$TriangleT@I@Gu@4@@Z@SAXAEAUPrivateWalkParams@?1??234@QEAA_N1234@Z@IIII@Z 000000018002b08c     Adjacencies.obj
 0004:00001098       $pdata$4$?_WalkFace@Local@?1??Walk2@Adjacencies@physx@@QEAA_NP6AXAEBUCommonWalkParams@4@IIII@ZPEAXPEBVPxVec3@4@PEBU?$TriangleT@I@Gu@4@@Z@SAXAEAUPrivateWalkParams@?1??234@QEAA_N1234@Z@IIII@Z 000000018002b098     Adjacencies.obj
 0004:000010a4       $pdata$5$?_WalkFace@Local@?1??Walk2@Adjacencies@physx@@QEAA_NP6AXAEBUCommonWalkParams@4@IIII@ZPEAXPEBVPxVec3@4@PEBU?$TriangleT@I@Gu@4@@Z@SAXAEAUPrivateWalkParams@?1??234@QEAA_N1234@Z@IIII@Z 000000018002b0a4     Adjacencies.obj
 0004:000010b0       $pdata$6$?_WalkFace@Local@?1??Walk2@Adjacencies@physx@@QEAA_NP6AXAEBUCommonWalkParams@4@IIII@ZPEAXPEBVPxVec3@4@PEBU?$TriangleT@I@Gu@4@@Z@SAXAEAUPrivateWalkParams@?1??234@QEAA_N1234@Z@IIII@Z 000000018002b0b0     Adjacencies.obj
 0004:000010bc       $pdata$?_WalkFace@Local@?1??Walk@Adjacencies@physx@@QEAA_NP6AXAEBUCommonWalkParams@4@IIII@ZPEAX@Z@SAXAEAUPrivateWalkParams@?1??234@QEAA_N12@Z@IIII@Z 000000018002b0bc     Adjacencies.obj
 0004:000010c8       $pdata$1$?_WalkFace@Local@?1??Walk@Adjacencies@physx@@QEAA_NP6AXAEBUCommonWalkParams@4@IIII@ZPEAX@Z@SAXAEAUPrivateWalkParams@?1??234@QEAA_N12@Z@IIII@Z 000000018002b0c8     Adjacencies.obj
 0004:000010d4       $pdata$2$?_WalkFace@Local@?1??Walk@Adjacencies@physx@@QEAA_NP6AXAEBUCommonWalkParams@4@IIII@ZPEAX@Z@SAXAEAUPrivateWalkParams@?1??234@QEAA_N12@Z@IIII@Z 000000018002b0d4     Adjacencies.obj
 0004:000010e0       $pdata$PxCreateCooking     000000018002b0e0     Cooking.obj
 0004:000010ec       $pdata$?release@Cooking@physx@@UEAAXXZ 000000018002b0ec     Cooking.obj
 0004:000010f8       $pdata$?cookTriangleMesh@Cooking@physx@@UEAA_NAEBVPxTriangleMeshDesc@2@AEAVPxOutputStream@2@@Z 000000018002b0f8     Cooking.obj
 0004:00001104       $pdata$?createTriangleMesh@Cooking@physx@@UEAAPEAVPxTriangleMesh@2@AEBVPxTriangleMeshDesc@2@AEAVPxPhysicsInsertionCallback@2@@Z 000000018002b104     Cooking.obj
 0004:00001110       $pdata$?validateTriangleMesh@Cooking@physx@@UEAA_NAEBVPxTriangleMeshDesc@2@@Z 000000018002b110     Cooking.obj
 0004:0000111c       $pdata$?cookConvexMesh@Cooking@physx@@UEAA_NAEBVPxConvexMeshDesc@2@AEAVPxOutputStream@2@PEAW4Enum@PxConvexMeshCookingResult@2@@Z 000000018002b11c     Cooking.obj
 0004:00001128       $pdata$?computeHullPolygons@Cooking@physx@@UEAA_NAEBVPxSimpleTriangleMesh@2@AEAVPxAllocatorCallback@2@AEAIAEAPEAVPxVec3@2@2AEAPEAI2AEAPEAUPxHullPolygon@2@@Z 000000018002b128     Cooking.obj
 0004:00001134       $pdata$?cookHeightField@Cooking@physx@@UEAA_NAEBVPxHeightFieldDesc@2@AEAVPxOutputStream@2@@Z 000000018002b134     Cooking.obj
 0004:00001140       $pdata$?createHeightField@Cooking@physx@@UEAAPEAVPxHeightField@2@AEBVPxHeightFieldDesc@2@AEAVPxPhysicsInsertionCallback@2@@Z 000000018002b140     Cooking.obj
 0004:0000114c       $pdata$?loadTriangleMeshDesc@Cooking@physx@@AEAA_NAEBVPxTriangleMeshDesc@2@AEAVTriangleMeshBuilder@2@@Z 000000018002b14c     Cooking.obj
 0004:00001158       $pdata$??_GCooking@physx@@UEAAPEAXI@Z 000000018002b158     Cooking.obj
 0004:00001164       $pdata$??_GPxCooking@physx@@MEAAPEAXI@Z 000000018002b164     Cooking.obj
 0004:00001170       $pdata$??_GTriangleMeshBuilder@physx@@UEAAPEAXI@Z 000000018002b170     Cooking.obj
 0004:0000117c       $pdata$??1ReducedVertexCloud@physx@@QEAA@XZ 000000018002b17c     CookingUtils.obj
 0004:00001188       $pdata$?Clean@ReducedVertexCloud@physx@@QEAAAEAV12@XZ 000000018002b188     CookingUtils.obj
 0004:00001194       $pdata$?Reduce@ReducedVertexCloud@physx@@QEAA_NPEAUREDUCEDCLOUD@2@@Z 000000018002b194     CookingUtils.obj
 0004:000011a0       $pdata$1$?Reduce@ReducedVertexCloud@physx@@QEAA_NPEAUREDUCEDCLOUD@2@@Z 000000018002b1a0     CookingUtils.obj
 0004:000011ac       $pdata$3$?Reduce@ReducedVertexCloud@physx@@QEAA_NPEAUREDUCEDCLOUD@2@@Z 000000018002b1ac     CookingUtils.obj
 0004:000011b8       $pdata$4$?Reduce@ReducedVertexCloud@physx@@QEAA_NPEAUREDUCEDCLOUD@2@@Z 000000018002b1b8     CookingUtils.obj
 0004:000011c4       $pdata$5$?Reduce@ReducedVertexCloud@physx@@QEAA_NPEAUREDUCEDCLOUD@2@@Z 000000018002b1c4     CookingUtils.obj
 0004:000011d0       $pdata$6$?Reduce@ReducedVertexCloud@physx@@QEAA_NPEAUREDUCEDCLOUD@2@@Z 000000018002b1d0     CookingUtils.obj
 0004:000011dc       $pdata$??1EdgeList@Gu@physx@@QEAA@XZ 000000018002b1dc     EdgeList.obj
 0004:000011e8       $pdata$?Load@EdgeList@Gu@physx@@QEAA_NAEAVPxInputStream@3@@Z 000000018002b1e8     EdgeList.obj
 0004:000011f4       $pdata$?Init@EdgeListBuilder@Gu@physx@@QEAA_NAEBUEDGELISTCREATE@23@@Z 000000018002b1f4     EdgeList.obj
 0004:00001200       $pdata$?CreateFacesToEdges@EdgeListBuilder@Gu@physx@@AEAA_NIPEBIPEBG@Z 000000018002b200     EdgeList.obj
 0004:0000120c       $pdata$4$?CreateFacesToEdges@EdgeListBuilder@Gu@physx@@AEAA_NIPEBIPEBG@Z 000000018002b20c     EdgeList.obj
 0004:00001218       $pdata$5$?CreateFacesToEdges@EdgeListBuilder@Gu@physx@@AEAA_NIPEBIPEBG@Z 000000018002b218     EdgeList.obj
 0004:00001224       $pdata$?CreateEdgesToFaces@EdgeListBuilder@Gu@physx@@AEAA_NIPEBIPEBG@Z 000000018002b224     EdgeList.obj
 0004:00001230       $pdata$?ComputeActiveEdges@EdgeListBuilder@Gu@physx@@AEAA_NIPEBIPEBGPEBVPxVec3@3@M@Z 000000018002b230     EdgeList.obj
 0004:0000123c       $pdata$0$?ComputeActiveEdges@EdgeListBuilder@Gu@physx@@AEAA_NIPEBIPEBGPEBVPxVec3@3@M@Z 000000018002b23c     EdgeList.obj
 0004:00001248       $pdata$1$?ComputeActiveEdges@EdgeListBuilder@Gu@physx@@AEAA_NIPEBIPEBGPEBVPxVec3@3@M@Z 000000018002b248     EdgeList.obj
 0004:00001254       $pdata$2$?ComputeActiveEdges@EdgeListBuilder@Gu@physx@@AEAA_NIPEBIPEBGPEBVPxVec3@3@M@Z 000000018002b254     EdgeList.obj
 0004:00001260       $pdata$6$?ComputeActiveEdges@EdgeListBuilder@Gu@physx@@AEAA_NIPEBIPEBGPEBVPxVec3@3@M@Z 000000018002b260     EdgeList.obj
 0004:0000126c       $pdata$16$?ComputeActiveEdges@EdgeListBuilder@Gu@physx@@AEAA_NIPEBIPEBGPEBVPxVec3@3@M@Z 000000018002b26c     EdgeList.obj
 0004:00001278       $pdata$17$?ComputeActiveEdges@EdgeListBuilder@Gu@physx@@AEAA_NIPEBIPEBGPEBVPxVec3@3@M@Z 000000018002b278     EdgeList.obj
 0004:00001284       $pdata$18$?ComputeActiveEdges@EdgeListBuilder@Gu@physx@@AEAA_NIPEBIPEBGPEBVPxVec3@3@M@Z 000000018002b284     EdgeList.obj
 0004:00001290       $pdata$??1InternalTriangleMeshBuilder@physx@@QEAA@XZ 000000018002b290     InternalTriangleMeshBuilder.obj
 0004:0000129c       $pdata$?cleanMesh@InternalTriangleMeshBuilder@physx@@QEAA_N_N@Z 000000018002b29c     InternalTriangleMeshBuilder.obj
 0004:000012a8       $pdata$0$?cleanMesh@InternalTriangleMeshBuilder@physx@@QEAA_N_N@Z 000000018002b2a8     InternalTriangleMeshBuilder.obj
 0004:000012b4       $pdata$1$?cleanMesh@InternalTriangleMeshBuilder@physx@@QEAA_N_N@Z 000000018002b2b4     InternalTriangleMeshBuilder.obj
 0004:000012c0       $pdata$2$?cleanMesh@InternalTriangleMeshBuilder@physx@@QEAA_N_N@Z 000000018002b2c0     InternalTriangleMeshBuilder.obj
 0004:000012cc       $pdata$5$?cleanMesh@InternalTriangleMeshBuilder@physx@@QEAA_N_N@Z 000000018002b2cc     InternalTriangleMeshBuilder.obj
 0004:000012d8       $pdata$6$?cleanMesh@InternalTriangleMeshBuilder@physx@@QEAA_N_N@Z 000000018002b2d8     InternalTriangleMeshBuilder.obj
 0004:000012e4       $pdata$7$?cleanMesh@InternalTriangleMeshBuilder@physx@@QEAA_N_N@Z 000000018002b2e4     InternalTriangleMeshBuilder.obj
 0004:000012f0       $pdata$8$?cleanMesh@InternalTriangleMeshBuilder@physx@@QEAA_N_N@Z 000000018002b2f0     InternalTriangleMeshBuilder.obj
 0004:000012fc       $pdata$9$?cleanMesh@InternalTriangleMeshBuilder@physx@@QEAA_N_N@Z 000000018002b2fc     InternalTriangleMeshBuilder.obj
 0004:00001308       $pdata$?fillRemapTable@InternalTriangleMeshBuilder@physx@@QEAAXXZ 000000018002b308     InternalTriangleMeshBuilder.obj
 0004:00001314       $pdata$0$?fillRemapTable@InternalTriangleMeshBuilder@physx@@QEAAXXZ 000000018002b314     InternalTriangleMeshBuilder.obj
 0004:00001320       $pdata$1$?fillRemapTable@InternalTriangleMeshBuilder@physx@@QEAAXXZ 000000018002b320     InternalTriangleMeshBuilder.obj
 0004:0000132c       $pdata$2$?fillRemapTable@InternalTriangleMeshBuilder@physx@@QEAAXXZ 000000018002b32c     InternalTriangleMeshBuilder.obj
 0004:00001338       $pdata$3$?fillRemapTable@InternalTriangleMeshBuilder@physx@@QEAAXXZ 000000018002b338     InternalTriangleMeshBuilder.obj
 0004:00001344       $pdata$?remapTopology@InternalTriangleMeshBuilder@physx@@QEAAXPEBI@Z 000000018002b344     InternalTriangleMeshBuilder.obj
 0004:00001350       $pdata$3$?remapTopology@InternalTriangleMeshBuilder@physx@@QEAAXPEBI@Z 000000018002b350     InternalTriangleMeshBuilder.obj
 0004:0000135c       $pdata$4$?remapTopology@InternalTriangleMeshBuilder@physx@@QEAAXPEBI@Z 000000018002b35c     InternalTriangleMeshBuilder.obj
 0004:00001368       $pdata$?createRTree@InternalTriangleMeshBuilder@physx@@QEAA_NXZ 000000018002b368     InternalTriangleMeshBuilder.obj
 0004:00001374       $pdata$?createSharedEdgeData@InternalTriangleMeshBuilder@physx@@QEAAX_N0@Z 000000018002b374     InternalTriangleMeshBuilder.obj
 0004:00001380       $pdata$0$?createSharedEdgeData@InternalTriangleMeshBuilder@physx@@QEAAX_N0@Z 000000018002b380     InternalTriangleMeshBuilder.obj
 0004:0000138c       $pdata$1$?createSharedEdgeData@InternalTriangleMeshBuilder@physx@@QEAAX_N0@Z 000000018002b38c     InternalTriangleMeshBuilder.obj
 0004:00001398       $pdata$?releaseEdgeList@InternalTriangleMeshBuilder@physx@@AEAAXXZ 000000018002b398     InternalTriangleMeshBuilder.obj
 0004:000013a4       $pdata$?createEdgeList@InternalTriangleMeshBuilder@physx@@AEAAXXZ 000000018002b3a4     InternalTriangleMeshBuilder.obj
 0004:000013b0       $pdata$??_GRTreeCookerRemap@@UEAAPEAXI@Z 000000018002b3b0     InternalTriangleMeshBuilder.obj
 0004:000013bc       $pdata$??_GRemapCallback@RTreeCooker@physx@@UEAAPEAXI@Z 000000018002b3bc     InternalTriangleMeshBuilder.obj
 0004:000013c8       $pdata$??0MeshCleaner@physx@@QEAA@IPEBVPxVec3@1@IPEBIM@Z 000000018002b3c8     MeshCleaner.obj
 0004:000013d4       $pdata$3$??0MeshCleaner@physx@@QEAA@IPEBVPxVec3@1@IPEBIM@Z 000000018002b3d4     MeshCleaner.obj
 0004:000013e0       $pdata$6$??0MeshCleaner@physx@@QEAA@IPEBVPxVec3@1@IPEBIM@Z 000000018002b3e0     MeshCleaner.obj
 0004:000013ec       $pdata$8$??0MeshCleaner@physx@@QEAA@IPEBVPxVec3@1@IPEBIM@Z 000000018002b3ec     MeshCleaner.obj
 0004:000013f8       $pdata$9$??0MeshCleaner@physx@@QEAA@IPEBVPxVec3@1@IPEBIM@Z 000000018002b3f8     MeshCleaner.obj
 0004:00001404       $pdata$10$??0MeshCleaner@physx@@QEAA@IPEBVPxVec3@1@IPEBIM@Z 000000018002b404     MeshCleaner.obj
 0004:00001410       $pdata$11$??0MeshCleaner@physx@@QEAA@IPEBVPxVec3@1@IPEBIM@Z 000000018002b410     MeshCleaner.obj
 0004:0000141c       $pdata$12$??0MeshCleaner@physx@@QEAA@IPEBVPxVec3@1@IPEBIM@Z 000000018002b41c     MeshCleaner.obj
 0004:00001428       $pdata$13$??0MeshCleaner@physx@@QEAA@IPEBVPxVec3@1@IPEBIM@Z 000000018002b428     MeshCleaner.obj
 0004:00001434       $pdata$14$??0MeshCleaner@physx@@QEAA@IPEBVPxVec3@1@IPEBIM@Z 000000018002b434     MeshCleaner.obj
 0004:00001440       $pdata$15$??0MeshCleaner@physx@@QEAA@IPEBVPxVec3@1@IPEBIM@Z 000000018002b440     MeshCleaner.obj
 0004:0000144c       $pdata$??1MeshCleaner@physx@@QEAA@XZ 000000018002b44c     MeshCleaner.obj
 0004:00001464       $pdata$?DloadAcquireSectionWriteAccess@@YAXXZ 000000018002b464     delayimp:delayhlp.obj
 0004:00001470       $pdata$?DloadGetSRWLockFunctionPointers@@YAEXZ 000000018002b470     delayimp:delayhlp.obj
 0004:0000147c       $pdata$?DloadLock@@YAXXZ   000000018002b47c     delayimp:delayhlp.obj
 0004:00001488       $pdata$?DloadMakePermanentImageCommit@@YAXPEAX_K@Z 000000018002b488     delayimp:delayhlp.obj
 0004:00001494       $pdata$?DloadObtainSection@@YAPEAXPEAK0@Z 000000018002b494     delayimp:delayhlp.obj
 0004:000014a0       $pdata$?DloadProtectSection@@YAXKPEAK@Z 000000018002b4a0     delayimp:delayhlp.obj
 0004:000014ac       $pdata$?DloadReleaseSectionWriteAccess@@YAXXZ 000000018002b4ac     delayimp:delayhlp.obj
 0004:000014b8       $pdata$?DloadUnlock@@YAXXZ 000000018002b4b8     delayimp:delayhlp.obj
 0004:000014c4       $pdata$?PiddFromDllName@@YAPEBUImgDelayDescr@@PEBD@Z 000000018002b4c4     delayimp:delayhlp.obj
 0004:000014d0       $pdata$__FUnloadDelayLoadedDLL2 000000018002b4d0     delayimp:delayhlp.obj
 0004:000014dc       $pdata$__HrLoadAllImportsForDll 000000018002b4dc     delayimp:delayhlp.obj
 0004:000014e8       $pdata$__delayLoadHelper2  000000018002b4e8     delayimp:delayhlp.obj
 0004:00001500       $pdata$??_Gtype_info@@UEAAPEAXI@Z 000000018002b500     MSVCRT:std_type_info_static.obj
 0004:0000150c       $pdata$?dllmain_crt_dispatch@@YAHQEAUHINSTANCE__@@KQEAX@Z 000000018002b50c     MSVCRT:dll_dllmain.obj
 0004:00001518       $pdata$?dllmain_crt_process_attach@@YAHQEAUHINSTANCE__@@QEAX@Z 000000018002b518     MSVCRT:dll_dllmain.obj
 0004:00001524       $pdata$?dllmain_crt_process_detach@@YAH_N@Z 000000018002b524     MSVCRT:dll_dllmain.obj
 0004:00001530       $pdata$?dllmain_dispatch@@YAHQEAUHINSTANCE__@@KQEAX@Z 000000018002b530     MSVCRT:dll_dllmain.obj
 0004:0000153c       $pdata$?dllmain_raw@@YAHQEAUHINSTANCE__@@KQEAX@Z 000000018002b53c     MSVCRT:dll_dllmain.obj
 0004:00001548       $pdata$_DllMainCRTStartup  000000018002b548     MSVCRT:dll_dllmain.obj
 0004:00001554       $pdata$??2@YAPEAX_K@Z      000000018002b554     MSVCRT:new_scalar.obj
 0004:00001560       $pdata$?configure_argv@__scrt_narrow_argv_policy@@SAHXZ 000000018002b560     MSVCRT:utility.obj
 0004:0000156c       $pdata$__scrt_acquire_startup_lock 000000018002b56c     MSVCRT:utility.obj
 0004:00001578       $pdata$__scrt_dllmain_after_initialize_c 000000018002b578     MSVCRT:utility.obj
 0004:00001584       $pdata$__scrt_dllmain_before_initialize_c 000000018002b584     MSVCRT:utility.obj
 0004:00001590       $pdata$__scrt_dllmain_crt_thread_attach 000000018002b590     MSVCRT:utility.obj
 0004:0000159c       $pdata$__scrt_dllmain_crt_thread_detach 000000018002b59c     MSVCRT:utility.obj
 0004:000015a8       $pdata$__scrt_dllmain_exception_filter 000000018002b5a8     MSVCRT:utility.obj
 0004:000015b4       $pdata$__scrt_dllmain_uninitialize_c 000000018002b5b4     MSVCRT:utility.obj
 0004:000015c0       $pdata$__scrt_dllmain_uninitialize_critical 000000018002b5c0     MSVCRT:utility.obj
 0004:000015cc       $pdata$__scrt_initialize_crt 000000018002b5cc     MSVCRT:utility.obj
 0004:000015d8       $pdata$__scrt_initialize_onexit_tables 000000018002b5d8     MSVCRT:utility.obj
 0004:000015e4       $pdata$__scrt_is_nonwritable_in_current_image 000000018002b5e4     MSVCRT:utility.obj
 0004:000015f0       $pdata$__scrt_release_startup_lock 000000018002b5f0     MSVCRT:utility.obj
 0004:000015fc       $pdata$__scrt_uninitialize_crt 000000018002b5fc     MSVCRT:utility.obj
 0004:00001608       $pdata$_onexit             000000018002b608     MSVCRT:utility.obj
 0004:00001614       $pdata$atexit              000000018002b614     MSVCRT:utility.obj
 0004:00001620       $pdata$__security_init_cookie 000000018002b620     MSVCRT:gs_support.obj
 0004:0000162c       $pdata$DllMain             000000018002b62c     MSVCRT:dll_dllmain_stub.obj
 0004:00001638       $pdata$__scrt_initialize_default_local_stdio_options 000000018002b638     MSVCRT:default_local_stdio_options.obj
 0004:00001644       $pdata$__scrt_fastfail     000000018002b644     MSVCRT:utility_desktop.obj
 0004:00001650       $pdata$__scrt_get_show_window_mode 000000018002b650     MSVCRT:utility_desktop.obj
 0004:0000165c       $pdata$__scrt_is_managed_app 000000018002b65c     MSVCRT:utility_desktop.obj
 0004:00001668       $pdata$__scrt_unhandled_exception_filter 000000018002b668     MSVCRT:utility_desktop.obj
 0004:00001674       $pdata$_RTC_Initialize     000000018002b674     MSVCRT:_initsect_.obj
 0004:00001680       $pdata$_RTC_Terminate      000000018002b680     MSVCRT:_initsect_.obj
 0004:0000168c       $pdata$??0bad_alloc@std@@QEAA@AEBV01@@Z 000000018002b68c     MSVCRT:throw_bad_alloc.obj
 0004:00001698       $pdata$??0bad_array_new_length@std@@QEAA@AEBV01@@Z 000000018002b698     MSVCRT:throw_bad_alloc.obj
 0004:000016a4       $pdata$??0exception@std@@QEAA@AEBV01@@Z 000000018002b6a4     MSVCRT:throw_bad_alloc.obj
 0004:000016b0       $pdata$??_Gbad_alloc@std@@UEAAPEAXI@Z 000000018002b6b0     MSVCRT:throw_bad_alloc.obj
 0004:000016bc       $pdata$??_Gbad_array_new_length@std@@UEAAPEAXI@Z 000000018002b6bc     MSVCRT:throw_bad_alloc.obj
 0004:000016c8       $pdata$??_Gexception@std@@UEAAPEAXI@Z 000000018002b6c8     MSVCRT:throw_bad_alloc.obj
 0004:000016d4       $pdata$?__scrt_throw_std_bad_alloc@@YAXXZ 000000018002b6d4     MSVCRT:throw_bad_alloc.obj
 0004:000016e0       $pdata$?__scrt_throw_std_bad_array_new_length@@YAXXZ 000000018002b6e0     MSVCRT:throw_bad_alloc.obj
 0004:000016ec       $pdata$__isa_available_init 000000018002b6ec     MSVCRT:_cpu_disp_.obj
 0004:00001704       $pdata$?fin$0@?0??dllmain_crt_process_attach@@YAHQEAUHINSTANCE__@@QEAX@Z@4HA 000000018002b704     MSVCRT:dll_dllmain.obj
 0004:00001710       $pdata$?fin$0@?0??dllmain_crt_process_detach@@YAH_N@Z@4HA 000000018002b710     MSVCRT:dll_dllmain.obj
 0004:0000171c       $pdata$?filt$0@?0??dllmain_dispatch@@YAHQEAUHINSTANCE__@@KQEAX@Z@4HA 000000018002b71c     MSVCRT:dll_dllmain.obj
 0004:00001728       $pdata$__scrt_is_nonwritable_in_current_image$filt$0 000000018002b728     MSVCRT:utility.obj
 0005:00000000       __guard_fids__             000000018002c000     MSVCRT:std_type_info_static.obj
 0005:00000004       __guard_fids_?dllmain_crt_process_attach@@YAHQEAUHINSTANCE__@@QEAX@Z 000000018002c004     MSVCRT:dll_dllmain.obj
 0005:0000000c       __guard_fids_?dllmain_dispatch@@YAHQEAUHINSTANCE__@@KQEAX@Z 000000018002c00c     MSVCRT:dll_dllmain.obj
 0005:00000010       __guard_fids__             000000018002c010     MSVCRT:guard_support.obj
 0005:00000014       __guard_fids__guard_icall_checks_enforced 000000018002c014     MSVCRT:guard_support.obj
 0005:00000018       __guard_fids___scrt_set_unhandled_exception_filter 000000018002c018     MSVCRT:utility_desktop.obj
 0005:0000001c       __guard_fids__             000000018002c01c     MSVCRT:throw_bad_alloc.obj
 0005:00000024       __guard_fids__             000000018002c024     MSVCRT:throw_bad_alloc.obj
 0005:0000002c       __guard_fids__             000000018002c02c     MSVCRT:throw_bad_alloc.obj
 0006:000000a0       $R000000                   000000018002d0a0     PhysX3Cooking.res
 0006:000003d8       $R000338                   000000018002d3d8     PhysX3Cooking.res
